Archive member included to satisfy reference by file (symbol)

/opt/st/stm32cubeide_1.10.0/plugins/com.st.stm32cube.ide.mcu.externaltools.gnu-tools-for-stm32.10.3-2021.10.linux64_1.0.0.202111181127/tools/bin/../lib/gcc/arm-none-eabi/10.3.1/../../../../arm-none-eabi/lib/thumb/v7e-m+fp/hard/libc_nano.a(lib_a-errno.o)
                              ./Core/Src/syscalls.o (__errno)
/opt/st/stm32cubeide_1.10.0/plugins/com.st.stm32cube.ide.mcu.externaltools.gnu-tools-for-stm32.10.3-2021.10.linux64_1.0.0.202111181127/tools/bin/../lib/gcc/arm-none-eabi/10.3.1/../../../../arm-none-eabi/lib/thumb/v7e-m+fp/hard/libc_nano.a(lib_a-exit.o)
                              /opt/st/stm32cubeide_1.10.0/plugins/com.st.stm32cube.ide.mcu.externaltools.gnu-tools-for-stm32.10.3-2021.10.linux64_1.0.0.202111181127/tools/bin/../lib/gcc/arm-none-eabi/10.3.1/../../../../arm-none-eabi/lib/thumb/v7e-m+fp/hard/crt0.o (exit)
/opt/st/stm32cubeide_1.10.0/plugins/com.st.stm32cube.ide.mcu.externaltools.gnu-tools-for-stm32.10.3-2021.10.linux64_1.0.0.202111181127/tools/bin/../lib/gcc/arm-none-eabi/10.3.1/../../../../arm-none-eabi/lib/thumb/v7e-m+fp/hard/libc_nano.a(lib_a-impure.o)
                              /opt/st/stm32cubeide_1.10.0/plugins/com.st.stm32cube.ide.mcu.externaltools.gnu-tools-for-stm32.10.3-2021.10.linux64_1.0.0.202111181127/tools/bin/../lib/gcc/arm-none-eabi/10.3.1/../../../../arm-none-eabi/lib/thumb/v7e-m+fp/hard/libc_nano.a(lib_a-exit.o) (_global_impure_ptr)
/opt/st/stm32cubeide_1.10.0/plugins/com.st.stm32cube.ide.mcu.externaltools.gnu-tools-for-stm32.10.3-2021.10.linux64_1.0.0.202111181127/tools/bin/../lib/gcc/arm-none-eabi/10.3.1/../../../../arm-none-eabi/lib/thumb/v7e-m+fp/hard/libc_nano.a(lib_a-init.o)
                              /opt/st/stm32cubeide_1.10.0/plugins/com.st.stm32cube.ide.mcu.externaltools.gnu-tools-for-stm32.10.3-2021.10.linux64_1.0.0.202111181127/tools/bin/../lib/gcc/arm-none-eabi/10.3.1/../../../../arm-none-eabi/lib/thumb/v7e-m+fp/hard/crt0.o (__libc_init_array)
/opt/st/stm32cubeide_1.10.0/plugins/com.st.stm32cube.ide.mcu.externaltools.gnu-tools-for-stm32.10.3-2021.10.linux64_1.0.0.202111181127/tools/bin/../lib/gcc/arm-none-eabi/10.3.1/../../../../arm-none-eabi/lib/thumb/v7e-m+fp/hard/libc_nano.a(lib_a-memcpy-stub.o)
                              ./Middlewares/FreeRTOS/cmsis_os2.o (memcpy)
/opt/st/stm32cubeide_1.10.0/plugins/com.st.stm32cube.ide.mcu.externaltools.gnu-tools-for-stm32.10.3-2021.10.linux64_1.0.0.202111181127/tools/bin/../lib/gcc/arm-none-eabi/10.3.1/../../../../arm-none-eabi/lib/thumb/v7e-m+fp/hard/libc_nano.a(lib_a-memset.o)
                              /opt/st/stm32cubeide_1.10.0/plugins/com.st.stm32cube.ide.mcu.externaltools.gnu-tools-for-stm32.10.3-2021.10.linux64_1.0.0.202111181127/tools/bin/../lib/gcc/arm-none-eabi/10.3.1/../../../../arm-none-eabi/lib/thumb/v7e-m+fp/hard/crt0.o (memset)
/opt/st/stm32cubeide_1.10.0/plugins/com.st.stm32cube.ide.mcu.externaltools.gnu-tools-for-stm32.10.3-2021.10.linux64_1.0.0.202111181127/tools/bin/../lib/gcc/arm-none-eabi/10.3.1/thumb/v7e-m+fp/hard/libgcc.a(_aeabi_uldivmod.o)
                              ./Drivers/STM32F4xx_HAL_Driver/stm32f4xx_hal_rcc.o (__aeabi_uldivmod)
/opt/st/stm32cubeide_1.10.0/plugins/com.st.stm32cube.ide.mcu.externaltools.gnu-tools-for-stm32.10.3-2021.10.linux64_1.0.0.202111181127/tools/bin/../lib/gcc/arm-none-eabi/10.3.1/thumb/v7e-m+fp/hard/libgcc.a(_udivmoddi4.o)
                              /opt/st/stm32cubeide_1.10.0/plugins/com.st.stm32cube.ide.mcu.externaltools.gnu-tools-for-stm32.10.3-2021.10.linux64_1.0.0.202111181127/tools/bin/../lib/gcc/arm-none-eabi/10.3.1/thumb/v7e-m+fp/hard/libgcc.a(_aeabi_uldivmod.o) (__udivmoddi4)
/opt/st/stm32cubeide_1.10.0/plugins/com.st.stm32cube.ide.mcu.externaltools.gnu-tools-for-stm32.10.3-2021.10.linux64_1.0.0.202111181127/tools/bin/../lib/gcc/arm-none-eabi/10.3.1/thumb/v7e-m+fp/hard/libgcc.a(_dvmd_tls.o)
                              /opt/st/stm32cubeide_1.10.0/plugins/com.st.stm32cube.ide.mcu.externaltools.gnu-tools-for-stm32.10.3-2021.10.linux64_1.0.0.202111181127/tools/bin/../lib/gcc/arm-none-eabi/10.3.1/thumb/v7e-m+fp/hard/libgcc.a(_aeabi_uldivmod.o) (__aeabi_ldiv0)

Discarded input sections

 .text          0x0000000000000000        0x0 /opt/st/stm32cubeide_1.10.0/plugins/com.st.stm32cube.ide.mcu.externaltools.gnu-tools-for-stm32.10.3-2021.10.linux64_1.0.0.202111181127/tools/bin/../lib/gcc/arm-none-eabi/10.3.1/thumb/v7e-m+fp/hard/crti.o
 .data          0x0000000000000000        0x0 /opt/st/stm32cubeide_1.10.0/plugins/com.st.stm32cube.ide.mcu.externaltools.gnu-tools-for-stm32.10.3-2021.10.linux64_1.0.0.202111181127/tools/bin/../lib/gcc/arm-none-eabi/10.3.1/thumb/v7e-m+fp/hard/crti.o
 .bss           0x0000000000000000        0x0 /opt/st/stm32cubeide_1.10.0/plugins/com.st.stm32cube.ide.mcu.externaltools.gnu-tools-for-stm32.10.3-2021.10.linux64_1.0.0.202111181127/tools/bin/../lib/gcc/arm-none-eabi/10.3.1/thumb/v7e-m+fp/hard/crti.o
[...]
Memory Configuration

Name             Origin             Length             Attributes
RAM              0x0000000020000000 0x0000000000018000 xrw
FLASH            0x0000000008000000 0x0000000000080000 xr
*default*        0x0000000000000000 0xffffffffffffffff

Linker script and memory map

LOAD /opt/st/stm32cubeide_1.10.0/plugins/com.st.stm32cube.ide.mcu.externaltools.gnu-tools-for-stm32.10.3-2021.10.linux64_1.0.0.202111181127/tools/bin/../lib/gcc/arm-none-eabi/10.3.1/thumb/v7e-m+fp/hard/crti.o
LOAD /opt/st/stm32cubeide_1.10.0/plugins/com.st.stm32cube.ide.mcu.externaltools.gnu-tools-for-stm32.10.3-2021.10.linux64_1.0.0.202111181127/tools/bin/../lib/gcc/arm-none-eabi/10.3.1/thumb/v7e-m+fp/hard/crtbegin.o
LOAD /opt/st/stm32cubeide_1.10.0/plugins/com.st.stm32cube.ide.mcu.externaltools.gnu-tools-for-stm32.10.3-2021.10.linux64_1.0.0.202111181127/tools/bin/../lib/gcc/arm-none-eabi/10.3.1/../../../../arm-none-eabi/lib/thumb/v7e-m+fp/hard/crt0.o
LOAD ./Core/Src/freertos.o
LOAD ./Core/Src/lcd.o
LOAD ./Core/Src/main.o
LOAD ./Core/Src/stm32f4xx_hal_msp.o
LOAD ./Core/Src/stm32f4xx_it.o
LOAD ./Core/Src/syscalls.o
LOAD ./Core/Src/sysmem.o
LOAD ./Core/Src/system_stm32f4xx.o
LOAD ./Core/Startup/startup_stm32f401retx.o
LOAD ./Drivers/STM32F4xx_HAL_Driver/stm32f4xx_hal.o
LOAD ./Drivers/STM32F4xx_HAL_Driver/stm32f4xx_hal_cortex.o
LOAD ./Drivers/STM32F4xx_HAL_Driver/stm32f4xx_hal_dma.o
LOAD ./Drivers/STM32F4xx_HAL_Driver/stm32f4xx_hal_dma_ex.o
LOAD ./Drivers/STM32F4xx_HAL_Driver/stm32f4xx_hal_exti.o
LOAD ./Drivers/STM32F4xx_HAL_Driver/stm32f4xx_hal_flash.o
LOAD ./Drivers/STM32F4xx_HAL_Driver/stm32f4xx_hal_flash_ex.o
LOAD ./Drivers/STM32F4xx_HAL_Driver/stm32f4xx_hal_flash_ramfunc.o
LOAD ./Drivers/STM32F4xx_HAL_Driver/stm32f4xx_hal_gpio.o
LOAD ./Drivers/STM32F4xx_HAL_Driver/stm32f4xx_hal_pwr.o
LOAD ./Drivers/STM32F4xx_HAL_Driver/stm32f4xx_hal_pwr_ex.o
LOAD ./Drivers/STM32F4xx_HAL_Driver/stm32f4xx_hal_rcc.o
LOAD ./Drivers/STM32F4xx_HAL_Driver/stm32f4xx_hal_rcc_ex.o
LOAD ./Drivers/STM32F4xx_HAL_Driver/stm32f4xx_hal_tim.o
LOAD ./Drivers/STM32F4xx_HAL_Driver/stm32f4xx_hal_tim_ex.o
LOAD ./Drivers/STM32F4xx_HAL_Driver/stm32f4xx_hal_uart.o
LOAD ./Middlewares/FreeRTOS/cmsis_os2.o
LOAD ./Middlewares/FreeRTOS/croutine.o
LOAD ./Middlewares/FreeRTOS/event_groups.o
LOAD ./Middlewares/FreeRTOS/heap_4.o
LOAD ./Middlewares/FreeRTOS/list.o
LOAD ./Middlewares/FreeRTOS/port.o
LOAD ./Middlewares/FreeRTOS/queue.o
LOAD ./Middlewares/FreeRTOS/stream_buffer.o
LOAD ./Middlewares/FreeRTOS/tasks.o
LOAD ./Middlewares/FreeRTOS/timers.o
START GROUP
LOAD /opt/st/stm32cubeide_1.10.0/plugins/com.st.stm32cube.ide.mcu.externaltools.gnu-tools-for-stm32.10.3-2021.10.linux64_1.0.0.202111181127/tools/bin/../lib/gcc/arm-none-eabi/10.3.1/../../../../arm-none-eabi/lib/thumb/v7e-m+fp/hard/libc_nano.a
LOAD /opt/st/stm32cubeide_1.10.0/plugins/com.st.stm32cube.ide.mcu.externaltools.gnu-tools-for-stm32.10.3-2021.10.linux64_1.0.0.202111181127/tools/bin/../lib/gcc/arm-none-eabi/10.3.1/../../../../arm-none-eabi/lib/thumb/v7e-m+fp/hard/libm.a
END GROUP
START GROUP
LOAD /opt/st/stm32cubeide_1.10.0/plugins/com.st.stm32cube.ide.mcu.externaltools.gnu-tools-for-stm32.10.3-2021.10.linux64_1.0.0.202111181127/tools/bin/../lib/gcc/arm-none-eabi/10.3.1/thumb/v7e-m+fp/hard/libgcc.a
LOAD /opt/st/stm32cubeide_1.10.0/plugins/com.st.stm32cube.ide.mcu.externaltools.gnu-tools-for-stm32.10.3-2021.10.linux64_1.0.0.202111181127/tools/bin/../lib/gcc/arm-none-eabi/10.3.1/../../../../arm-none-eabi/lib/thumb/v7e-m+fp/hard/libc_nano.a
END GROUP
START GROUP
LOAD /opt/st/stm32cubeide_1.10.0/plugins/com.st.stm32cube.ide.mcu.externaltools.gnu-tools-for-stm32.10.3-2021.10.linux64_1.0.0.202111181127/tools/bin/../lib/gcc/arm-none-eabi/10.3.1/thumb/v7e-m+fp/hard/libgcc.a
LOAD /opt/st/stm32cubeide_1.10.0/plugins/com.st.stm32cube.ide.mcu.externaltools.gnu-tools-for-stm32.10.3-2021.10.linux64_1.0.0.202111181127/tools/bin/../lib/gcc/arm-none-eabi/10.3.1/../../../../arm-none-eabi/lib/thumb/v7e-m+fp/hard/libc_nano.a
LOAD /opt/st/stm32cubeide_1.10.0/plugins/com.st.stm32cube.ide.mcu.externaltools.gnu-tools-for-stm32.10.3-2021.10.linux64_1.0.0.202111181127/tools/bin/../lib/gcc/arm-none-eabi/10.3.1/../../../../arm-none-eabi/lib/thumb/v7e-m+fp/hard/libnosys.a
END GROUP
START GROUP
LOAD /opt/st/stm32cubeide_1.10.0/plugins/com.st.stm32cube.ide.mcu.externaltools.gnu-tools-for-stm32.10.3-2021.10.linux64_1.0.0.202111181127/tools/bin/../lib/gcc/arm-none-eabi/10.3.1/thumb/v7e-m+fp/hard/libgcc.a
LOAD /opt/st/stm32cubeide_1.10.0/plugins/com.st.stm32cube.ide.mcu.externaltools.gnu-tools-for-stm32.10.3-2021.10.linux64_1.0.0.202111181127/tools/bin/../lib/gcc/arm-none-eabi/10.3.1/../../../../arm-none-eabi/lib/thumb/v7e-m+fp/hard/libc_nano.a
LOAD /opt/st/stm32cubeide_1.10.0/plugins/com.st.stm32cube.ide.mcu.externaltools.gnu-tools-for-stm32.10.3-2021.10.linux64_1.0.0.202111181127/tools/bin/../lib/gcc/arm-none-eabi/10.3.1/../../../../arm-none-eabi/lib/thumb/v7e-m+fp/hard/libnosys.a
END GROUP
LOAD /opt/st/stm32cubeide_1.10.0/plugins/com.st.stm32cube.ide.mcu.externaltools.gnu-tools-for-stm32.10.3-2021.10.linux64_1.0.0.202111181127/tools/bin/../lib/gcc/arm-none-eabi/10.3.1/thumb/v7e-m+fp/hard/crtend.o
LOAD /opt/st/stm32cubeide_1.10.0/plugins/com.st.stm32cube.ide.mcu.externaltools.gnu-tools-for-stm32.10.3-2021.10.linux64_1.0.0.202111181127/tools/bin/../lib/gcc/arm-none-eabi/10.3.1/thumb/v7e-m+fp/hard/crtn.o
                0x0000000020018000                _estack = (ORIGIN (RAM) + LENGTH (RAM))
                0x0000000000000200                _Min_Heap_Size = 0x200
                0x0000000000000400                _Min_Stack_Size = 0x400

.isr_vector     0x0000000008000000      0x194
                0x0000000008000000                . = ALIGN (0x4)
 *(.isr_vector)
 .isr_vector    0x0000000008000000      0x194 ./Core/Startup/startup_stm32f401retx.o
                0x0000000008000000                g_pfnVectors
                0x0000000008000194                . = ALIGN (0x4)

.text           0x00000000080001a0     0x4cc4
                0x00000000080001a0                . = ALIGN (0x4)
 *(.text)
 .text          0x00000000080001a0       0x40 /opt/st/stm32cubeide_1.10.0/plugins/com.st.stm32cube.ide.mcu.externaltools.gnu-tools-for-stm32.10.3-2021.10.linux64_1.0.0.202111181127/tools/bin/../lib/gcc/arm-none-eabi/10.3.1/thumb/v7e-m+fp/hard/crtbegin.o
 .text          0x00000000080001e0       0x30 /opt/st/stm32cubeide_1.10.0/plugins/com.st.stm32cube.ide.mcu.externaltools.gnu-tools-for-stm32.10.3-2021.10.linux64_1.0.0.202111181127/tools/bin/../lib/gcc/arm-none-eabi/10.3.1/thumb/v7e-m+fp/hard/libgcc.a(_aeabi_uldivmod.o)
                0x00000000080001e0                __aeabi_uldivmod
 .text          0x0000000008000210      0x2d0 /opt/st/stm32cubeide_1.10.0/plugins/com.st.stm32cube.ide.mcu.externaltools.gnu-tools-for-stm32.10.3-2021.10.linux64_1.0.0.202111181127/tools/bin/../lib/gcc/arm-none-eabi/10.3.1/thumb/v7e-m+fp/hard/libgcc.a(_udivmoddi4.o)
                0x0000000008000210                __udivmoddi4
 .text          0x00000000080004e0        0x4 /opt/st/stm32cubeide_1.10.0/plugins/com.st.stm32cube.ide.mcu.externaltools.gnu-tools-for-stm32.10.3-2021.10.linux64_1.0.0.202111181127/tools/bin/../lib/gcc/arm-none-eabi/10.3.1/thumb/v7e-m+fp/hard/libgcc.a(_dvmd_tls.o)
                0x00000000080004e0                __aeabi_ldiv0
                0x00000000080004e0                __aeabi_idiv0
 *(.text*)
 .text.lcd_begin
                0x00000000080004e4      0x106 ./Core/Src/lcd.o
                0x00000000080004e4                lcd_begin
 .text.lcd_clear
                0x00000000080005ea       0x18 ./Core/Src/lcd.o
                0x00000000080005ea                lcd_clear
 .text.lcd_home
                0x0000000008000602       0x1e ./Core/Src/lcd.o
                0x0000000008000602                lcd_home
 .text.lcd_display
                0x0000000008000620       0x36 ./Core/Src/lcd.o
                0x0000000008000620                lcd_display
 .text.lcd_blink
                0x0000000008000656       0x36 ./Core/Src/lcd.o
                0x0000000008000656                lcd_blink
 .text.lcd_setCursor
                0x000000000800068c       0x64 ./Core/Src/lcd.o
                0x000000000800068c                lcd_setCursor
 .text.lcd_print
                0x00000000080006f0       0x2e ./Core/Src/lcd.o
                0x00000000080006f0                lcd_print
 .text.lcd_setRowOffsets
                0x000000000800071e       0x42 ./Core/Src/lcd.o
 .text.lcd_send
                0x0000000008000760       0xb8 ./Core/Src/lcd.o
 .text.lcd_sendData
                0x0000000008000818       0x3a ./Core/Src/lcd.o
 .text.lcd_sendCmd
                0x0000000008000852       0x3a ./Core/Src/lcd.o
 .text.delay_us
                0x000000000800088c       0x48 ./Core/Src/lcd.o
 .text.main     0x00000000080008d4      0x108 ./Core/Src/main.o
                0x00000000080008d4                main
 .text.SystemClock_Config
                0x00000000080009dc       0xd8 ./Core/Src/main.o
                0x00000000080009dc                SystemClock_Config
 .text.MX_USART2_UART_Init
                0x0000000008000ab4       0x54 ./Core/Src/main.o
 .text.MX_GPIO_Init
                0x0000000008000b08      0x10c ./Core/Src/main.o
 .text.StartDefaultTask
                0x0000000008000c14       0x10 ./Core/Src/main.o
                0x0000000008000c14                StartDefaultTask
 .text.WritteLCD
                0x0000000008000c24       0x10 ./Core/Src/main.o
                0x0000000008000c24                WritteLCD
 .text.Error_Handler
                0x0000000008000c34        0xa ./Core/Src/main.o
                0x0000000008000c34                Error_Handler
 *fill*         0x0000000008000c3e        0x2 
 .text.HAL_MspInit
                0x0000000008000c40       0x58 ./Core/Src/stm32f4xx_hal_msp.o
                0x0000000008000c40                HAL_MspInit
 .text.HAL_UART_MspInit
                0x0000000008000c98       0x90 ./Core/Src/stm32f4xx_hal_msp.o
                0x0000000008000c98                HAL_UART_MspInit
 .text.NMI_Handler
                0x0000000008000d28        0x6 ./Core/Src/stm32f4xx_it.o
                0x0000000008000d28                NMI_Handler
 .text.HardFault_Handler
                0x0000000008000d2e        0x6 ./Core/Src/stm32f4xx_it.o
                0x0000000008000d2e                HardFault_Handler
 .text.MemManage_Handler
                0x0000000008000d34        0x6 ./Core/Src/stm32f4xx_it.o
                0x0000000008000d34                MemManage_Handler
 .text.BusFault_Handler
                0x0000000008000d3a        0x6 ./Core/Src/stm32f4xx_it.o
                0x0000000008000d3a                BusFault_Handler
 .text.UsageFault_Handler
                0x0000000008000d40        0x6 ./Core/Src/stm32f4xx_it.o
                0x0000000008000d40                UsageFault_Handler
 .text.DebugMon_Handler
                0x0000000008000d46        0xe ./Core/Src/stm32f4xx_it.o
                0x0000000008000d46                DebugMon_Handler
 .text.SysTick_Handler
                0x0000000008000d54       0x1a ./Core/Src/stm32f4xx_it.o
                0x0000000008000d54                SysTick_Handler
 *fill*         0x0000000008000d6e        0x2 
 .text.SystemInit
                0x0000000008000d70       0x24 ./Core/Src/system_stm32f4xx.o
                0x0000000008000d70                SystemInit
 .text.Reset_Handler
                0x0000000008000d94       0x50 ./Core/Startup/startup_stm32f401retx.o
                0x0000000008000d94                Reset_Handler
 .text.Default_Handler
                0x0000000008000de4        0x2 ./Core/Startup/startup_stm32f401retx.o
                0x0000000008000de4                RTC_Alarm_IRQHandler
                0x0000000008000de4                EXTI2_IRQHandler
                0x0000000008000de4                SPI4_IRQHandler
                0x0000000008000de4                TIM1_CC_IRQHandler
                0x0000000008000de4                DMA2_Stream5_IRQHandler
                0x0000000008000de4                DMA1_Stream5_IRQHandler
                0x0000000008000de4                PVD_IRQHandler
                0x0000000008000de4                SDIO_IRQHandler
                0x0000000008000de4                TAMP_STAMP_IRQHandler
                0x0000000008000de4                EXTI3_IRQHandler
                0x0000000008000de4                TIM1_UP_TIM10_IRQHandler
                0x0000000008000de4                I2C3_ER_IRQHandler
                0x0000000008000de4                EXTI0_IRQHandler
                0x0000000008000de4                I2C2_EV_IRQHandler
                0x0000000008000de4                DMA1_Stream2_IRQHandler
                0x0000000008000de4                FPU_IRQHandler
                0x0000000008000de4                DMA2_Stream2_IRQHandler
                0x0000000008000de4                SPI1_IRQHandler
                0x0000000008000de4                TIM1_BRK_TIM9_IRQHandler
                0x0000000008000de4                DMA2_Stream3_IRQHandler
                0x0000000008000de4                USART6_IRQHandler
                0x0000000008000de4                DMA2_Stream0_IRQHandler
                0x0000000008000de4                TIM4_IRQHandler
                0x0000000008000de4                I2C1_EV_IRQHandler
                0x0000000008000de4                DMA1_Stream6_IRQHandler
                0x0000000008000de4                DMA1_Stream1_IRQHandler
                0x0000000008000de4                TIM3_IRQHandler
                0x0000000008000de4                RCC_IRQHandler
                0x0000000008000de4                Default_Handler
                0x0000000008000de4                EXTI15_10_IRQHandler
                0x0000000008000de4                ADC_IRQHandler
                0x0000000008000de4                DMA1_Stream7_IRQHandler
                0x0000000008000de4                TIM5_IRQHandler
                0x0000000008000de4                DMA2_Stream7_IRQHandler
                0x0000000008000de4                I2C3_EV_IRQHandler
                0x0000000008000de4                EXTI9_5_IRQHandler
                0x0000000008000de4                RTC_WKUP_IRQHandler
                0x0000000008000de4                SPI2_IRQHandler
                0x0000000008000de4                DMA1_Stream0_IRQHandler
                0x0000000008000de4                EXTI4_IRQHandler
                0x0000000008000de4                WWDG_IRQHandler
                0x0000000008000de4                TIM2_IRQHandler
                0x0000000008000de4                OTG_FS_WKUP_IRQHandler
                0x0000000008000de4                TIM1_TRG_COM_TIM11_IRQHandler
                0x0000000008000de4                EXTI1_IRQHandler
                0x0000000008000de4                USART2_IRQHandler
                0x0000000008000de4                I2C2_ER_IRQHandler
                0x0000000008000de4                DMA2_Stream1_IRQHandler
                0x0000000008000de4                FLASH_IRQHandler
                0x0000000008000de4                DMA2_Stream4_IRQHandler
                0x0000000008000de4                USART1_IRQHandler
                0x0000000008000de4                OTG_FS_IRQHandler
                0x0000000008000de4                SPI3_IRQHandler
                0x0000000008000de4                DMA1_Stream4_IRQHandler
                0x0000000008000de4                I2C1_ER_IRQHandler
                0x0000000008000de4                DMA2_Stream6_IRQHandler
                0x0000000008000de4                DMA1_Stream3_IRQHandler
 *fill*         0x0000000008000de6        0x2 
 .text.HAL_Init
                0x0000000008000de8       0x44 ./Drivers/STM32F4xx_HAL_Driver/stm32f4xx_hal.o
                0x0000000008000de8                HAL_Init
 .text.HAL_InitTick
                0x0000000008000e2c       0x60 ./Drivers/STM32F4xx_HAL_Driver/stm32f4xx_hal.o
                0x0000000008000e2c                HAL_InitTick
 .text.HAL_IncTick
                0x0000000008000e8c       0x28 ./Drivers/STM32F4xx_HAL_Driver/stm32f4xx_hal.o
                0x0000000008000e8c                HAL_IncTick
 .text.HAL_GetTick
                0x0000000008000eb4       0x18 ./Drivers/STM32F4xx_HAL_Driver/stm32f4xx_hal.o
                0x0000000008000eb4                HAL_GetTick
 .text.HAL_Delay
                0x0000000008000ecc       0x48 ./Drivers/STM32F4xx_HAL_Driver/stm32f4xx_hal.o
                0x0000000008000ecc                HAL_Delay
 .text.__NVIC_SetPriorityGrouping
                0x0000000008000f14       0x48 ./Drivers/STM32F4xx_HAL_Driver/stm32f4xx_hal_cortex.o
 .text.__NVIC_GetPriorityGrouping
                0x0000000008000f5c       0x1c ./Drivers/STM32F4xx_HAL_Driver/stm32f4xx_hal_cortex.o
 .text.__NVIC_SetPriority
                0x0000000008000f78       0x54 ./Drivers/STM32F4xx_HAL_Driver/stm32f4xx_hal_cortex.o
 .text.NVIC_EncodePriority
                0x0000000008000fcc       0x66 ./Drivers/STM32F4xx_HAL_Driver/stm32f4xx_hal_cortex.o
 *fill*         0x0000000008001032        0x2 
 .text.SysTick_Config
                0x0000000008001034       0x44 ./Drivers/STM32F4xx_HAL_Driver/stm32f4xx_hal_cortex.o
 .text.HAL_NVIC_SetPriorityGrouping
                0x0000000008001078       0x16 ./Drivers/STM32F4xx_HAL_Driver/stm32f4xx_hal_cortex.o
                0x0000000008001078                HAL_NVIC_SetPriorityGrouping
 .text.HAL_NVIC_SetPriority
                0x000000000800108e       0x38 ./Drivers/STM32F4xx_HAL_Driver/stm32f4xx_hal_cortex.o
                0x000000000800108e                HAL_NVIC_SetPriority
 .text.HAL_SYSTICK_Config
                0x00000000080010c6       0x18 ./Drivers/STM32F4xx_HAL_Driver/stm32f4xx_hal_cortex.o
                0x00000000080010c6                HAL_SYSTICK_Config
 *fill*         0x00000000080010de        0x2 
 .text.HAL_GPIO_Init
                0x00000000080010e0      0x308 ./Drivers/STM32F4xx_HAL_Driver/stm32f4xx_hal_gpio.o
                0x00000000080010e0                HAL_GPIO_Init
 .text.HAL_GPIO_WritePin
                0x00000000080013e8       0x32 ./Drivers/STM32F4xx_HAL_Driver/stm32f4xx_hal_gpio.o
                0x00000000080013e8                HAL_GPIO_WritePin
 *fill*         0x000000000800141a        0x2 
 .text.HAL_RCC_OscConfig
                0x000000000800141c      0x4f0 ./Drivers/STM32F4xx_HAL_Driver/stm32f4xx_hal_rcc.o
                0x000000000800141c                HAL_RCC_OscConfig
 .text.HAL_RCC_ClockConfig
                0x000000000800190c      0x1cc ./Drivers/STM32F4xx_HAL_Driver/stm32f4xx_hal_rcc.o
                0x000000000800190c                HAL_RCC_ClockConfig
 .text.HAL_RCC_GetSysClockFreq
                0x0000000008001ad8      0x20c ./Drivers/STM32F4xx_HAL_Driver/stm32f4xx_hal_rcc.o
                0x0000000008001ad8                HAL_RCC_GetSysClockFreq
 .text.HAL_RCC_GetHCLKFreq
                0x0000000008001ce4       0x18 ./Drivers/STM32F4xx_HAL_Driver/stm32f4xx_hal_rcc.o
                0x0000000008001ce4                HAL_RCC_GetHCLKFreq
 .text.HAL_RCC_GetPCLK1Freq
                0x0000000008001cfc       0x28 ./Drivers/STM32F4xx_HAL_Driver/stm32f4xx_hal_rcc.o
                0x0000000008001cfc                HAL_RCC_GetPCLK1Freq
 .text.HAL_RCC_GetPCLK2Freq
                0x0000000008001d24       0x28 ./Drivers/STM32F4xx_HAL_Driver/stm32f4xx_hal_rcc.o
                0x0000000008001d24                HAL_RCC_GetPCLK2Freq
 .text.HAL_UART_Init
                0x0000000008001d4c       0x9a ./Drivers/STM32F4xx_HAL_Driver/stm32f4xx_hal_uart.o
                0x0000000008001d4c                HAL_UART_Init
 *fill*         0x0000000008001de6        0x2 
 .text.UART_SetConfig
                0x0000000008001de8      0x4e8 ./Drivers/STM32F4xx_HAL_Driver/stm32f4xx_hal_uart.o
 .text.__NVIC_SetPriority
                0x00000000080022d0       0x54 ./Middlewares/FreeRTOS/cmsis_os2.o
 .text.SVC_Setup
                0x0000000008002324       0x12 ./Middlewares/FreeRTOS/cmsis_os2.o
 *fill*         0x0000000008002336        0x2 
 .text.osKernelInitialize
                0x0000000008002338       0x48 ./Middlewares/FreeRTOS/cmsis_os2.o
                0x0000000008002338                osKernelInitialize
 .text.osKernelStart
                0x0000000008002380       0x4c ./Middlewares/FreeRTOS/cmsis_os2.o
                0x0000000008002380                osKernelStart
 .text.osThreadNew
                0x00000000080023cc      0x124 ./Middlewares/FreeRTOS/cmsis_os2.o
                0x00000000080023cc                osThreadNew
 .text.osDelay  0x00000000080024f0       0x36 ./Middlewares/FreeRTOS/cmsis_os2.o
                0x00000000080024f0                osDelay
 *fill*         0x0000000008002526        0x2 
 .text.vApplicationGetIdleTaskMemory
                0x0000000008002528       0x34 ./Middlewares/FreeRTOS/cmsis_os2.o
                0x0000000008002528                vApplicationGetIdleTaskMemory
 .text.vApplicationGetTimerTaskMemory
                0x000000000800255c       0x34 ./Middlewares/FreeRTOS/cmsis_os2.o
                0x000000000800255c                vApplicationGetTimerTaskMemory
 .text.pvPortMalloc
                0x0000000008002590      0x198 ./Middlewares/FreeRTOS/heap_4.o
                0x0000000008002590                pvPortMalloc
 .text.vPortFree
                0x0000000008002728       0xc4 ./Middlewares/FreeRTOS/heap_4.o
                0x0000000008002728                vPortFree
 .text.prvHeapInit
                0x00000000080027ec       0xc4 ./Middlewares/FreeRTOS/heap_4.o
 .text.prvInsertBlockIntoFreeList
                0x00000000080028b0       0xb4 ./Middlewares/FreeRTOS/heap_4.o
 .text.vListInitialise
                0x0000000008002964       0x40 ./Middlewares/FreeRTOS/list.o
                0x0000000008002964                vListInitialise
 .text.vListInitialiseItem
                0x00000000080029a4       0x1a ./Middlewares/FreeRTOS/list.o
                0x00000000080029a4                vListInitialiseItem
 .text.vListInsertEnd
                0x00000000080029be       0x48 ./Middlewares/FreeRTOS/list.o
                0x00000000080029be                vListInsertEnd
 .text.vListInsert
                0x0000000008002a06       0x72 ./Middlewares/FreeRTOS/list.o
                0x0000000008002a06                vListInsert
 .text.uxListRemove
                0x0000000008002a78       0x54 ./Middlewares/FreeRTOS/list.o
                0x0000000008002a78                uxListRemove
 .text.pxPortInitialiseStack
                0x0000000008002acc       0x68 ./Middlewares/FreeRTOS/port.o
                0x0000000008002acc                pxPortInitialiseStack
 .text.prvTaskExitError
                0x0000000008002b34       0x58 ./Middlewares/FreeRTOS/port.o
 *fill*         0x0000000008002b8c        0x4 
 .text.SVC_Handler
                0x0000000008002b90       0x28 ./Middlewares/FreeRTOS/port.o
                0x0000000008002b90                SVC_Handler
 .text.prvPortStartFirstTask
                0x0000000008002bb8       0x28 ./Middlewares/FreeRTOS/port.o
 .text.xPortStartScheduler
                0x0000000008002be0      0x144 ./Middlewares/FreeRTOS/port.o
                0x0000000008002be0                xPortStartScheduler
 .text.vPortEnterCritical
                0x0000000008002d24       0x60 ./Middlewares/FreeRTOS/port.o
                0x0000000008002d24                vPortEnterCritical
 .text.vPortExitCritical
                0x0000000008002d84       0x54 ./Middlewares/FreeRTOS/port.o
                0x0000000008002d84                vPortExitCritical
 *fill*         0x0000000008002dd8        0x8 
 .text.PendSV_Handler
                0x0000000008002de0       0x68 ./Middlewares/FreeRTOS/port.o
                0x0000000008002de0                PendSV_Handler
 .text.xPortSysTickHandler
                0x0000000008002e48       0x44 ./Middlewares/FreeRTOS/port.o
                0x0000000008002e48                xPortSysTickHandler
 .text.vPortSetupTimerInterrupt
                0x0000000008002e8c       0x48 ./Middlewares/FreeRTOS/port.o
                0x0000000008002e8c                vPortSetupTimerInterrupt
 .text.vPortEnableVFP
                0x0000000008002ed4       0x14 ./Middlewares/FreeRTOS/port.o
 .text.vPortValidateInterruptPriority
                0x0000000008002ee8       0x80 ./Middlewares/FreeRTOS/port.o
                0x0000000008002ee8                vPortValidateInterruptPriority
 .text.xQueueGenericReset
                0x0000000008002f68       0xd0 ./Middlewares/FreeRTOS/queue.o
                0x0000000008002f68                xQueueGenericReset
 .text.xQueueGenericCreateStatic
                0x0000000008003038       0xf0 ./Middlewares/FreeRTOS/queue.o
                0x0000000008003038                xQueueGenericCreateStatic
 .text.prvInitialiseNewQueue
                0x0000000008003128       0x46 ./Middlewares/FreeRTOS/queue.o
 *fill*         0x000000000800316e        0x2 
 .text.xQueueGenericSend
                0x0000000008003170      0x1fc ./Middlewares/FreeRTOS/queue.o
                0x0000000008003170                xQueueGenericSend
 .text.xQueueGenericSendFromISR
                0x000000000800336c      0x136 ./Middlewares/FreeRTOS/queue.o
                0x000000000800336c                xQueueGenericSendFromISR
 *fill*         0x00000000080034a2        0x2 
 .text.xQueueReceive
                0x00000000080034a4      0x1c0 ./Middlewares/FreeRTOS/queue.o
                0x00000000080034a4                xQueueReceive
 .text.prvCopyDataToQueue
                0x0000000008003664       0xd4 ./Middlewares/FreeRTOS/queue.o
 .text.prvCopyDataFromQueue
                0x0000000008003738       0x4c ./Middlewares/FreeRTOS/queue.o
 .text.prvUnlockQueue
                0x0000000008003784       0xa4 ./Middlewares/FreeRTOS/queue.o
 .text.prvIsQueueEmpty
                0x0000000008003828       0x2c ./Middlewares/FreeRTOS/queue.o
 .text.prvIsQueueFull
                0x0000000008003854       0x30 ./Middlewares/FreeRTOS/queue.o
 .text.vQueueAddToRegistry
                0x0000000008003884       0x54 ./Middlewares/FreeRTOS/queue.o
                0x0000000008003884                vQueueAddToRegistry
 .text.vQueueWaitForMessageRestricted
                0x00000000080038d8       0x68 ./Middlewares/FreeRTOS/queue.o
                0x00000000080038d8                vQueueWaitForMessageRestricted
 .text.xTaskCreateStatic
                0x0000000008003940       0xba ./Middlewares/FreeRTOS/tasks.o
                0x0000000008003940                xTaskCreateStatic
 .text.xTaskCreate
                0x00000000080039fa       0x8a ./Middlewares/FreeRTOS/tasks.o
                0x00000000080039fa                xTaskCreate
 .text.prvInitialiseNewTask
                0x0000000008003a84      0x11e ./Middlewares/FreeRTOS/tasks.o
 *fill*         0x0000000008003ba2        0x2 
 .text.prvAddNewTaskToReadyList
                0x0000000008003ba4       0xe0 ./Middlewares/FreeRTOS/tasks.o
 .text.vTaskDelay
                0x0000000008003c84       0x68 ./Middlewares/FreeRTOS/tasks.o
                0x0000000008003c84                vTaskDelay
 .text.vTaskStartScheduler
                0x0000000008003cec       0xcc ./Middlewares/FreeRTOS/tasks.o
                0x0000000008003cec                vTaskStartScheduler
 .text.vTaskSuspendAll
                0x0000000008003db8       0x1c ./Middlewares/FreeRTOS/tasks.o
                0x0000000008003db8                vTaskSuspendAll
 .text.xTaskResumeAll
                0x0000000008003dd4      0x13c ./Middlewares/FreeRTOS/tasks.o
                0x0000000008003dd4                xTaskResumeAll
 .text.xTaskGetTickCount
                0x0000000008003f10       0x20 ./Middlewares/FreeRTOS/tasks.o
                0x0000000008003f10                xTaskGetTickCount
 .text.xTaskIncrementTick
                0x0000000008003f30      0x174 ./Middlewares/FreeRTOS/tasks.o
                0x0000000008003f30                xTaskIncrementTick
 .text.vTaskSwitchContext
                0x00000000080040a4       0xbc ./Middlewares/FreeRTOS/tasks.o
                0x00000000080040a4                vTaskSwitchContext
 .text.vTaskPlaceOnEventList
                0x0000000008004160       0x48 ./Middlewares/FreeRTOS/tasks.o
                0x0000000008004160                vTaskPlaceOnEventList
 .text.vTaskPlaceOnEventListRestricted
                0x00000000080041a8       0x58 ./Middlewares/FreeRTOS/tasks.o
                0x00000000080041a8                vTaskPlaceOnEventListRestricted
 .text.xTaskRemoveFromEventList
                0x0000000008004200       0xc8 ./Middlewares/FreeRTOS/tasks.o
                0x0000000008004200                xTaskRemoveFromEventList
 .text.vTaskInternalSetTimeOutState
                0x00000000080042c8       0x2c ./Middlewares/FreeRTOS/tasks.o
                0x00000000080042c8                vTaskInternalSetTimeOutState
 .text.xTaskCheckForTimeOut
                0x00000000080042f4       0xc4 ./Middlewares/FreeRTOS/tasks.o
                0x00000000080042f4                xTaskCheckForTimeOut
 .text.vTaskMissedYield
                0x00000000080043b8       0x18 ./Middlewares/FreeRTOS/tasks.o
                0x00000000080043b8                vTaskMissedYield
 .text.prvIdleTask
                0x00000000080043d0       0x30 ./Middlewares/FreeRTOS/tasks.o
 .text.prvInitialiseTaskLists
                0x0000000008004400       0x80 ./Middlewares/FreeRTOS/tasks.o
 .text.prvCheckTasksWaitingTermination
                0x0000000008004480       0x5c ./Middlewares/FreeRTOS/tasks.o
 .text.prvDeleteTCB
                0x00000000080044dc       0x5e ./Middlewares/FreeRTOS/tasks.o
 *fill*         0x000000000800453a        0x2 
 .text.prvResetNextTaskUnblockTime
                0x000000000800453c       0x40 ./Middlewares/FreeRTOS/tasks.o
 .text.xTaskGetSchedulerState
                0x000000000800457c       0x3c ./Middlewares/FreeRTOS/tasks.o
                0x000000000800457c                xTaskGetSchedulerState
 .text.xTaskPriorityDisinherit
                0x00000000080045b8       0xdc ./Middlewares/FreeRTOS/tasks.o
                0x00000000080045b8                xTaskPriorityDisinherit
 .text.prvAddCurrentTaskToDelayedList
                0x0000000008004694       0xa8 ./Middlewares/FreeRTOS/tasks.o
 .text.xTimerCreateTimerTask
                0x000000000800473c       0x90 ./Middlewares/FreeRTOS/timers.o
                0x000000000800473c                xTimerCreateTimerTask
 .text.xTimerGenericCommand
                0x00000000080047cc       0x9c ./Middlewares/FreeRTOS/timers.o
                0x00000000080047cc                xTimerGenericCommand
 .text.prvProcessExpiredTimer
                0x0000000008004868       0x98 ./Middlewares/FreeRTOS/timers.o
 .text.prvTimerTask
                0x0000000008004900       0x24 ./Middlewares/FreeRTOS/timers.o
 .text.prvProcessTimerOrBlockTask
                0x0000000008004924       0x9c ./Middlewares/FreeRTOS/timers.o
 .text.prvGetNextExpireTime
                0x00000000080049c0       0x48 ./Middlewares/FreeRTOS/timers.o
 .text.prvSampleTimeNow
                0x0000000008004a08       0x40 ./Middlewares/FreeRTOS/timers.o
 .text.prvInsertTimerInActiveList
                0x0000000008004a48       0x84 ./Middlewares/FreeRTOS/timers.o
 .text.prvProcessReceivedCommands
                0x0000000008004acc      0x1c4 ./Middlewares/FreeRTOS/timers.o
 .text.prvSwitchTimerLists
                0x0000000008004c90       0xc8 ./Middlewares/FreeRTOS/timers.o
 .text.prvCheckForValidListAndQueue
                0x0000000008004d58       0x80 ./Middlewares/FreeRTOS/timers.o
 .text.__libc_init_array
                0x0000000008004dd8       0x48 /opt/st/stm32cubeide_1.10.0/plugins/com.st.stm32cube.ide.mcu.externaltools.gnu-tools-for-stm32.10.3-2021.10.linux64_1.0.0.202111181127/tools/bin/../lib/gcc/arm-none-eabi/10.3.1/../../../../arm-none-eabi/lib/thumb/v7e-m+fp/hard/libc_nano.a(lib_a-init.o)
                0x0000000008004dd8                __libc_init_array
 .text.memcpy   0x0000000008004e20       0x1c /opt/st/stm32cubeide_1.10.0/plugins/com.st.stm32cube.ide.mcu.externaltools.gnu-tools-for-stm32.10.3-2021.10.linux64_1.0.0.202111181127/tools/bin/../lib/gcc/arm-none-eabi/10.3.1/../../../../arm-none-eabi/lib/thumb/v7e-m+fp/hard/libc_nano.a(lib_a-memcpy-stub.o)
                0x0000000008004e20                memcpy
 .text.memset   0x0000000008004e3c       0x10 /opt/st/stm32cubeide_1.10.0/plugins/com.st.stm32cube.ide.mcu.externaltools.gnu-tools-for-stm32.10.3-2021.10.linux64_1.0.0.202111181127/tools/bin/../lib/gcc/arm-none-eabi/10.3.1/../../../../arm-none-eabi/lib/thumb/v7e-m+fp/hard/libc_nano.a(lib_a-memset.o)
                0x0000000008004e3c                memset
 *(.glue_7)
 .glue_7        0x0000000008004e4c        0x0 linker stubs
 *(.glue_7t)
 .glue_7t       0x0000000008004e4c        0x0 linker stubs
 *(.eh_frame)
 .eh_frame      0x0000000008004e4c        0x0 /opt/st/stm32cubeide_1.10.0/plugins/com.st.stm32cube.ide.mcu.externaltools.gnu-tools-for-stm32.10.3-2021.10.linux64_1.0.0.202111181127/tools/bin/../lib/gcc/arm-none-eabi/10.3.1/thumb/v7e-m+fp/hard/crtbegin.o
 *(.init)
 .init          0x0000000008004e4c        0x4 /opt/st/stm32cubeide_1.10.0/plugins/com.st.stm32cube.ide.mcu.externaltools.gnu-tools-for-stm32.10.3-2021.10.linux64_1.0.0.202111181127/tools/bin/../lib/gcc/arm-none-eabi/10.3.1/thumb/v7e-m+fp/hard/crti.o
                0x0000000008004e4c                _init
 .init          0x0000000008004e50        0x8 /opt/st/stm32cubeide_1.10.0/plugins/com.st.stm32cube.ide.mcu.externaltools.gnu-tools-for-stm32.10.3-2021.10.linux64_1.0.0.202111181127/tools/bin/../lib/gcc/arm-none-eabi/10.3.1/thumb/v7e-m+fp/hard/crtn.o
 *(.fini)
 .fini          0x0000000008004e58        0x4 /opt/st/stm32cubeide_1.10.0/plugins/com.st.stm32cube.ide.mcu.externaltools.gnu-tools-for-stm32.10.3-2021.10.linux64_1.0.0.202111181127/tools/bin/../lib/gcc/arm-none-eabi/10.3.1/thumb/v7e-m+fp/hard/crti.o
                0x0000000008004e58                _fini
 .fini          0x0000000008004e5c        0x8 /opt/st/stm32cubeide_1.10.0/plugins/com.st.stm32cube.ide.mcu.externaltools.gnu-tools-for-stm32.10.3-2021.10.linux64_1.0.0.202111181127/tools/bin/../lib/gcc/arm-none-eabi/10.3.1/thumb/v7e-m+fp/hard/crtn.o
                0x0000000008004e64                . = ALIGN (0x4)
                0x0000000008004e64                _etext = .

.vfp11_veneer   0x0000000008004e64        0x0
 .vfp11_veneer  0x0000000008004e64        0x0 linker stubs

.v4_bx          0x0000000008004e64        0x0
 .v4_bx         0x0000000008004e64        0x0 linker stubs

.iplt           0x0000000008004e64        0x0
 .iplt          0x0000000008004e64        0x0 /opt/st/stm32cubeide_1.10.0/plugins/com.st.stm32cube.ide.mcu.externaltools.gnu-tools-for-stm32.10.3-2021.10.linux64_1.0.0.202111181127/tools/bin/../lib/gcc/arm-none-eabi/10.3.1/thumb/v7e-m+fp/hard/crtbegin.o

.rodata         0x0000000008004e64       0xb4
                0x0000000008004e64                . = ALIGN (0x4)
 *(.rodata)
 .rodata        0x0000000008004e64       0x39 ./Core/Src/main.o
 *fill*         0x0000000008004e9d        0x3 
 .rodata        0x0000000008004ea0        0x5 ./Middlewares/FreeRTOS/tasks.o
 *fill*         0x0000000008004ea5        0x3 
 .rodata        0x0000000008004ea8        0xd ./Middlewares/FreeRTOS/timers.o
 *(.rodata*)
 *fill*         0x0000000008004eb5        0x3 
 .rodata.defaultTask_attributes
                0x0000000008004eb8       0x24 ./Core/Src/main.o
                0x0000000008004eb8                defaultTask_attributes
 .rodata.taskLCD_attributes
                0x0000000008004edc       0x24 ./Core/Src/main.o
                0x0000000008004edc                taskLCD_attributes
 .rodata.AHBPrescTable
                0x0000000008004f00       0x10 ./Core/Src/system_stm32f4xx.o
                0x0000000008004f00                AHBPrescTable
 .rodata.APBPrescTable
                0x0000000008004f10        0x8 ./Core/Src/system_stm32f4xx.o
                0x0000000008004f10                APBPrescTable
                0x0000000008004f18                . = ALIGN (0x4)

.ARM.extab      0x0000000008004f18        0x0
                0x0000000008004f18                . = ALIGN (0x4)
 *(.ARM.extab* .gnu.linkonce.armextab.*)
                0x0000000008004f18                . = ALIGN (0x4)

.ARM            0x0000000008004f18        0x8
                0x0000000008004f18                . = ALIGN (0x4)
                0x0000000008004f18                __exidx_start = .
 *(.ARM.exidx*)
 .ARM.exidx     0x0000000008004f18        0x8 /opt/st/stm32cubeide_1.10.0/plugins/com.st.stm32cube.ide.mcu.externaltools.gnu-tools-for-stm32.10.3-2021.10.linux64_1.0.0.202111181127/tools/bin/../lib/gcc/arm-none-eabi/10.3.1/thumb/v7e-m+fp/hard/libgcc.a(_udivmoddi4.o)
                0x0000000008004f20                __exidx_end = .
                0x0000000008004f20                . = ALIGN (0x4)

.rel.dyn        0x0000000008004f20        0x0
 .rel.iplt      0x0000000008004f20        0x0 /opt/st/stm32cubeide_1.10.0/plugins/com.st.stm32cube.ide.mcu.externaltools.gnu-tools-for-stm32.10.3-2021.10.linux64_1.0.0.202111181127/tools/bin/../lib/gcc/arm-none-eabi/10.3.1/thumb/v7e-m+fp/hard/crtbegin.o

.preinit_array  0x0000000008004f20        0x0
                0x0000000008004f20                . = ALIGN (0x4)
                0x0000000008004f20                PROVIDE (__preinit_array_start = .)
 *(.preinit_array*)
                0x0000000008004f20                PROVIDE (__preinit_array_end = .)
                0x0000000008004f20                . = ALIGN (0x4)

.init_array     0x0000000008004f20        0x4
                0x0000000008004f20                . = ALIGN (0x4)
                0x0000000008004f20                PROVIDE (__init_array_start = .)
 *(SORT_BY_NAME(.init_array.*))
 *(.init_array*)
 .init_array    0x0000000008004f20        0x4 /opt/st/stm32cubeide_1.10.0/plugins/com.st.stm32cube.ide.mcu.externaltools.gnu-tools-for-stm32.10.3-2021.10.linux64_1.0.0.202111181127/tools/bin/../lib/gcc/arm-none-eabi/10.3.1/thumb/v7e-m+fp/hard/crtbegin.o
                0x0000000008004f24                PROVIDE (__init_array_end = .)
                0x0000000008004f24                . = ALIGN (0x4)

.fini_array     0x0000000008004f24        0x4
                0x0000000008004f24                . = ALIGN (0x4)
                [!provide]                        PROVIDE (__fini_array_start = .)
 *(SORT_BY_NAME(.fini_array.*))
 *(.fini_array*)
 .fini_array    0x0000000008004f24        0x4 /opt/st/stm32cubeide_1.10.0/plugins/com.st.stm32cube.ide.mcu.externaltools.gnu-tools-for-stm32.10.3-2021.10.linux64_1.0.0.202111181127/tools/bin/../lib/gcc/arm-none-eabi/10.3.1/thumb/v7e-m+fp/hard/crtbegin.o
                [!provide]                        PROVIDE (__fini_array_end = .)
                0x0000000008004f28                . = ALIGN (0x4)
                0x0000000008004f28                _sidata = LOADADDR (.data)

.data           0x0000000020000000       0x10 load address 0x0000000008004f28
                0x0000000020000000                . = ALIGN (0x4)
                0x0000000020000000                _sdata = .
 *(.data)
 *(.data*)
 .data.SystemCoreClock
                0x0000000020000000        0x4 ./Core/Src/system_stm32f4xx.o
                0x0000000020000000                SystemCoreClock
 .data.uwTickPrio
                0x0000000020000004        0x4 ./Drivers/STM32F4xx_HAL_Driver/stm32f4xx_hal.o
                0x0000000020000004                uwTickPrio
 .data.uwTickFreq
                0x0000000020000008        0x1 ./Drivers/STM32F4xx_HAL_Driver/stm32f4xx_hal.o
                0x0000000020000008                uwTickFreq
 *fill*         0x0000000020000009        0x3 
 .data.uxCriticalNesting
                0x000000002000000c        0x4 ./Middlewares/FreeRTOS/port.o
 *(.RamFunc)
 *(.RamFunc*)
                0x0000000020000010                . = ALIGN (0x4)
                0x0000000020000010                _edata = .

.igot.plt       0x0000000020000010        0x0 load address 0x0000000008004f38
 .igot.plt      0x0000000020000010        0x0 /opt/st/stm32cubeide_1.10.0/plugins/com.st.stm32cube.ide.mcu.externaltools.gnu-tools-for-stm32.10.3-2021.10.linux64_1.0.0.202111181127/tools/bin/../lib/gcc/arm-none-eabi/10.3.1/thumb/v7e-m+fp/hard/crtbegin.o
                0x0000000020000010                . = ALIGN (0x4)

.bss            0x0000000020000010     0x49fc load address 0x0000000008004f38
                0x0000000020000010                _sbss = .
                0x0000000020000010                __bss_start__ = _sbss
 *(.bss)
 .bss           0x0000000020000010       0x1c /opt/st/stm32cubeide_1.10.0/plugins/com.st.stm32cube.ide.mcu.externaltools.gnu-tools-for-stm32.10.3-2021.10.linux64_1.0.0.202111181127/tools/bin/../lib/gcc/arm-none-eabi/10.3.1/thumb/v7e-m+fp/hard/crtbegin.o
 *(.bss*)
 .bss.huart2    0x000000002000002c       0x44 ./Core/Src/main.o
                0x000000002000002c                huart2
 .bss.defaultTaskHandle
                0x0000000020000070        0x4 ./Core/Src/main.o
                0x0000000020000070                defaultTaskHandle
 .bss.taskLCDHandle
                0x0000000020000074        0x4 ./Core/Src/main.o
                0x0000000020000074                taskLCDHandle
 .bss.lcd       0x0000000020000078       0x40 ./Core/Src/main.o
                0x0000000020000078                lcd
 .bss.uwTick    0x00000000200000b8        0x4 ./Drivers/STM32F4xx_HAL_Driver/stm32f4xx_hal.o
                0x00000000200000b8                uwTick
 .bss.KernelState
                0x00000000200000bc        0x4 ./Middlewares/FreeRTOS/cmsis_os2.o
 .bss.Idle_TCB.3
                0x00000000200000c0       0x5c ./Middlewares/FreeRTOS/cmsis_os2.o
 .bss.Idle_Stack.2
                0x000000002000011c      0x200 ./Middlewares/FreeRTOS/cmsis_os2.o
 .bss.Timer_TCB.1
                0x000000002000031c       0x5c ./Middlewares/FreeRTOS/cmsis_os2.o
 .bss.Timer_Stack.0
                0x0000000020000378      0x400 ./Middlewares/FreeRTOS/cmsis_os2.o
 .bss.ucHeap    0x0000000020000778     0x3c00 ./Middlewares/FreeRTOS/heap_4.o
 .bss.xStart    0x0000000020004378        0x8 ./Middlewares/FreeRTOS/heap_4.o
 .bss.pxEnd     0x0000000020004380        0x4 ./Middlewares/FreeRTOS/heap_4.o
 .bss.xFreeBytesRemaining
                0x0000000020004384        0x4 ./Middlewares/FreeRTOS/heap_4.o
 .bss.xMinimumEverFreeBytesRemaining
                0x0000000020004388        0x4 ./Middlewares/FreeRTOS/heap_4.o
 .bss.xNumberOfSuccessfulAllocations
                0x000000002000438c        0x4 ./Middlewares/FreeRTOS/heap_4.o
 .bss.xNumberOfSuccessfulFrees
                0x0000000020004390        0x4 ./Middlewares/FreeRTOS/heap_4.o
 .bss.xBlockAllocatedBit
                0x0000000020004394        0x4 ./Middlewares/FreeRTOS/heap_4.o
 .bss.ucMaxSysCallPriority
                0x0000000020004398        0x1 ./Middlewares/FreeRTOS/port.o
 *fill*         0x0000000020004399        0x3 
 .bss.ulMaxPRIGROUPValue
                0x000000002000439c        0x4 ./Middlewares/FreeRTOS/port.o
 .bss.xQueueRegistry
                0x00000000200043a0       0x40 ./Middlewares/FreeRTOS/queue.o
                0x00000000200043a0                xQueueRegistry
 .bss.pxCurrentTCB
                0x00000000200043e0        0x4 ./Middlewares/FreeRTOS/tasks.o
                0x00000000200043e0                pxCurrentTCB
 .bss.pxReadyTasksLists
                0x00000000200043e4      0x460 ./Middlewares/FreeRTOS/tasks.o
 .bss.xDelayedTaskList1
                0x0000000020004844       0x14 ./Middlewares/FreeRTOS/tasks.o
 .bss.xDelayedTaskList2
                0x0000000020004858       0x14 ./Middlewares/FreeRTOS/tasks.o
 .bss.pxDelayedTaskList
                0x000000002000486c        0x4 ./Middlewares/FreeRTOS/tasks.o
 .bss.pxOverflowDelayedTaskList
                0x0000000020004870        0x4 ./Middlewares/FreeRTOS/tasks.o
 .bss.xPendingReadyList
                0x0000000020004874       0x14 ./Middlewares/FreeRTOS/tasks.o
 .bss.xTasksWaitingTermination
                0x0000000020004888       0x14 ./Middlewares/FreeRTOS/tasks.o
 .bss.uxDeletedTasksWaitingCleanUp
                0x000000002000489c        0x4 ./Middlewares/FreeRTOS/tasks.o
 .bss.xSuspendedTaskList
                0x00000000200048a0       0x14 ./Middlewares/FreeRTOS/tasks.o
 .bss.uxCurrentNumberOfTasks
                0x00000000200048b4        0x4 ./Middlewares/FreeRTOS/tasks.o
 .bss.xTickCount
                0x00000000200048b8        0x4 ./Middlewares/FreeRTOS/tasks.o
 .bss.uxTopReadyPriority
                0x00000000200048bc        0x4 ./Middlewares/FreeRTOS/tasks.o
 .bss.xSchedulerRunning
                0x00000000200048c0        0x4 ./Middlewares/FreeRTOS/tasks.o
 .bss.xPendedTicks
                0x00000000200048c4        0x4 ./Middlewares/FreeRTOS/tasks.o
 .bss.xYieldPending
                0x00000000200048c8        0x4 ./Middlewares/FreeRTOS/tasks.o
 .bss.xNumOfOverflows
                0x00000000200048cc        0x4 ./Middlewares/FreeRTOS/tasks.o
 .bss.uxTaskNumber
                0x00000000200048d0        0x4 ./Middlewares/FreeRTOS/tasks.o
 .bss.xNextTaskUnblockTime
                0x00000000200048d4        0x4 ./Middlewares/FreeRTOS/tasks.o
 .bss.xIdleTaskHandle
                0x00000000200048d8        0x4 ./Middlewares/FreeRTOS/tasks.o
 .bss.uxSchedulerSuspended
                0x00000000200048dc        0x4 ./Middlewares/FreeRTOS/tasks.o
 .bss.xActiveTimerList1
                0x00000000200048e0       0x14 ./Middlewares/FreeRTOS/timers.o
 .bss.xActiveTimerList2
                0x00000000200048f4       0x14 ./Middlewares/FreeRTOS/timers.o
 .bss.pxCurrentTimerList
                0x0000000020004908        0x4 ./Middlewares/FreeRTOS/timers.o
 .bss.pxOverflowTimerList
                0x000000002000490c        0x4 ./Middlewares/FreeRTOS/timers.o
 .bss.xTimerQueue
                0x0000000020004910        0x4 ./Middlewares/FreeRTOS/timers.o
 .bss.xTimerTaskHandle
                0x0000000020004914        0x4 ./Middlewares/FreeRTOS/timers.o
 .bss.xLastTime.2
                0x0000000020004918        0x4 ./Middlewares/FreeRTOS/timers.o
 .bss.ucStaticTimerQueueStorage.1
                0x000000002000491c       0xa0 ./Middlewares/FreeRTOS/timers.o
 .bss.xStaticTimerQueue.0
                0x00000000200049bc       0x50 ./Middlewares/FreeRTOS/timers.o
 *(COMMON)
                0x0000000020004a0c                . = ALIGN (0x4)
                0x0000000020004a0c                _ebss = .
                0x0000000020004a0c                __bss_end__ = _ebss

._user_heap_stack
                0x0000000020004a0c      0x604 load address 0x0000000008004f38
                0x0000000020004a10                . = ALIGN (0x8)
 *fill*         0x0000000020004a0c        0x4 
                [!provide]                        PROVIDE (end = .)
                0x0000000020004a10                PROVIDE (_end = .)
                0x0000000020004c10                . = (. + _Min_Heap_Size)
 *fill*         0x0000000020004a10      0x200 
                0x0000000020005010                . = (. + _Min_Stack_Size)
 *fill*         0x0000000020004c10      0x400 
                0x0000000020005010                . = ALIGN (0x8)

/DISCARD/
 libc.a(*)
 libm.a(*)
 libgcc.a(*)

.ARM.attributes
                0x0000000000000000       0x30
 *(.ARM.attributes)
 .ARM.attributes
                0x0000000000000000       0x1e /opt/st/stm32cubeide_1.10.0/plugins/com.st.stm32cube.ide.mcu.externaltools.gnu-tools-for-stm32.10.3-2021.10.linux64_1.0.0.202111181127/tools/bin/../lib/gcc/arm-none-eabi/10.3.1/thumb/v7e-m+fp/hard/crti.o
 .ARM.attributes
                0x000000000000001e       0x34 /opt/st/stm32cubeide_1.10.0/plugins/com.st.stm32cube.ide.mcu.externaltools.gnu-tools-for-stm32.10.3-2021.10.linux64_1.0.0.202111181127/tools/bin/../lib/gcc/arm-none-eabi/10.3.1/thumb/v7e-m+fp/hard/crtbegin.o
 .ARM.attributes
                0x0000000000000052       0x34 ./Core/Src/lcd.o
 .ARM.attributes
                0x0000000000000086       0x34 ./Core/Src/main.o
 .ARM.attributes
                0x00000000000000ba       0x34 ./Core/Src/stm32f4xx_hal_msp.o
 .ARM.attributes
                0x00000000000000ee       0x34 ./Core/Src/stm32f4xx_it.o
 .ARM.attributes
                0x0000000000000122       0x34 ./Core/Src/system_stm32f4xx.o
 .ARM.attributes
                0x0000000000000156       0x21 ./Core/Startup/startup_stm32f401retx.o
 .ARM.attributes
                0x0000000000000177       0x34 ./Drivers/STM32F4xx_HAL_Driver/stm32f4xx_hal.o
 .ARM.attributes
                0x00000000000001ab       0x34 ./Drivers/STM32F4xx_HAL_Driver/stm32f4xx_hal_cortex.o
 .ARM.attributes
                0x00000000000001df       0x34 ./Drivers/STM32F4xx_HAL_Driver/stm32f4xx_hal_gpio.o
 .ARM.attributes
                0x0000000000000213       0x34 ./Drivers/STM32F4xx_HAL_Driver/stm32f4xx_hal_rcc.o
 .ARM.attributes
                0x0000000000000247       0x34 ./Drivers/STM32F4xx_HAL_Driver/stm32f4xx_hal_uart.o
 .ARM.attributes
                0x000000000000027b       0x34 ./Middlewares/FreeRTOS/cmsis_os2.o
 .ARM.attributes
                0x00000000000002af       0x34 ./Middlewares/FreeRTOS/heap_4.o
 .ARM.attributes
                0x00000000000002e3       0x34 ./Middlewares/FreeRTOS/list.o
 .ARM.attributes
                0x0000000000000317       0x34 ./Middlewares/FreeRTOS/port.o
 .ARM.attributes
                0x000000000000034b       0x34 ./Middlewares/FreeRTOS/queue.o
 .ARM.attributes
                0x000000000000037f       0x34 ./Middlewares/FreeRTOS/tasks.o
 .ARM.attributes
                0x00000000000003b3       0x34 ./Middlewares/FreeRTOS/timers.o
 .ARM.attributes
                0x00000000000003e7       0x34 /opt/st/stm32cubeide_1.10.0/plugins/com.st.stm32cube.ide.mcu.externaltools.gnu-tools-for-stm32.10.3-2021.10.linux64_1.0.0.202111181127/tools/bin/../lib/gcc/arm-none-eabi/10.3.1/../../../../arm-none-eabi/lib/thumb/v7e-m+fp/hard/libc_nano.a(lib_a-init.o)
 .ARM.attributes
                0x000000000000041b       0x34 /opt/st/stm32cubeide_1.10.0/plugins/com.st.stm32cube.ide.mcu.externaltools.gnu-tools-for-stm32.10.3-2021.10.linux64_1.0.0.202111181127/tools/bin/../lib/gcc/arm-none-eabi/10.3.1/../../../../arm-none-eabi/lib/thumb/v7e-m+fp/hard/libc_nano.a(lib_a-memcpy-stub.o)
 .ARM.attributes
                0x000000000000044f       0x34 /opt/st/stm32cubeide_1.10.0/plugins/com.st.stm32cube.ide.mcu.externaltools.gnu-tools-for-stm32.10.3-2021.10.linux64_1.0.0.202111181127/tools/bin/../lib/gcc/arm-none-eabi/10.3.1/../../../../arm-none-eabi/lib/thumb/v7e-m+fp/hard/libc_nano.a(lib_a-memset.o)
 .ARM.attributes
                0x0000000000000483       0x1e /opt/st/stm32cubeide_1.10.0/plugins/com.st.stm32cube.ide.mcu.externaltools.gnu-tools-for-stm32.10.3-2021.10.linux64_1.0.0.202111181127/tools/bin/../lib/gcc/arm-none-eabi/10.3.1/thumb/v7e-m+fp/hard/libgcc.a(_aeabi_uldivmod.o)
 .ARM.attributes
                0x00000000000004a1       0x34 /opt/st/stm32cubeide_1.10.0/plugins/com.st.stm32cube.ide.mcu.externaltools.gnu-tools-for-stm32.10.3-2021.10.linux64_1.0.0.202111181127/tools/bin/../lib/gcc/arm-none-eabi/10.3.1/thumb/v7e-m+fp/hard/libgcc.a(_udivmoddi4.o)
 .ARM.attributes
                0x00000000000004d5       0x1e /opt/st/stm32cubeide_1.10.0/plugins/com.st.stm32cube.ide.mcu.externaltools.gnu-tools-for-stm32.10.3-2021.10.linux64_1.0.0.202111181127/tools/bin/../lib/gcc/arm-none-eabi/10.3.1/thumb/v7e-m+fp/hard/libgcc.a(_dvmd_tls.o)
 .ARM.attributes
                0x00000000000004f3       0x1e /opt/st/stm32cubeide_1.10.0/plugins/com.st.stm32cube.ide.mcu.externaltools.gnu-tools-for-stm32.10.3-2021.10.linux64_1.0.0.202111181127/tools/bin/../lib/gcc/arm-none-eabi/10.3.1/thumb/v7e-m+fp/hard/crtn.o
OUTPUT(P5.elf elf32-littlearm)
LOAD linker stubs
LOAD /opt/st/stm32cubeide_1.10.0/plugins/com.st.stm32cube.ide.mcu.externaltools.gnu-tools-for-stm32.10.3-2021.10.linux64_1.0.0.202111181127/tools/bin/../lib/gcc/arm-none-eabi/10.3.1/../../../../arm-none-eabi/lib/thumb/v7e-m+fp/hard/libc.a
LOAD /opt/st/stm32cubeide_1.10.0/plugins/com.st.stm32cube.ide.mcu.externaltools.gnu-tools-for-stm32.10.3-2021.10.linux64_1.0.0.202111181127/tools/bin/../lib/gcc/arm-none-eabi/10.3.1/../../../../arm-none-eabi/lib/thumb/v7e-m+fp/hard/libm.a
LOAD /opt/st/stm32cubeide_1.10.0/plugins/com.st.stm32cube.ide.mcu.externaltools.gnu-tools-for-stm32.10.3-2021.10.linux64_1.0.0.202111181127/tools/bin/../lib/gcc/arm-none-eabi/10.3.1/thumb/v7e-m+fp/hard/libgcc.a

.debug_info     0x0000000000000000    0x121cf
 .debug_info    0x0000000000000000      0x6f1 ./Core/Src/lcd.o
 .debug_info    0x00000000000006f1     0x11b2 ./Core/Src/main.o
 .debug_info    0x00000000000018a3      0xb47 ./Core/Src/stm32f4xx_hal_msp.o
 .debug_info    0x00000000000023ea      0x125 ./Core/Src/stm32f4xx_it.o
 .debug_info    0x000000000000250f      0x54f ./Core/Src/system_stm32f4xx.o
 .debug_info    0x0000000000002a5e       0x22 ./Core/Startup/startup_stm32f401retx.o
 .debug_info    0x0000000000002a80      0x906 ./Drivers/STM32F4xx_HAL_Driver/stm32f4xx_hal.o
 .debug_info    0x0000000000003386      0xd85 ./Drivers/STM32F4xx_HAL_Driver/stm32f4xx_hal_cortex.o
 .debug_info    0x000000000000410b      0x78e ./Drivers/STM32F4xx_HAL_Driver/stm32f4xx_hal_gpio.o
 .debug_info    0x0000000000004899      0x98c ./Drivers/STM32F4xx_HAL_Driver/stm32f4xx_hal_rcc.o
 .debug_info    0x0000000000005225     0x31b4 ./Drivers/STM32F4xx_HAL_Driver/stm32f4xx_hal_uart.o
 .debug_info    0x00000000000083d9     0x3b80 ./Middlewares/FreeRTOS/cmsis_os2.o
 .debug_info    0x000000000000bf59      0x50b ./Middlewares/FreeRTOS/heap_4.o
 .debug_info    0x000000000000c464      0x2d1 ./Middlewares/FreeRTOS/list.o
 .debug_info    0x000000000000c735      0x507 ./Middlewares/FreeRTOS/port.o
 .debug_info    0x000000000000cc3c     0x1cbf ./Middlewares/FreeRTOS/queue.o
 .debug_info    0x000000000000e8fb     0x2362 ./Middlewares/FreeRTOS/tasks.o
 .debug_info    0x0000000000010c5d     0x1572 ./Middlewares/FreeRTOS/timers.o

.debug_abbrev   0x0000000000000000     0x2963
 .debug_abbrev  0x0000000000000000      0x1c9 ./Core/Src/lcd.o
 .debug_abbrev  0x00000000000001c9      0x2b3 ./Core/Src/main.o
 .debug_abbrev  0x000000000000047c      0x1b9 ./Core/Src/stm32f4xx_hal_msp.o
 .debug_abbrev  0x0000000000000635       0x98 ./Core/Src/stm32f4xx_it.o
 .debug_abbrev  0x00000000000006cd      0x116 ./Core/Src/system_stm32f4xx.o
 .debug_abbrev  0x00000000000007e3       0x12 ./Core/Startup/startup_stm32f401retx.o
 .debug_abbrev  0x00000000000007f5      0x23e ./Drivers/STM32F4xx_HAL_Driver/stm32f4xx_hal.o
 .debug_abbrev  0x0000000000000a33      0x316 ./Drivers/STM32F4xx_HAL_Driver/stm32f4xx_hal_cortex.o
 .debug_abbrev  0x0000000000000d49      0x1c4 ./Drivers/STM32F4xx_HAL_Driver/stm32f4xx_hal_gpio.o
 .debug_abbrev  0x0000000000000f0d      0x2aa ./Drivers/STM32F4xx_HAL_Driver/stm32f4xx_hal_rcc.o
 .debug_abbrev  0x00000000000011b7      0x305 ./Drivers/STM32F4xx_HAL_Driver/stm32f4xx_hal_uart.o
 .debug_abbrev  0x00000000000014bc      0x4e6 ./Middlewares/FreeRTOS/cmsis_os2.o
 .debug_abbrev  0x00000000000019a2      0x212 ./Middlewares/FreeRTOS/heap_4.o
 .debug_abbrev  0x0000000000001bb4       0xf2 ./Middlewares/FreeRTOS/list.o
 .debug_abbrev  0x0000000000001ca6      0x259 ./Middlewares/FreeRTOS/port.o
 .debug_abbrev  0x0000000000001eff      0x3a1 ./Middlewares/FreeRTOS/queue.o
 .debug_abbrev  0x00000000000022a0      0x37d ./Middlewares/FreeRTOS/tasks.o
 .debug_abbrev  0x000000000000261d      0x346 ./Middlewares/FreeRTOS/timers.o

.debug_aranges  0x0000000000000000      0xec0
 .debug_aranges
                0x0000000000000000       0xa8 ./Core/Src/lcd.o
 .debug_aranges
                0x00000000000000a8       0x50 ./Core/Src/main.o
 .debug_aranges
                0x00000000000000f8       0x30 ./Core/Src/stm32f4xx_hal_msp.o
 .debug_aranges
                0x0000000000000128       0x50 ./Core/Src/stm32f4xx_it.o
 .debug_aranges
                0x0000000000000178       0x28 ./Core/Src/system_stm32f4xx.o
 .debug_aranges
                0x00000000000001a0       0x28 ./Core/Startup/startup_stm32f401retx.o
 .debug_aranges
                0x00000000000001c8       0xf0 ./Drivers/STM32F4xx_HAL_Driver/stm32f4xx_hal.o
 .debug_aranges
                0x00000000000002b8      0x118 ./Drivers/STM32F4xx_HAL_Driver/stm32f4xx_hal_cortex.o
 .debug_aranges
                0x00000000000003d0       0x58 ./Drivers/STM32F4xx_HAL_Driver/stm32f4xx_hal_gpio.o
 .debug_aranges
                0x0000000000000428       0x88 ./Drivers/STM32F4xx_HAL_Driver/stm32f4xx_hal_rcc.o
 .debug_aranges
                0x00000000000004b0      0x200 ./Drivers/STM32F4xx_HAL_Driver/stm32f4xx_hal_uart.o
 .debug_aranges
                0x00000000000006b0      0x2a8 ./Middlewares/FreeRTOS/cmsis_os2.o
 .debug_aranges
                0x0000000000000958       0x58 ./Middlewares/FreeRTOS/heap_4.o
 .debug_aranges
                0x00000000000009b0       0x40 ./Middlewares/FreeRTOS/list.o
 .debug_aranges
                0x00000000000009f0       0x80 ./Middlewares/FreeRTOS/port.o
 .debug_aranges
                0x0000000000000a70      0x158 ./Middlewares/FreeRTOS/queue.o
 .debug_aranges
                0x0000000000000bc8      0x208 ./Middlewares/FreeRTOS/tasks.o
 .debug_aranges
                0x0000000000000dd0       0xf0 ./Middlewares/FreeRTOS/timers.o

.debug_ranges   0x0000000000000000      0xdd8
 .debug_ranges  0x0000000000000000       0x98 ./Core/Src/lcd.o
 .debug_ranges  0x0000000000000098       0x40 ./Core/Src/main.o
 .debug_ranges  0x00000000000000d8       0x20 ./Core/Src/stm32f4xx_hal_msp.o
 .debug_ranges  0x00000000000000f8       0x40 ./Core/Src/stm32f4xx_it.o
 .debug_ranges  0x0000000000000138       0x18 ./Core/Src/system_stm32f4xx.o
 .debug_ranges  0x0000000000000150       0x20 ./Core/Startup/startup_stm32f401retx.o
 .debug_ranges  0x0000000000000170       0xe0 ./Drivers/STM32F4xx_HAL_Driver/stm32f4xx_hal.o
 .debug_ranges  0x0000000000000250      0x108 ./Drivers/STM32F4xx_HAL_Driver/stm32f4xx_hal_cortex.o
 .debug_ranges  0x0000000000000358       0x48 ./Drivers/STM32F4xx_HAL_Driver/stm32f4xx_hal_gpio.o
 .debug_ranges  0x00000000000003a0       0x78 ./Drivers/STM32F4xx_HAL_Driver/stm32f4xx_hal_rcc.o
 .debug_ranges  0x0000000000000418      0x220 ./Drivers/STM32F4xx_HAL_Driver/stm32f4xx_hal_uart.o
 .debug_ranges  0x0000000000000638      0x298 ./Middlewares/FreeRTOS/cmsis_os2.o
 .debug_ranges  0x00000000000008d0       0x48 ./Middlewares/FreeRTOS/heap_4.o
 .debug_ranges  0x0000000000000918       0x30 ./Middlewares/FreeRTOS/list.o
 .debug_ranges  0x0000000000000948       0x70 ./Middlewares/FreeRTOS/port.o
 .debug_ranges  0x00000000000009b8      0x148 ./Middlewares/FreeRTOS/queue.o
 .debug_ranges  0x0000000000000b00      0x1f8 ./Middlewares/FreeRTOS/tasks.o
 .debug_ranges  0x0000000000000cf8       0xe0 ./Middlewares/FreeRTOS/timers.o

.debug_macro    0x0000000000000000     0x2a6f
 .debug_macro   0x0000000000000000      0x1d8 ./Core/Src/lcd.o
 .debug_macro   0x00000000000001d8       0xac ./Core/Src/lcd.o
 .debug_macro   0x0000000000000284      0x26c ./Core/Src/main.o
 .debug_macro   0x00000000000004f0      0x169 ./Core/Src/main.o
 .debug_macro   0x0000000000000659       0x66 ./Core/Src/main.o
 .debug_macro   0x00000000000006bf       0x74 ./Core/Src/main.o
 .debug_macro   0x0000000000000733       0xdd ./Core/Src/main.o
 .debug_macro   0x0000000000000810      0x1c9 ./Core/Src/stm32f4xx_hal_msp.o
 .debug_macro   0x00000000000009d9      0x23b ./Core/Src/stm32f4xx_it.o
 .debug_macro   0x0000000000000c14      0x1ba ./Core/Src/system_stm32f4xx.o
 .debug_macro   0x0000000000000dce      0x21a ./Drivers/STM32F4xx_HAL_Driver/stm32f4xx_hal.o
 .debug_macro   0x0000000000000fe8      0x1ba ./Drivers/STM32F4xx_HAL_Driver/stm32f4xx_hal_cortex.o
 .debug_macro   0x00000000000011a2      0x1c0 ./Drivers/STM32F4xx_HAL_Driver/stm32f4xx_hal_gpio.o
 .debug_macro   0x0000000000001362      0x1de ./Drivers/STM32F4xx_HAL_Driver/stm32f4xx_hal_rcc.o
 .debug_macro   0x0000000000001540      0x1bb ./Drivers/STM32F4xx_HAL_Driver/stm32f4xx_hal_uart.o
 .debug_macro   0x00000000000016fb      0x3b1 ./Middlewares/FreeRTOS/cmsis_os2.o
 .debug_macro   0x0000000000001aac       0x10 ./Middlewares/FreeRTOS/cmsis_os2.o
 .debug_macro   0x0000000000001abc       0x20 ./Middlewares/FreeRTOS/cmsis_os2.o
 .debug_macro   0x0000000000001adc       0x10 ./Middlewares/FreeRTOS/cmsis_os2.o
 .debug_macro   0x0000000000001aec       0xd3 ./Middlewares/FreeRTOS/cmsis_os2.o
 .debug_macro   0x0000000000001bbf       0x91 ./Middlewares/FreeRTOS/cmsis_os2.o
 .debug_macro   0x0000000000001c50       0x8d ./Middlewares/FreeRTOS/cmsis_os2.o
 .debug_macro   0x0000000000001cdd       0x9a ./Middlewares/FreeRTOS/cmsis_os2.o
 .debug_macro   0x0000000000001d77       0x22 ./Middlewares/FreeRTOS/cmsis_os2.o
 .debug_macro   0x0000000000001d99       0x56 ./Middlewares/FreeRTOS/cmsis_os2.o
 .debug_macro   0x0000000000001def      0x1ae ./Middlewares/FreeRTOS/heap_4.o
 .debug_macro   0x0000000000001f9d      0x187 ./Middlewares/FreeRTOS/list.o
 .debug_macro   0x0000000000002124      0x196 ./Middlewares/FreeRTOS/port.o
 .debug_macro   0x00000000000022ba      0x216 ./Middlewares/FreeRTOS/queue.o
 .debug_macro   0x00000000000024d0       0x16 ./Middlewares/FreeRTOS/queue.o
 .debug_macro   0x00000000000024e6       0x87 ./Middlewares/FreeRTOS/queue.o
 .debug_macro   0x000000000000256d      0x27f ./Middlewares/FreeRTOS/tasks.o
 .debug_macro   0x00000000000027ec       0x10 ./Middlewares/FreeRTOS/tasks.o
 .debug_macro   0x00000000000027fc      0x1dc ./Middlewares/FreeRTOS/timers.o
 .debug_macro   0x00000000000029d8       0x97 ./Middlewares/FreeRTOS/timers.o

.debug_line     0x0000000000000000    0x10a52
 .debug_line    0x0000000000000000      0x9c2 ./Core/Src/lcd.o
 .debug_line    0x00000000000009c2      0xaaf ./Core/Src/main.o
 .debug_line    0x0000000000001471      0x790 ./Core/Src/stm32f4xx_hal_msp.o
 .debug_line    0x0000000000001c01      0x959 ./Core/Src/stm32f4xx_it.o
 .debug_line    0x000000000000255a      0x7c4 ./Core/Src/system_stm32f4xx.o
 .debug_line    0x0000000000002d1e       0x88 ./Core/Startup/startup_stm32f401retx.o
 .debug_line    0x0000000000002da6      0xa61 ./Drivers/STM32F4xx_HAL_Driver/stm32f4xx_hal.o
 .debug_line    0x0000000000003807      0xd10 ./Drivers/STM32F4xx_HAL_Driver/stm32f4xx_hal_cortex.o
 .debug_line    0x0000000000004517      0xb99 ./Drivers/STM32F4xx_HAL_Driver/stm32f4xx_hal_gpio.o
 .debug_line    0x00000000000050b0      0xddd ./Drivers/STM32F4xx_HAL_Driver/stm32f4xx_hal_rcc.o
 .debug_line    0x0000000000005e8d     0x2b06 ./Drivers/STM32F4xx_HAL_Driver/stm32f4xx_hal_uart.o
 .debug_line    0x0000000000008993     0x24b5 ./Middlewares/FreeRTOS/cmsis_os2.o
 .debug_line    0x000000000000ae48      0x99f ./Middlewares/FreeRTOS/heap_4.o
 .debug_line    0x000000000000b7e7      0x775 ./Middlewares/FreeRTOS/list.o
 .debug_line    0x000000000000bf5c      0x7ee ./Middlewares/FreeRTOS/port.o
 .debug_line    0x000000000000c74a     0x173f ./Middlewares/FreeRTOS/queue.o
 .debug_line    0x000000000000de89     0x1df4 ./Middlewares/FreeRTOS/tasks.o
 .debug_line    0x000000000000fc7d      0xdd5 ./Middlewares/FreeRTOS/timers.o

.debug_str      0x0000000000000000    0x8eb96
 .debug_str     0x0000000000000000    0x7f131 ./Core/Src/lcd.o
                                      0x7f3d5 (size before relaxing)
 .debug_str     0x000000000007f131     0x55ce ./Core/Src/main.o
                                      0x8491d (size before relaxing)
 .debug_str     0x00000000000846ff      0x407 ./Core/Src/stm32f4xx_hal_msp.o
                                      0x7f8d9 (size before relaxing)
 .debug_str     0x0000000000084b06       0xd9 ./Core/Src/stm32f4xx_it.o
                                      0x82d84 (size before relaxing)
 .debug_str     0x0000000000084bdf       0xdb ./Core/Src/system_stm32f4xx.o
                                      0x7eece (size before relaxing)
 .debug_str     0x0000000000084cba       0x36 ./Core/Startup/startup_stm32f401retx.o
                                         0x66 (size before relaxing)
 .debug_str     0x0000000000084cf0      0x644 ./Drivers/STM32F4xx_HAL_Driver/stm32f4xx_hal.o
                                      0x7f927 (size before relaxing)
 .debug_str     0x0000000000085334      0x37b ./Drivers/STM32F4xx_HAL_Driver/stm32f4xx_hal_cortex.o
                                      0x7f648 (size before relaxing)
 .debug_str     0x00000000000856af      0x158 ./Drivers/STM32F4xx_HAL_Driver/stm32f4xx_hal_gpio.o
                                      0x7f080 (size before relaxing)
 .debug_str     0x0000000000085807      0x256 ./Drivers/STM32F4xx_HAL_Driver/stm32f4xx_hal_rcc.o
                                      0x7f339 (size before relaxing)
 .debug_str     0x0000000000085a5d      0x686 ./Drivers/STM32F4xx_HAL_Driver/stm32f4xx_hal_uart.o
                                      0x7f8c6 (size before relaxing)
 .debug_str     0x00000000000860e3     0x5e08 ./Middlewares/FreeRTOS/cmsis_os2.o
                                      0x89670 (size before relaxing)
 .debug_str     0x000000000008beeb      0x4ac ./Middlewares/FreeRTOS/heap_4.o
                                       0xafd3 (size before relaxing)
 .debug_str     0x000000000008c397      0x159 ./Middlewares/FreeRTOS/list.o
                                       0xa691 (size before relaxing)
 .debug_str     0x000000000008c4f0      0x855 ./Middlewares/FreeRTOS/port.o
                                       0x8602 (size before relaxing)
 .debug_str     0x000000000008cd45      0x84f ./Middlewares/FreeRTOS/queue.o
                                       0xc1d1 (size before relaxing)
 .debug_str     0x000000000008d594     0x1025 ./Middlewares/FreeRTOS/tasks.o
                                       0xcc8e (size before relaxing)
 .debug_str     0x000000000008e5b9      0x5dd ./Middlewares/FreeRTOS/timers.o
                                       0xc703 (size before relaxing)

.comment        0x0000000000000000       0x50
 .comment       0x0000000000000000       0x50 ./Core/Src/lcd.o
                                         0x51 (size before relaxing)
 .comment       0x0000000000000050       0x51 ./Core/Src/main.o
 .comment       0x0000000000000050       0x51 ./Core/Src/stm32f4xx_hal_msp.o
 .comment       0x0000000000000050       0x51 ./Core/Src/stm32f4xx_it.o
 .comment       0x0000000000000050       0x51 ./Core/Src/system_stm32f4xx.o
 .comment       0x0000000000000050       0x51 ./Drivers/STM32F4xx_HAL_Driver/stm32f4xx_hal.o
 .comment       0x0000000000000050       0x51 ./Drivers/STM32F4xx_HAL_Driver/stm32f4xx_hal_cortex.o
 .comment       0x0000000000000050       0x51 ./Drivers/STM32F4xx_HAL_Driver/stm32f4xx_hal_gpio.o
 .comment       0x0000000000000050       0x51 ./Drivers/STM32F4xx_HAL_Driver/stm32f4xx_hal_rcc.o
 .comment       0x0000000000000050       0x51 ./Drivers/STM32F4xx_HAL_Driver/stm32f4xx_hal_uart.o
 .comment       0x0000000000000050       0x51 ./Middlewares/FreeRTOS/cmsis_os2.o
 .comment       0x0000000000000050       0x51 ./Middlewares/FreeRTOS/heap_4.o
 .comment       0x0000000000000050       0x51 ./Middlewares/FreeRTOS/list.o
 .comment       0x0000000000000050       0x51 ./Middlewares/FreeRTOS/port.o
 .comment       0x0000000000000050       0x51 ./Middlewares/FreeRTOS/queue.o
 .comment       0x0000000000000050       0x51 ./Middlewares/FreeRTOS/tasks.o
 .comment       0x0000000000000050       0x51 ./Middlewares/FreeRTOS/timers.o

.debug_frame    0x0000000000000000     0x3cbc
 .debug_frame   0x0000000000000000      0x2a0 ./Core/Src/lcd.o
 .debug_frame   0x00000000000002a0       0xe8 ./Core/Src/main.o
 .debug_frame   0x0000000000000388       0x7c ./Core/Src/stm32f4xx_hal_msp.o
 .debug_frame   0x0000000000000404       0xc4 ./Core/Src/stm32f4xx_it.o
 .debug_frame   0x00000000000004c8       0x58 ./Core/Src/system_stm32f4xx.o
 .debug_frame   0x0000000000000520      0x374 ./Drivers/STM32F4xx_HAL_Driver/stm32f4xx_hal.o
 .debug_frame   0x0000000000000894      0x498 ./Drivers/STM32F4xx_HAL_Driver/stm32f4xx_hal_cortex.o
 .debug_frame   0x0000000000000d2c      0x14c ./Drivers/STM32F4xx_HAL_Driver/stm32f4xx_hal_gpio.o
 .debug_frame   0x0000000000000e78      0x1f4 ./Drivers/STM32F4xx_HAL_Driver/stm32f4xx_hal_rcc.o
 .debug_frame   0x000000000000106c      0x92c ./Drivers/STM32F4xx_HAL_Driver/stm32f4xx_hal_uart.o
 .debug_frame   0x0000000000001998      0xbc8 ./Middlewares/FreeRTOS/cmsis_os2.o
 .debug_frame   0x0000000000002560      0x12c ./Middlewares/FreeRTOS/heap_4.o
 .debug_frame   0x000000000000268c       0xd8 ./Middlewares/FreeRTOS/list.o
 .debug_frame   0x0000000000002764      0x1a8 ./Middlewares/FreeRTOS/port.o
 .debug_frame   0x000000000000290c      0x5ec ./Middlewares/FreeRTOS/queue.o
 .debug_frame   0x0000000000002ef8      0x8f0 ./Middlewares/FreeRTOS/tasks.o
 .debug_frame   0x00000000000037e8      0x400 ./Middlewares/FreeRTOS/timers.o
 .debug_frame   0x0000000000003be8       0x2c /opt/st/stm32cubeide_1.10.0/plugins/com.st.stm32cube.ide.mcu.externaltools.gnu-tools-for-stm32.10.3-2021.10.linux64_1.0.0.202111181127/tools/bin/../lib/gcc/arm-none-eabi/10.3.1/../../../../arm-none-eabi/lib/thumb/v7e-m+fp/hard/libc_nano.a(lib_a-init.o)
 .debug_frame   0x0000000000003c14       0x28 /opt/st/stm32cubeide_1.10.0/plugins/com.st.stm32cube.ide.mcu.externaltools.gnu-tools-for-stm32.10.3-2021.10.linux64_1.0.0.202111181127/tools/bin/../lib/gcc/arm-none-eabi/10.3.1/../../../../arm-none-eabi/lib/thumb/v7e-m+fp/hard/libc_nano.a(lib_a-memcpy-stub.o)
 .debug_frame   0x0000000000003c3c       0x20 /opt/st/stm32cubeide_1.10.0/plugins/com.st.stm32cube.ide.mcu.externaltools.gnu-tools-for-stm32.10.3-2021.10.linux64_1.0.0.202111181127/tools/bin/../lib/gcc/arm-none-eabi/10.3.1/../../../../arm-none-eabi/lib/thumb/v7e-m+fp/hard/libc_nano.a(lib_a-memset.o)
 .debug_frame   0x0000000000003c5c       0x2c /opt/st/stm32cubeide_1.10.0/plugins/com.st.stm32cube.ide.mcu.externaltools.gnu-tools-for-stm32.10.3-2021.10.linux64_1.0.0.202111181127/tools/bin/../lib/gcc/arm-none-eabi/10.3.1/thumb/v7e-m+fp/hard/libgcc.a(_aeabi_uldivmod.o)
 .debug_frame   0x0000000000003c88       0x34 /opt/st/stm32cubeide_1.10.0/plugins/com.st.stm32cube.ide.mcu.externaltools.gnu-tools-for-stm32.10.3-2021.10.linux64_1.0.0.202111181127/tools/bin/../lib/gcc/arm-none-eabi/10.3.1/thumb/v7e-m+fp/hard/libgcc.a(_udivmoddi4.o)
