Archive member included to satisfy reference by file (symbol)

/home/ugenix/st/stm32cubeide_1.10.0/plugins/com.st.stm32cube.ide.mcu.externaltools.gnu-tools-for-stm32.10.3-2021.10.linux64_1.0.0.202111181127/tools/bin/../lib/gcc/arm-none-eabi/10.3.1/../../../../arm-none-eabi/lib/thumb/v7e-m+fp/hard/libc_nano.a(lib_a-errno.o)
                              ./Core/Src/syscalls.o (__errno)
/home/ugenix/st/stm32cubeide_1.10.0/plugins/com.st.stm32cube.ide.mcu.externaltools.gnu-tools-for-stm32.10.3-2021.10.linux64_1.0.0.202111181127/tools/bin/../lib/gcc/arm-none-eabi/10.3.1/../../../../arm-none-eabi/lib/thumb/v7e-m+fp/hard/libc_nano.a(lib_a-exit.o)
                              /home/ugenix/st/stm32cubeide_1.10.0/plugins/com.st.stm32cube.ide.mcu.externaltools.gnu-tools-for-stm32.10.3-2021.10.linux64_1.0.0.202111181127/tools/bin/../lib/gcc/arm-none-eabi/10.3.1/../../../../arm-none-eabi/lib/thumb/v7e-m+fp/hard/crt0.o (exit)
/home/ugenix/st/stm32cubeide_1.10.0/plugins/com.st.stm32cube.ide.mcu.externaltools.gnu-tools-for-stm32.10.3-2021.10.linux64_1.0.0.202111181127/tools/bin/../lib/gcc/arm-none-eabi/10.3.1/../../../../arm-none-eabi/lib/thumb/v7e-m+fp/hard/libc_nano.a(lib_a-impure.o)
                              /home/ugenix/st/stm32cubeide_1.10.0/plugins/com.st.stm32cube.ide.mcu.externaltools.gnu-tools-for-stm32.10.3-2021.10.linux64_1.0.0.202111181127/tools/bin/../lib/gcc/arm-none-eabi/10.3.1/../../../../arm-none-eabi/lib/thumb/v7e-m+fp/hard/libc_nano.a(lib_a-exit.o) (_global_impure_ptr)
/home/ugenix/st/stm32cubeide_1.10.0/plugins/com.st.stm32cube.ide.mcu.externaltools.gnu-tools-for-stm32.10.3-2021.10.linux64_1.0.0.202111181127/tools/bin/../lib/gcc/arm-none-eabi/10.3.1/../../../../arm-none-eabi/lib/thumb/v7e-m+fp/hard/libc_nano.a(lib_a-init.o)
                              /home/ugenix/st/stm32cubeide_1.10.0/plugins/com.st.stm32cube.ide.mcu.externaltools.gnu-tools-for-stm32.10.3-2021.10.linux64_1.0.0.202111181127/tools/bin/../lib/gcc/arm-none-eabi/10.3.1/../../../../arm-none-eabi/lib/thumb/v7e-m+fp/hard/crt0.o (__libc_init_array)
/home/ugenix/st/stm32cubeide_1.10.0/plugins/com.st.stm32cube.ide.mcu.externaltools.gnu-tools-for-stm32.10.3-2021.10.linux64_1.0.0.202111181127/tools/bin/../lib/gcc/arm-none-eabi/10.3.1/../../../../arm-none-eabi/lib/thumb/v7e-m+fp/hard/libc_nano.a(lib_a-memcpy-stub.o)
                              ./Core/Src/ssd1306.o (memcpy)
/home/ugenix/st/stm32cubeide_1.10.0/plugins/com.st.stm32cube.ide.mcu.externaltools.gnu-tools-for-stm32.10.3-2021.10.linux64_1.0.0.202111181127/tools/bin/../lib/gcc/arm-none-eabi/10.3.1/../../../../arm-none-eabi/lib/thumb/v7e-m+fp/hard/libc_nano.a(lib_a-memset.o)
                              /home/ugenix/st/stm32cubeide_1.10.0/plugins/com.st.stm32cube.ide.mcu.externaltools.gnu-tools-for-stm32.10.3-2021.10.linux64_1.0.0.202111181127/tools/bin/../lib/gcc/arm-none-eabi/10.3.1/../../../../arm-none-eabi/lib/thumb/v7e-m+fp/hard/crt0.o (memset)
/home/ugenix/st/stm32cubeide_1.10.0/plugins/com.st.stm32cube.ide.mcu.externaltools.gnu-tools-for-stm32.10.3-2021.10.linux64_1.0.0.202111181127/tools/bin/../lib/gcc/arm-none-eabi/10.3.1/../../../../arm-none-eabi/lib/thumb/v7e-m+fp/hard/libc_nano.a(lib_a-nano-vfprintf_float.o)
                              (_printf_float)
/home/ugenix/st/stm32cubeide_1.10.0/plugins/com.st.stm32cube.ide.mcu.externaltools.gnu-tools-for-stm32.10.3-2021.10.linux64_1.0.0.202111181127/tools/bin/../lib/gcc/arm-none-eabi/10.3.1/../../../../arm-none-eabi/lib/thumb/v7e-m+fp/hard/libc_nano.a(lib_a-nano-vfprintf_i.o)
                              /home/ugenix/st/stm32cubeide_1.10.0/plugins/com.st.stm32cube.ide.mcu.externaltools.gnu-tools-for-stm32.10.3-2021.10.linux64_1.0.0.202111181127/tools/bin/../lib/gcc/arm-none-eabi/10.3.1/../../../../arm-none-eabi/lib/thumb/v7e-m+fp/hard/libc_nano.a(lib_a-nano-vfprintf_float.o) (_printf_common)
/home/ugenix/st/stm32cubeide_1.10.0/plugins/com.st.stm32cube.ide.mcu.externaltools.gnu-tools-for-stm32.10.3-2021.10.linux64_1.0.0.202111181127/tools/bin/../lib/gcc/arm-none-eabi/10.3.1/../../../../arm-none-eabi/lib/thumb/v7e-m+fp/hard/libc_nano.a(lib_a-nano-vfscanf_float.o)
                              (_scanf_float)
/home/ugenix/st/stm32cubeide_1.10.0/plugins/com.st.stm32cube.ide.mcu.externaltools.gnu-tools-for-stm32.10.3-2021.10.linux64_1.0.0.202111181127/tools/bin/../lib/gcc/arm-none-eabi/10.3.1/../../../../arm-none-eabi/lib/thumb/v7e-m+fp/hard/libc_nano.a(lib_a-sf_nan.o)
                              /home/ugenix/st/stm32cubeide_1.10.0/plugins/com.st.stm32cube.ide.mcu.externaltools.gnu-tools-for-stm32.10.3-2021.10.linux64_1.0.0.202111181127/tools/bin/../lib/gcc/arm-none-eabi/10.3.1/../../../../arm-none-eabi/lib/thumb/v7e-m+fp/hard/libc_nano.a(lib_a-nano-vfscanf_float.o) (nanf)
[...]
Memory Configuration

Name             Origin             Length             Attributes
RAM              0x0000000020000000 0x0000000000018000 xrw
FLASH            0x0000000008000000 0x0000000000080000 xr
*default*        0x0000000000000000 0xffffffffffffffff

Linker script and memory map

LOAD /home/ugenix/st/stm32cubeide_1.10.0/plugins/com.st.stm32cube.ide.mcu.externaltools.gnu-tools-for-stm32.10.3-2021.10.linux64_1.0.0.202111181127/tools/bin/../lib/gcc/arm-none-eabi/10.3.1/thumb/v7e-m+fp/hard/crti.o
LOAD /home/ugenix/st/stm32cubeide_1.10.0/plugins/com.st.stm32cube.ide.mcu.externaltools.gnu-tools-for-stm32.10.3-2021.10.linux64_1.0.0.202111181127/tools/bin/../lib/gcc/arm-none-eabi/10.3.1/thumb/v7e-m+fp/hard/crtbegin.o
LOAD /home/ugenix/st/stm32cubeide_1.10.0/plugins/com.st.stm32cube.ide.mcu.externaltools.gnu-tools-for-stm32.10.3-2021.10.linux64_1.0.0.202111181127/tools/bin/../lib/gcc/arm-none-eabi/10.3.1/../../../../arm-none-eabi/lib/thumb/v7e-m+fp/hard/crt0.o
LOAD ./Core/Src/ds1307.o
LOAD ./Core/Src/freertos.o
LOAD ./Core/Src/lcd.o
LOAD ./Core/Src/main.o
LOAD ./Core/Src/ssd1306.o
LOAD ./Core/Src/ssd1306_fonts.o
LOAD ./Core/Src/stm32f4xx_hal_msp.o
LOAD ./Core/Src/stm32f4xx_it.o
LOAD ./Core/Src/syscalls.o
LOAD ./Core/Src/sysmem.o
LOAD ./Core/Src/system_stm32f4xx.o
LOAD ./Core/Startup/startup_stm32f401retx.o
LOAD ./Drivers/STM32F4xx_HAL_Driver/stm32f4xx_hal.o
LOAD ./Drivers/STM32F4xx_HAL_Driver/stm32f4xx_hal_adc.o
LOAD ./Drivers/STM32F4xx_HAL_Driver/stm32f4xx_hal_adc_ex.o
LOAD ./Drivers/STM32F4xx_HAL_Driver/stm32f4xx_hal_cortex.o
LOAD ./Drivers/STM32F4xx_HAL_Driver/stm32f4xx_hal_dma.o
LOAD ./Drivers/STM32F4xx_HAL_Driver/stm32f4xx_hal_dma_ex.o
LOAD ./Drivers/STM32F4xx_HAL_Driver/stm32f4xx_hal_exti.o
LOAD ./Drivers/STM32F4xx_HAL_Driver/stm32f4xx_hal_flash.o
LOAD ./Drivers/STM32F4xx_HAL_Driver/stm32f4xx_hal_flash_ex.o
LOAD ./Drivers/STM32F4xx_HAL_Driver/stm32f4xx_hal_flash_ramfunc.o
LOAD ./Drivers/STM32F4xx_HAL_Driver/stm32f4xx_hal_gpio.o
LOAD ./Drivers/STM32F4xx_HAL_Driver/stm32f4xx_hal_i2c.o
LOAD ./Drivers/STM32F4xx_HAL_Driver/stm32f4xx_hal_i2c_ex.o
LOAD ./Drivers/STM32F4xx_HAL_Driver/stm32f4xx_hal_pwr.o
LOAD ./Drivers/STM32F4xx_HAL_Driver/stm32f4xx_hal_pwr_ex.o
LOAD ./Drivers/STM32F4xx_HAL_Driver/stm32f4xx_hal_rcc.o
LOAD ./Drivers/STM32F4xx_HAL_Driver/stm32f4xx_hal_rcc_ex.o
LOAD ./Drivers/STM32F4xx_HAL_Driver/stm32f4xx_hal_tim.o
LOAD ./Drivers/STM32F4xx_HAL_Driver/stm32f4xx_hal_tim_ex.o
LOAD ./Drivers/STM32F4xx_HAL_Driver/stm32f4xx_hal_uart.o
LOAD ./Drivers/STM32F4xx_HAL_Driver/stm32f4xx_ll_adc.o
LOAD ./Middlewares/FreeRTOS/cmsis_os2.o
LOAD ./Middlewares/FreeRTOS/croutine.o
LOAD ./Middlewares/FreeRTOS/event_groups.o
LOAD ./Middlewares/FreeRTOS/heap_4.o
LOAD ./Middlewares/FreeRTOS/list.o
LOAD ./Middlewares/FreeRTOS/port.o
LOAD ./Middlewares/FreeRTOS/queue.o
LOAD ./Middlewares/FreeRTOS/stream_buffer.o
LOAD ./Middlewares/FreeRTOS/tasks.o
LOAD ./Middlewares/FreeRTOS/timers.o
START GROUP
LOAD /home/ugenix/st/stm32cubeide_1.10.0/plugins/com.st.stm32cube.ide.mcu.externaltools.gnu-tools-for-stm32.10.3-2021.10.linux64_1.0.0.202111181127/tools/bin/../lib/gcc/arm-none-eabi/10.3.1/../../../../arm-none-eabi/lib/thumb/v7e-m+fp/hard/libc_nano.a
LOAD /home/ugenix/st/stm32cubeide_1.10.0/plugins/com.st.stm32cube.ide.mcu.externaltools.gnu-tools-for-stm32.10.3-2021.10.linux64_1.0.0.202111181127/tools/bin/../lib/gcc/arm-none-eabi/10.3.1/../../../../arm-none-eabi/lib/thumb/v7e-m+fp/hard/libm.a
END GROUP
START GROUP
LOAD /home/ugenix/st/stm32cubeide_1.10.0/plugins/com.st.stm32cube.ide.mcu.externaltools.gnu-tools-for-stm32.10.3-2021.10.linux64_1.0.0.202111181127/tools/bin/../lib/gcc/arm-none-eabi/10.3.1/thumb/v7e-m+fp/hard/libgcc.a
LOAD /home/ugenix/st/stm32cubeide_1.10.0/plugins/com.st.stm32cube.ide.mcu.externaltools.gnu-tools-for-stm32.10.3-2021.10.linux64_1.0.0.202111181127/tools/bin/../lib/gcc/arm-none-eabi/10.3.1/../../../../arm-none-eabi/lib/thumb/v7e-m+fp/hard/libc_nano.a
END GROUP
START GROUP
LOAD /home/ugenix/st/stm32cubeide_1.10.0/plugins/com.st.stm32cube.ide.mcu.externaltools.gnu-tools-for-stm32.10.3-2021.10.linux64_1.0.0.202111181127/tools/bin/../lib/gcc/arm-none-eabi/10.3.1/thumb/v7e-m+fp/hard/libgcc.a
LOAD /home/ugenix/st/stm32cubeide_1.10.0/plugins/com.st.stm32cube.ide.mcu.externaltools.gnu-tools-for-stm32.10.3-2021.10.linux64_1.0.0.202111181127/tools/bin/../lib/gcc/arm-none-eabi/10.3.1/../../../../arm-none-eabi/lib/thumb/v7e-m+fp/hard/libc_nano.a
LOAD /home/ugenix/st/stm32cubeide_1.10.0/plugins/com.st.stm32cube.ide.mcu.externaltools.gnu-tools-for-stm32.10.3-2021.10.linux64_1.0.0.202111181127/tools/bin/../lib/gcc/arm-none-eabi/10.3.1/../../../../arm-none-eabi/lib/thumb/v7e-m+fp/hard/libnosys.a
END GROUP
START GROUP
LOAD /home/ugenix/st/stm32cubeide_1.10.0/plugins/com.st.stm32cube.ide.mcu.externaltools.gnu-tools-for-stm32.10.3-2021.10.linux64_1.0.0.202111181127/tools/bin/../lib/gcc/arm-none-eabi/10.3.1/thumb/v7e-m+fp/hard/libgcc.a
LOAD /home/ugenix/st/stm32cubeide_1.10.0/plugins/com.st.stm32cube.ide.mcu.externaltools.gnu-tools-for-stm32.10.3-2021.10.linux64_1.0.0.202111181127/tools/bin/../lib/gcc/arm-none-eabi/10.3.1/../../../../arm-none-eabi/lib/thumb/v7e-m+fp/hard/libc_nano.a
LOAD /home/ugenix/st/stm32cubeide_1.10.0/plugins/com.st.stm32cube.ide.mcu.externaltools.gnu-tools-for-stm32.10.3-2021.10.linux64_1.0.0.202111181127/tools/bin/../lib/gcc/arm-none-eabi/10.3.1/../../../../arm-none-eabi/lib/thumb/v7e-m+fp/hard/libnosys.a
END GROUP
LOAD /home/ugenix/st/stm32cubeide_1.10.0/plugins/com.st.stm32cube.ide.mcu.externaltools.gnu-tools-for-stm32.10.3-2021.10.linux64_1.0.0.202111181127/tools/bin/../lib/gcc/arm-none-eabi/10.3.1/thumb/v7e-m+fp/hard/crtend.o
LOAD /home/ugenix/st/stm32cubeide_1.10.0/plugins/com.st.stm32cube.ide.mcu.externaltools.gnu-tools-for-stm32.10.3-2021.10.linux64_1.0.0.202111181127/tools/bin/../lib/gcc/arm-none-eabi/10.3.1/thumb/v7e-m+fp/hard/crtn.o
                0x0000000020018000                _estack = (ORIGIN (RAM) + LENGTH (RAM))
                0x0000000000000200                _Min_Heap_Size = 0x200
                0x0000000000000400                _Min_Stack_Size = 0x400

.isr_vector     0x0000000008000000      0x194
                0x0000000008000000                . = ALIGN (0x4)
 *(.isr_vector)
 .isr_vector    0x0000000008000000      0x194 ./Core/Startup/startup_stm32f401retx.o
                0x0000000008000000                g_pfnVectors
                0x0000000008000194                . = ALIGN (0x4)

.text           0x00000000080001a0     0xe8b0
                0x00000000080001a0                . = ALIGN (0x4)
 *(.text)
 .text          0x00000000080001a0       0x40 /home/ugenix/st/stm32cubeide_1.10.0/plugins/com.st.stm32cube.ide.mcu.externaltools.gnu-tools-for-stm32.10.3-2021.10.linux64_1.0.0.202111181127/tools/bin/../lib/gcc/arm-none-eabi/10.3.1/thumb/v7e-m+fp/hard/crtbegin.o
 .text          0x00000000080001e0       0x10 /home/ugenix/st/stm32cubeide_1.10.0/plugins/com.st.stm32cube.ide.mcu.externaltools.gnu-tools-for-stm32.10.3-2021.10.linux64_1.0.0.202111181127/tools/bin/../lib/gcc/arm-none-eabi/10.3.1/../../../../arm-none-eabi/lib/thumb/v7e-m+fp/hard/libc_nano.a(lib_a-strlen.o)
                0x00000000080001e0                strlen
 .text          0x00000000080001f0       0xa0 /home/ugenix/st/stm32cubeide_1.10.0/plugins/com.st.stm32cube.ide.mcu.externaltools.gnu-tools-for-stm32.10.3-2021.10.linux64_1.0.0.202111181127/tools/bin/../lib/gcc/arm-none-eabi/10.3.1/../../../../arm-none-eabi/lib/thumb/v7e-m+fp/hard/libc_nano.a(lib_a-memchr.o)
                0x00000000080001f0                memchr
 .text          0x0000000008000290      0x378 /home/ugenix/st/stm32cubeide_1.10.0/plugins/com.st.stm32cube.ide.mcu.externaltools.gnu-tools-for-stm32.10.3-2021.10.linux64_1.0.0.202111181127/tools/bin/../lib/gcc/arm-none-eabi/10.3.1/thumb/v7e-m+fp/hard/libgcc.a(_arm_addsubdf3.o)
                0x0000000008000290                __aeabi_drsub
                0x0000000008000298                __aeabi_dsub
                0x0000000008000298                __subdf3
                0x000000000800029c                __adddf3
                0x000000000800029c                __aeabi_dadd
                0x0000000008000514                __aeabi_ui2d
                0x0000000008000514                __floatunsidf
                0x0000000008000534                __floatsidf
                0x0000000008000534                __aeabi_i2d
                0x0000000008000558                __extendsfdf2
                0x0000000008000558                __aeabi_f2d
                0x000000000800059c                __aeabi_ul2d
                0x000000000800059c                __floatundidf
                0x00000000080005ac                __floatdidf
                0x00000000080005ac                __aeabi_l2d
 .text          0x0000000008000608      0x424 /home/ugenix/st/stm32cubeide_1.10.0/plugins/com.st.stm32cube.ide.mcu.externaltools.gnu-tools-for-stm32.10.3-2021.10.linux64_1.0.0.202111181127/tools/bin/../lib/gcc/arm-none-eabi/10.3.1/thumb/v7e-m+fp/hard/libgcc.a(_arm_muldivdf3.o)
                0x0000000008000608                __aeabi_dmul
                0x0000000008000608                __muldf3
                0x000000000800085c                __aeabi_ddiv
                0x000000000800085c                __divdf3
 .text          0x0000000008000a2c      0x110 /home/ugenix/st/stm32cubeide_1.10.0/plugins/com.st.stm32cube.ide.mcu.externaltools.gnu-tools-for-stm32.10.3-2021.10.linux64_1.0.0.202111181127/tools/bin/../lib/gcc/arm-none-eabi/10.3.1/thumb/v7e-m+fp/hard/libgcc.a(_arm_cmpdf2.o)
                0x0000000008000a2c                __gtdf2
                0x0000000008000a2c                __gedf2
                0x0000000008000a34                __ltdf2
                0x0000000008000a34                __ledf2
                0x0000000008000a3c                __cmpdf2
                0x0000000008000a3c                __eqdf2
                0x0000000008000a3c                __nedf2
                0x0000000008000ab8                __aeabi_cdrcmple
                0x0000000008000ac8                __aeabi_cdcmple
                0x0000000008000ac8                __aeabi_cdcmpeq
                0x0000000008000ad8                __aeabi_dcmpeq
                0x0000000008000aec                __aeabi_dcmplt
                0x0000000008000b00                __aeabi_dcmple
                0x0000000008000b14                __aeabi_dcmpge
                0x0000000008000b28                __aeabi_dcmpgt
 .text          0x0000000008000b3c       0x2c /home/ugenix/st/stm32cubeide_1.10.0/plugins/com.st.stm32cube.ide.mcu.externaltools.gnu-tools-for-stm32.10.3-2021.10.linux64_1.0.0.202111181127/tools/bin/../lib/gcc/arm-none-eabi/10.3.1/thumb/v7e-m+fp/hard/libgcc.a(_arm_unorddf2.o)
                0x0000000008000b3c                __aeabi_dcmpun
                0x0000000008000b3c                __unorddf2
 .text          0x0000000008000b68       0x50 /home/ugenix/st/stm32cubeide_1.10.0/plugins/com.st.stm32cube.ide.mcu.externaltools.gnu-tools-for-stm32.10.3-2021.10.linux64_1.0.0.202111181127/tools/bin/../lib/gcc/arm-none-eabi/10.3.1/thumb/v7e-m+fp/hard/libgcc.a(_arm_fixdfsi.o)
                0x0000000008000b68                __fixdfsi
                0x0000000008000b68                __aeabi_d2iz
 .text          0x0000000008000bb8       0x40 /home/ugenix/st/stm32cubeide_1.10.0/plugins/com.st.stm32cube.ide.mcu.externaltools.gnu-tools-for-stm32.10.3-2021.10.linux64_1.0.0.202111181127/tools/bin/../lib/gcc/arm-none-eabi/10.3.1/thumb/v7e-m+fp/hard/libgcc.a(_arm_fixunsdfsi.o)
                0x0000000008000bb8                __fixunsdfsi
                0x0000000008000bb8                __aeabi_d2uiz
 .text          0x0000000008000bf8       0xa0 /home/ugenix/st/stm32cubeide_1.10.0/plugins/com.st.stm32cube.ide.mcu.externaltools.gnu-tools-for-stm32.10.3-2021.10.linux64_1.0.0.202111181127/tools/bin/../lib/gcc/arm-none-eabi/10.3.1/thumb/v7e-m+fp/hard/libgcc.a(_arm_truncdfsf2.o)
                0x0000000008000bf8                __aeabi_d2f
                0x0000000008000bf8                __truncdfsf2
 .text          0x0000000008000c98       0x30 /home/ugenix/st/stm32cubeide_1.10.0/plugins/com.st.stm32cube.ide.mcu.externaltools.gnu-tools-for-stm32.10.3-2021.10.linux64_1.0.0.202111181127/tools/bin/../lib/gcc/arm-none-eabi/10.3.1/thumb/v7e-m+fp/hard/libgcc.a(_aeabi_uldivmod.o)
                0x0000000008000c98                __aeabi_uldivmod
 .text          0x0000000008000cc8       0x30 /home/ugenix/st/stm32cubeide_1.10.0/plugins/com.st.stm32cube.ide.mcu.externaltools.gnu-tools-for-stm32.10.3-2021.10.linux64_1.0.0.202111181127/tools/bin/../lib/gcc/arm-none-eabi/10.3.1/thumb/v7e-m+fp/hard/libgcc.a(_fixdfdi.o)
                0x0000000008000cc8                __aeabi_d2lz
                0x0000000008000cc8                __fixdfdi
 .text          0x0000000008000cf8       0x3c /home/ugenix/st/stm32cubeide_1.10.0/plugins/com.st.stm32cube.ide.mcu.externaltools.gnu-tools-for-stm32.10.3-2021.10.linux64_1.0.0.202111181127/tools/bin/../lib/gcc/arm-none-eabi/10.3.1/thumb/v7e-m+fp/hard/libgcc.a(_fixunsdfdi.o)
                0x0000000008000cf8                __aeabi_d2ulz
                0x0000000008000cf8                __fixunsdfdi
 .text          0x0000000008000d34      0x2d0 /home/ugenix/st/stm32cubeide_1.10.0/plugins/com.st.stm32cube.ide.mcu.externaltools.gnu-tools-for-stm32.10.3-2021.10.linux64_1.0.0.202111181127/tools/bin/../lib/gcc/arm-none-eabi/10.3.1/thumb/v7e-m+fp/hard/libgcc.a(_udivmoddi4.o)
                0x0000000008000d34                __udivmoddi4
 .text          0x0000000008001004        0x4 /home/ugenix/st/stm32cubeide_1.10.0/plugins/com.st.stm32cube.ide.mcu.externaltools.gnu-tools-for-stm32.10.3-2021.10.linux64_1.0.0.202111181127/tools/bin/../lib/gcc/arm-none-eabi/10.3.1/thumb/v7e-m+fp/hard/libgcc.a(_dvmd_tls.o)
                0x0000000008001004                __aeabi_ldiv0
                0x0000000008001004                __aeabi_idiv0
 *(.text*)
 .text.bcd2bin  0x0000000008001008       0x32 ./Core/Src/ds1307.o
                0x0000000008001008                bcd2bin
 *fill*         0x000000000800103a        0x2 
 .text.bin2bcd  0x000000000800103c       0x48 ./Core/Src/ds1307.o
                0x000000000800103c                bin2bcd
 .text.rtc_write
                0x0000000008001084       0x38 ./Core/Src/ds1307.o
                0x0000000008001084                rtc_write
 .text.rtc_init
                0x00000000080010bc       0x48 ./Core/Src/ds1307.o
                0x00000000080010bc                rtc_init
 .text.rtc_get_time
                0x0000000008001104       0x68 ./Core/Src/ds1307.o
                0x0000000008001104                rtc_get_time
 .text.rtc_set_time
                0x000000000800116c       0x60 ./Core/Src/ds1307.o
                0x000000000800116c                rtc_set_time
 .text.rtc_get_date
                0x00000000080011cc       0x74 ./Core/Src/ds1307.o
                0x00000000080011cc                rtc_get_date
 .text.rtc_set_date
                0x0000000008001240       0x70 ./Core/Src/ds1307.o
                0x0000000008001240                rtc_set_date
 .text.lcd_begin
                0x00000000080012b0      0x106 ./Core/Src/lcd.o
                0x00000000080012b0                lcd_begin
 .text.lcd_clear
                0x00000000080013b6       0x18 ./Core/Src/lcd.o
                0x00000000080013b6                lcd_clear
 .text.lcd_home
                0x00000000080013ce       0x1e ./Core/Src/lcd.o
                0x00000000080013ce                lcd_home
 .text.lcd_noDisplay
                0x00000000080013ec       0x36 ./Core/Src/lcd.o
                0x00000000080013ec                lcd_noDisplay
 .text.lcd_display
                0x0000000008001422       0x36 ./Core/Src/lcd.o
                0x0000000008001422                lcd_display
 .text.lcd_setCursor
                0x0000000008001458       0x64 ./Core/Src/lcd.o
                0x0000000008001458                lcd_setCursor
 .text.lcd_print
                0x00000000080014bc       0x2e ./Core/Src/lcd.o
                0x00000000080014bc                lcd_print
 .text.lcd_setRowOffsets
                0x00000000080014ea       0x42 ./Core/Src/lcd.o
 .text.lcd_send
                0x000000000800152c       0xb8 ./Core/Src/lcd.o
 .text.lcd_sendData
                0x00000000080015e4       0x3a ./Core/Src/lcd.o
 .text.lcd_sendCmd
                0x000000000800161e       0x3a ./Core/Src/lcd.o
 .text.delay_us
                0x0000000008001658       0x48 ./Core/Src/lcd.o
 .text.set_RGB  0x00000000080016a0       0x4c ./Core/Src/main.o
                0x00000000080016a0                set_RGB
 .text.main     0x00000000080016ec      0x138 ./Core/Src/main.o
                0x00000000080016ec                main
 .text.SystemClock_Config
                0x0000000008001824       0xd8 ./Core/Src/main.o
                0x0000000008001824                SystemClock_Config
 .text.MX_ADC1_Init
                0x00000000080018fc       0xa4 ./Core/Src/main.o
 .text.MX_I2C1_Init
                0x00000000080019a0       0x5c ./Core/Src/main.o
 .text.MX_I2C3_Init
                0x00000000080019fc       0x5c ./Core/Src/main.o
 .text.MX_USART2_UART_Init
                0x0000000008001a58       0x54 ./Core/Src/main.o
 .text.MX_GPIO_Init
                0x0000000008001aac      0x160 ./Core/Src/main.o
 .text.lcd_config
                0x0000000008001c0c       0x68 ./Core/Src/main.o
                0x0000000008001c0c                lcd_config
 .text.lcd_rgb_init
                0x0000000008001c74       0x68 ./Core/Src/main.o
                0x0000000008001c74                lcd_rgb_init
 .text.ds1307_init
                0x0000000008001cdc       0x28 ./Core/Src/main.o
                0x0000000008001cdc                ds1307_init
 .text.ssd1306_IniText
                0x0000000008001d04       0x94 ./Core/Src/main.o
                0x0000000008001d04                ssd1306_IniText
 .text.HAL_UART_RxCpltCallback
                0x0000000008001d98      0x1d8 ./Core/Src/main.o
                0x0000000008001d98                HAL_UART_RxCpltCallback
 .text.HAL_UART_TxCpltCallback
                0x0000000008001f70       0x14 ./Core/Src/main.o
                0x0000000008001f70                HAL_UART_TxCpltCallback
 .text.HAL_GPIO_EXTI_Callback
                0x0000000008001f84      0x20c ./Core/Src/main.o
                0x0000000008001f84                HAL_GPIO_EXTI_Callback
 .text.StartDefaultTask
                0x0000000008002190       0x50 ./Core/Src/main.o
                0x0000000008002190                StartDefaultTask
 .text.MostrarDatosLCD
                0x00000000080021e0      0x10c ./Core/Src/main.o
                0x00000000080021e0                MostrarDatosLCD
 *fill*         0x00000000080022ec        0x4 
 .text.Lectura  0x00000000080022f0       0xac ./Core/Src/main.o
                0x00000000080022f0                Lectura
 .text.SetRGB   0x000000000800239c      0x12c ./Core/Src/main.o
                0x000000000800239c                SetRGB
 .text.StartTask06
                0x00000000080024c8       0x44 ./Core/Src/main.o
                0x00000000080024c8                StartTask06
 .text.Error_Handler
                0x000000000800250c        0xa ./Core/Src/main.o
                0x000000000800250c                Error_Handler
 .text.ssd1306_Reset
                0x0000000008002516        0xe ./Core/Src/ssd1306.o
                0x0000000008002516                ssd1306_Reset
 .text.ssd1306_WriteCommand
                0x0000000008002524       0x30 ./Core/Src/ssd1306.o
                0x0000000008002524                ssd1306_WriteCommand
 .text.ssd1306_WriteData
                0x0000000008002554       0x34 ./Core/Src/ssd1306.o
                0x0000000008002554                ssd1306_WriteData
 .text.ssd1306_Init
                0x0000000008002588       0xd4 ./Core/Src/ssd1306.o
                0x0000000008002588                ssd1306_Init
 .text.ssd1306_Fill
                0x000000000800265c       0x48 ./Core/Src/ssd1306.o
                0x000000000800265c                ssd1306_Fill
 .text.ssd1306_UpdateScreen
                0x00000000080026a4       0x50 ./Core/Src/ssd1306.o
                0x00000000080026a4                ssd1306_UpdateScreen
 .text.ssd1306_DrawPixel
                0x00000000080026f4       0xa8 ./Core/Src/ssd1306.o
                0x00000000080026f4                ssd1306_DrawPixel
 .text.ssd1306_WriteChar
                0x000000000800279c      0x110 ./Core/Src/ssd1306.o
                0x000000000800279c                ssd1306_WriteChar
 .text.ssd1306_WriteString
                0x00000000080028ac       0x4c ./Core/Src/ssd1306.o
                0x00000000080028ac                ssd1306_WriteString
 .text.ssd1306_SetCursor
                0x00000000080028f8       0x30 ./Core/Src/ssd1306.o
                0x00000000080028f8                ssd1306_SetCursor
 .text.ssd1306_SetContrast
                0x0000000008002928       0x26 ./Core/Src/ssd1306.o
                0x0000000008002928                ssd1306_SetContrast
 *fill*         0x000000000800294e        0x2 
 .text.ssd1306_SetDisplayOn
                0x0000000008002950       0x3c ./Core/Src/ssd1306.o
                0x0000000008002950                ssd1306_SetDisplayOn
 .text.HAL_MspInit
                0x000000000800298c       0x58 ./Core/Src/stm32f4xx_hal_msp.o
                0x000000000800298c                HAL_MspInit
 .text.HAL_ADC_MspInit
                0x00000000080029e4       0x98 ./Core/Src/stm32f4xx_hal_msp.o
                0x00000000080029e4                HAL_ADC_MspInit
 .text.HAL_I2C_MspInit
                0x0000000008002a7c      0x140 ./Core/Src/stm32f4xx_hal_msp.o
                0x0000000008002a7c                HAL_I2C_MspInit
 .text.HAL_UART_MspInit
                0x0000000008002bbc       0xa0 ./Core/Src/stm32f4xx_hal_msp.o
                0x0000000008002bbc                HAL_UART_MspInit
 .text.NMI_Handler
                0x0000000008002c5c        0x6 ./Core/Src/stm32f4xx_it.o
                0x0000000008002c5c                NMI_Handler
 .text.HardFault_Handler
                0x0000000008002c62        0x6 ./Core/Src/stm32f4xx_it.o
                0x0000000008002c62                HardFault_Handler
 .text.MemManage_Handler
                0x0000000008002c68        0x6 ./Core/Src/stm32f4xx_it.o
                0x0000000008002c68                MemManage_Handler
 .text.BusFault_Handler
                0x0000000008002c6e        0x6 ./Core/Src/stm32f4xx_it.o
                0x0000000008002c6e                BusFault_Handler
 .text.UsageFault_Handler
                0x0000000008002c74        0x6 ./Core/Src/stm32f4xx_it.o
                0x0000000008002c74                UsageFault_Handler
 .text.DebugMon_Handler
                0x0000000008002c7a        0xe ./Core/Src/stm32f4xx_it.o
                0x0000000008002c7a                DebugMon_Handler
 .text.SysTick_Handler
                0x0000000008002c88       0x1a ./Core/Src/stm32f4xx_it.o
                0x0000000008002c88                SysTick_Handler
 *fill*         0x0000000008002ca2        0x2 
 .text.ADC_IRQHandler
                0x0000000008002ca4       0x14 ./Core/Src/stm32f4xx_it.o
                0x0000000008002ca4                ADC_IRQHandler
 .text.USART2_IRQHandler
                0x0000000008002cb8       0x14 ./Core/Src/stm32f4xx_it.o
                0x0000000008002cb8                USART2_IRQHandler
 .text.EXTI15_10_IRQHandler
                0x0000000008002ccc       0x20 ./Core/Src/stm32f4xx_it.o
                0x0000000008002ccc                EXTI15_10_IRQHandler
 .text._getpid  0x0000000008002cec       0x10 ./Core/Src/syscalls.o
                0x0000000008002cec                _getpid
 .text._kill    0x0000000008002cfc       0x20 ./Core/Src/syscalls.o
                0x0000000008002cfc                _kill
 .text._exit    0x0000000008002d1c       0x14 ./Core/Src/syscalls.o
                0x0000000008002d1c                _exit
 .text._read    0x0000000008002d30       0x3a ./Core/Src/syscalls.o
                0x0000000008002d30                _read
 .text._write   0x0000000008002d6a       0x38 ./Core/Src/syscalls.o
                0x0000000008002d6a                _write
 .text._close   0x0000000008002da2       0x18 ./Core/Src/syscalls.o
                0x0000000008002da2                _close
 .text._fstat   0x0000000008002dba       0x20 ./Core/Src/syscalls.o
                0x0000000008002dba                _fstat
 .text._isatty  0x0000000008002dda       0x16 ./Core/Src/syscalls.o
                0x0000000008002dda                _isatty
 .text._lseek   0x0000000008002df0       0x1a ./Core/Src/syscalls.o
                0x0000000008002df0                _lseek
 *fill*         0x0000000008002e0a        0x2 
 .text._sbrk    0x0000000008002e0c       0x6c ./Core/Src/sysmem.o
                0x0000000008002e0c                _sbrk
 .text.SystemInit
                0x0000000008002e78       0x24 ./Core/Src/system_stm32f4xx.o
                0x0000000008002e78                SystemInit
 .text.Reset_Handler
                0x0000000008002e9c       0x50 ./Core/Startup/startup_stm32f401retx.o
                0x0000000008002e9c                Reset_Handler
 .text.Default_Handler
                0x0000000008002eec        0x2 ./Core/Startup/startup_stm32f401retx.o
                0x0000000008002eec                RTC_Alarm_IRQHandler
                0x0000000008002eec                EXTI2_IRQHandler
                0x0000000008002eec                SPI4_IRQHandler
                0x0000000008002eec                TIM1_CC_IRQHandler
                0x0000000008002eec                DMA2_Stream5_IRQHandler
                0x0000000008002eec                DMA1_Stream5_IRQHandler
                0x0000000008002eec                PVD_IRQHandler
                0x0000000008002eec                SDIO_IRQHandler
                0x0000000008002eec                TAMP_STAMP_IRQHandler
                0x0000000008002eec                EXTI3_IRQHandler
                0x0000000008002eec                TIM1_UP_TIM10_IRQHandler
                0x0000000008002eec                I2C3_ER_IRQHandler
                0x0000000008002eec                EXTI0_IRQHandler
                0x0000000008002eec                I2C2_EV_IRQHandler
                0x0000000008002eec                DMA1_Stream2_IRQHandler
                0x0000000008002eec                FPU_IRQHandler
                0x0000000008002eec                DMA2_Stream2_IRQHandler
                0x0000000008002eec                SPI1_IRQHandler
                0x0000000008002eec                TIM1_BRK_TIM9_IRQHandler
                0x0000000008002eec                DMA2_Stream3_IRQHandler
                0x0000000008002eec                USART6_IRQHandler
                0x0000000008002eec                DMA2_Stream0_IRQHandler
                0x0000000008002eec                TIM4_IRQHandler
                0x0000000008002eec                I2C1_EV_IRQHandler
                0x0000000008002eec                DMA1_Stream6_IRQHandler
                0x0000000008002eec                DMA1_Stream1_IRQHandler
                0x0000000008002eec                TIM3_IRQHandler
                0x0000000008002eec                RCC_IRQHandler
                0x0000000008002eec                Default_Handler
                0x0000000008002eec                DMA1_Stream7_IRQHandler
                0x0000000008002eec                TIM5_IRQHandler
                0x0000000008002eec                DMA2_Stream7_IRQHandler
                0x0000000008002eec                I2C3_EV_IRQHandler
                0x0000000008002eec                EXTI9_5_IRQHandler
                0x0000000008002eec                RTC_WKUP_IRQHandler
                0x0000000008002eec                SPI2_IRQHandler
                0x0000000008002eec                DMA1_Stream0_IRQHandler
                0x0000000008002eec                EXTI4_IRQHandler
                0x0000000008002eec                WWDG_IRQHandler
                0x0000000008002eec                TIM2_IRQHandler
                0x0000000008002eec                OTG_FS_WKUP_IRQHandler
                0x0000000008002eec                TIM1_TRG_COM_TIM11_IRQHandler
                0x0000000008002eec                EXTI1_IRQHandler
                0x0000000008002eec                I2C2_ER_IRQHandler
                0x0000000008002eec                DMA2_Stream1_IRQHandler
                0x0000000008002eec                FLASH_IRQHandler
                0x0000000008002eec                DMA2_Stream4_IRQHandler
                0x0000000008002eec                USART1_IRQHandler
                0x0000000008002eec                OTG_FS_IRQHandler
                0x0000000008002eec                SPI3_IRQHandler
                0x0000000008002eec                DMA1_Stream4_IRQHandler
                0x0000000008002eec                I2C1_ER_IRQHandler
                0x0000000008002eec                DMA2_Stream6_IRQHandler
                0x0000000008002eec                DMA1_Stream3_IRQHandler
 *fill*         0x0000000008002eee        0x2 
 .text.HAL_Init
                0x0000000008002ef0       0x44 ./Drivers/STM32F4xx_HAL_Driver/stm32f4xx_hal.o
                0x0000000008002ef0                HAL_Init
 .text.HAL_InitTick
                0x0000000008002f34       0x60 ./Drivers/STM32F4xx_HAL_Driver/stm32f4xx_hal.o
                0x0000000008002f34                HAL_InitTick
 .text.HAL_IncTick
                0x0000000008002f94       0x28 ./Drivers/STM32F4xx_HAL_Driver/stm32f4xx_hal.o
                0x0000000008002f94                HAL_IncTick
 .text.HAL_GetTick
                0x0000000008002fbc       0x18 ./Drivers/STM32F4xx_HAL_Driver/stm32f4xx_hal.o
                0x0000000008002fbc                HAL_GetTick
 .text.HAL_Delay
                0x0000000008002fd4       0x48 ./Drivers/STM32F4xx_HAL_Driver/stm32f4xx_hal.o
                0x0000000008002fd4                HAL_Delay
 .text.HAL_ADC_Init
                0x000000000800301c       0x86 ./Drivers/STM32F4xx_HAL_Driver/stm32f4xx_hal_adc.o
                0x000000000800301c                HAL_ADC_Init
 *fill*         0x00000000080030a2        0x2 
 .text.HAL_ADC_Start
                0x00000000080030a4      0x168 ./Drivers/STM32F4xx_HAL_Driver/stm32f4xx_hal_adc.o
                0x00000000080030a4                HAL_ADC_Start
 .text.HAL_ADC_Stop
                0x000000000800320c       0x66 ./Drivers/STM32F4xx_HAL_Driver/stm32f4xx_hal_adc.o
                0x000000000800320c                HAL_ADC_Stop
 .text.HAL_ADC_PollForConversion
                0x0000000008003272      0x116 ./Drivers/STM32F4xx_HAL_Driver/stm32f4xx_hal_adc.o
                0x0000000008003272                HAL_ADC_PollForConversion
 .text.HAL_ADC_IRQHandler
                0x0000000008003388      0x220 ./Drivers/STM32F4xx_HAL_Driver/stm32f4xx_hal_adc.o
                0x0000000008003388                HAL_ADC_IRQHandler
 .text.HAL_ADC_GetValue
                0x00000000080035a8       0x1a ./Drivers/STM32F4xx_HAL_Driver/stm32f4xx_hal_adc.o
                0x00000000080035a8                HAL_ADC_GetValue
 .text.HAL_ADC_ConvCpltCallback
                0x00000000080035c2       0x14 ./Drivers/STM32F4xx_HAL_Driver/stm32f4xx_hal_adc.o
                0x00000000080035c2                HAL_ADC_ConvCpltCallback
 .text.HAL_ADC_LevelOutOfWindowCallback
                0x00000000080035d6       0x14 ./Drivers/STM32F4xx_HAL_Driver/stm32f4xx_hal_adc.o
                0x00000000080035d6                HAL_ADC_LevelOutOfWindowCallback
 .text.HAL_ADC_ErrorCallback
                0x00000000080035ea       0x14 ./Drivers/STM32F4xx_HAL_Driver/stm32f4xx_hal_adc.o
                0x00000000080035ea                HAL_ADC_ErrorCallback
 *fill*         0x00000000080035fe        0x2 
 .text.HAL_ADC_ConfigChannel
                0x0000000008003600      0x244 ./Drivers/STM32F4xx_HAL_Driver/stm32f4xx_hal_adc.o
                0x0000000008003600                HAL_ADC_ConfigChannel
 .text.ADC_Init
                0x0000000008003844      0x1f8 ./Drivers/STM32F4xx_HAL_Driver/stm32f4xx_hal_adc.o
 .text.HAL_ADCEx_InjectedConvCpltCallback
                0x0000000008003a3c       0x14 ./Drivers/STM32F4xx_HAL_Driver/stm32f4xx_hal_adc_ex.o
                0x0000000008003a3c                HAL_ADCEx_InjectedConvCpltCallback
 .text.__NVIC_SetPriorityGrouping
                0x0000000008003a50       0x48 ./Drivers/STM32F4xx_HAL_Driver/stm32f4xx_hal_cortex.o
 .text.__NVIC_GetPriorityGrouping
                0x0000000008003a98       0x1c ./Drivers/STM32F4xx_HAL_Driver/stm32f4xx_hal_cortex.o
 .text.__NVIC_EnableIRQ
                0x0000000008003ab4       0x3c ./Drivers/STM32F4xx_HAL_Driver/stm32f4xx_hal_cortex.o
 .text.__NVIC_SetPriority
                0x0000000008003af0       0x54 ./Drivers/STM32F4xx_HAL_Driver/stm32f4xx_hal_cortex.o
 .text.NVIC_EncodePriority
                0x0000000008003b44       0x66 ./Drivers/STM32F4xx_HAL_Driver/stm32f4xx_hal_cortex.o
 *fill*         0x0000000008003baa        0x2 
 .text.SysTick_Config
                0x0000000008003bac       0x44 ./Drivers/STM32F4xx_HAL_Driver/stm32f4xx_hal_cortex.o
 .text.HAL_NVIC_SetPriorityGrouping
                0x0000000008003bf0       0x16 ./Drivers/STM32F4xx_HAL_Driver/stm32f4xx_hal_cortex.o
                0x0000000008003bf0                HAL_NVIC_SetPriorityGrouping
 .text.HAL_NVIC_SetPriority
                0x0000000008003c06       0x38 ./Drivers/STM32F4xx_HAL_Driver/stm32f4xx_hal_cortex.o
                0x0000000008003c06                HAL_NVIC_SetPriority
 .text.HAL_NVIC_EnableIRQ
                0x0000000008003c3e       0x1c ./Drivers/STM32F4xx_HAL_Driver/stm32f4xx_hal_cortex.o
                0x0000000008003c3e                HAL_NVIC_EnableIRQ
 .text.HAL_SYSTICK_Config
                0x0000000008003c5a       0x18 ./Drivers/STM32F4xx_HAL_Driver/stm32f4xx_hal_cortex.o
                0x0000000008003c5a                HAL_SYSTICK_Config
 .text.HAL_DMA_Abort
                0x0000000008003c72       0xe0 ./Drivers/STM32F4xx_HAL_Driver/stm32f4xx_hal_dma.o
                0x0000000008003c72                HAL_DMA_Abort
 .text.HAL_DMA_Abort_IT
                0x0000000008003d52       0x44 ./Drivers/STM32F4xx_HAL_Driver/stm32f4xx_hal_dma.o
                0x0000000008003d52                HAL_DMA_Abort_IT
 *fill*         0x0000000008003d96        0x2 
 .text.HAL_GPIO_Init
                0x0000000008003d98      0x308 ./Drivers/STM32F4xx_HAL_Driver/stm32f4xx_hal_gpio.o
                0x0000000008003d98                HAL_GPIO_Init
 .text.HAL_GPIO_WritePin
                0x00000000080040a0       0x32 ./Drivers/STM32F4xx_HAL_Driver/stm32f4xx_hal_gpio.o
                0x00000000080040a0                HAL_GPIO_WritePin
 *fill*         0x00000000080040d2        0x2 
 .text.HAL_GPIO_EXTI_IRQHandler
                0x00000000080040d4       0x30 ./Drivers/STM32F4xx_HAL_Driver/stm32f4xx_hal_gpio.o
                0x00000000080040d4                HAL_GPIO_EXTI_IRQHandler
 .text.HAL_I2C_Init
                0x0000000008004104      0x288 ./Drivers/STM32F4xx_HAL_Driver/stm32f4xx_hal_i2c.o
                0x0000000008004104                HAL_I2C_Init
 .text.HAL_I2C_Mem_Write
                0x000000000800438c      0x1f4 ./Drivers/STM32F4xx_HAL_Driver/stm32f4xx_hal_i2c.o
                0x000000000800438c                HAL_I2C_Mem_Write
 .text.HAL_I2C_Mem_Read
                0x0000000008004580      0x44c ./Drivers/STM32F4xx_HAL_Driver/stm32f4xx_hal_i2c.o
                0x0000000008004580                HAL_I2C_Mem_Read
 .text.I2C_RequestMemoryWrite
                0x00000000080049cc      0x12c ./Drivers/STM32F4xx_HAL_Driver/stm32f4xx_hal_i2c.o
 .text.I2C_RequestMemoryRead
                0x0000000008004af8      0x1d0 ./Drivers/STM32F4xx_HAL_Driver/stm32f4xx_hal_i2c.o
 .text.I2C_WaitOnFlagUntilTimeout
                0x0000000008004cc8       0xae ./Drivers/STM32F4xx_HAL_Driver/stm32f4xx_hal_i2c.o
 .text.I2C_WaitOnMasterAddressFlagUntilTimeout
                0x0000000008004d76       0xfe ./Drivers/STM32F4xx_HAL_Driver/stm32f4xx_hal_i2c.o
 .text.I2C_WaitOnTXEFlagUntilTimeout
                0x0000000008004e74       0x82 ./Drivers/STM32F4xx_HAL_Driver/stm32f4xx_hal_i2c.o
 .text.I2C_WaitOnBTFFlagUntilTimeout
                0x0000000008004ef6       0x82 ./Drivers/STM32F4xx_HAL_Driver/stm32f4xx_hal_i2c.o
 .text.I2C_WaitOnRXNEFlagUntilTimeout
                0x0000000008004f78       0xac ./Drivers/STM32F4xx_HAL_Driver/stm32f4xx_hal_i2c.o
 .text.I2C_IsAcknowledgeFailed
                0x0000000008005024       0x5e ./Drivers/STM32F4xx_HAL_Driver/stm32f4xx_hal_i2c.o
 *fill*         0x0000000008005082        0x2 
 .text.HAL_RCC_OscConfig
                0x0000000008005084      0x4f0 ./Drivers/STM32F4xx_HAL_Driver/stm32f4xx_hal_rcc.o
                0x0000000008005084                HAL_RCC_OscConfig
 .text.HAL_RCC_ClockConfig
                0x0000000008005574      0x1cc ./Drivers/STM32F4xx_HAL_Driver/stm32f4xx_hal_rcc.o
                0x0000000008005574                HAL_RCC_ClockConfig
 .text.HAL_RCC_GetSysClockFreq
                0x0000000008005740      0x20c ./Drivers/STM32F4xx_HAL_Driver/stm32f4xx_hal_rcc.o
                0x0000000008005740                HAL_RCC_GetSysClockFreq
 .text.HAL_RCC_GetHCLKFreq
                0x000000000800594c       0x18 ./Drivers/STM32F4xx_HAL_Driver/stm32f4xx_hal_rcc.o
                0x000000000800594c                HAL_RCC_GetHCLKFreq
 .text.HAL_RCC_GetPCLK1Freq
                0x0000000008005964       0x28 ./Drivers/STM32F4xx_HAL_Driver/stm32f4xx_hal_rcc.o
                0x0000000008005964                HAL_RCC_GetPCLK1Freq
 .text.HAL_RCC_GetPCLK2Freq
                0x000000000800598c       0x28 ./Drivers/STM32F4xx_HAL_Driver/stm32f4xx_hal_rcc.o
                0x000000000800598c                HAL_RCC_GetPCLK2Freq
 .text.HAL_UART_Init
                0x00000000080059b4       0x9a ./Drivers/STM32F4xx_HAL_Driver/stm32f4xx_hal_uart.o
                0x00000000080059b4                HAL_UART_Init
 .text.HAL_UART_Transmit_IT
                0x0000000008005a4e       0x8a ./Drivers/STM32F4xx_HAL_Driver/stm32f4xx_hal_uart.o
                0x0000000008005a4e                HAL_UART_Transmit_IT
 .text.HAL_UART_Receive_IT
                0x0000000008005ad8       0x60 ./Drivers/STM32F4xx_HAL_Driver/stm32f4xx_hal_uart.o
                0x0000000008005ad8                HAL_UART_Receive_IT
 .text.HAL_UART_IRQHandler
                0x0000000008005b38      0x51c ./Drivers/STM32F4xx_HAL_Driver/stm32f4xx_hal_uart.o
                0x0000000008005b38                HAL_UART_IRQHandler
 .text.HAL_UART_ErrorCallback
                0x0000000008006054       0x14 ./Drivers/STM32F4xx_HAL_Driver/stm32f4xx_hal_uart.o
                0x0000000008006054                HAL_UART_ErrorCallback
 .text.HAL_UARTEx_RxEventCallback
                0x0000000008006068       0x18 ./Drivers/STM32F4xx_HAL_Driver/stm32f4xx_hal_uart.o
                0x0000000008006068                HAL_UARTEx_RxEventCallback
 .text.UART_Start_Receive_IT
                0x0000000008006080       0x7c ./Drivers/STM32F4xx_HAL_Driver/stm32f4xx_hal_uart.o
                0x0000000008006080                UART_Start_Receive_IT
 .text.UART_EndRxTransfer
                0x00000000080060fc       0xc6 ./Drivers/STM32F4xx_HAL_Driver/stm32f4xx_hal_uart.o
 .text.UART_DMAAbortOnError
                0x00000000080061c2       0x28 ./Drivers/STM32F4xx_HAL_Driver/stm32f4xx_hal_uart.o
 .text.UART_Transmit_IT
                0x00000000080061ea       0xa0 ./Drivers/STM32F4xx_HAL_Driver/stm32f4xx_hal_uart.o
 .text.UART_EndTransmit_IT
                0x000000000800628a       0x30 ./Drivers/STM32F4xx_HAL_Driver/stm32f4xx_hal_uart.o
 .text.UART_Receive_IT
                0x00000000080062ba      0x176 ./Drivers/STM32F4xx_HAL_Driver/stm32f4xx_hal_uart.o
 .text.UART_SetConfig
                0x0000000008006430      0x4e8 ./Drivers/STM32F4xx_HAL_Driver/stm32f4xx_hal_uart.o
 .text.__NVIC_SetPriority
                0x0000000008006918       0x54 ./Middlewares/FreeRTOS/cmsis_os2.o
 .text.SVC_Setup
                0x000000000800696c       0x12 ./Middlewares/FreeRTOS/cmsis_os2.o
 *fill*         0x000000000800697e        0x2 
 .text.osKernelInitialize
                0x0000000008006980       0x48 ./Middlewares/FreeRTOS/cmsis_os2.o
                0x0000000008006980                osKernelInitialize
 .text.osKernelStart
                0x00000000080069c8       0x4c ./Middlewares/FreeRTOS/cmsis_os2.o
                0x00000000080069c8                osKernelStart
 .text.osThreadNew
                0x0000000008006a14      0x124 ./Middlewares/FreeRTOS/cmsis_os2.o
                0x0000000008006a14                osThreadNew
 .text.osDelay  0x0000000008006b38       0x36 ./Middlewares/FreeRTOS/cmsis_os2.o
                0x0000000008006b38                osDelay
 .text.osEventFlagsNew
                0x0000000008006b6e       0x7e ./Middlewares/FreeRTOS/cmsis_os2.o
                0x0000000008006b6e                osEventFlagsNew
 .text.osEventFlagsSet
                0x0000000008006bec       0x88 ./Middlewares/FreeRTOS/cmsis_os2.o
                0x0000000008006bec                osEventFlagsSet
 .text.osEventFlagsClear
                0x0000000008006c74       0x64 ./Middlewares/FreeRTOS/cmsis_os2.o
                0x0000000008006c74                osEventFlagsClear
 .text.osEventFlagsGet
                0x0000000008006cd8       0x42 ./Middlewares/FreeRTOS/cmsis_os2.o
                0x0000000008006cd8                osEventFlagsGet
 .text.osEventFlagsWait
                0x0000000008006d1a       0xcc ./Middlewares/FreeRTOS/cmsis_os2.o
                0x0000000008006d1a                osEventFlagsWait
 .text.osMessageQueueNew
                0x0000000008006de6       0xe6 ./Middlewares/FreeRTOS/cmsis_os2.o
                0x0000000008006de6                osMessageQueueNew
 .text.osMessageQueuePut
                0x0000000008006ecc       0xc0 ./Middlewares/FreeRTOS/cmsis_os2.o
                0x0000000008006ecc                osMessageQueuePut
 .text.osMessageQueueGet
                0x0000000008006f8c       0xbc ./Middlewares/FreeRTOS/cmsis_os2.o
                0x0000000008006f8c                osMessageQueueGet
 .text.vApplicationGetIdleTaskMemory
                0x0000000008007048       0x34 ./Middlewares/FreeRTOS/cmsis_os2.o
                0x0000000008007048                vApplicationGetIdleTaskMemory
 .text.vApplicationGetTimerTaskMemory
                0x000000000800707c       0x34 ./Middlewares/FreeRTOS/cmsis_os2.o
                0x000000000800707c                vApplicationGetTimerTaskMemory
 .text.xEventGroupCreateStatic
                0x00000000080070b0       0x6e ./Middlewares/FreeRTOS/event_groups.o
                0x00000000080070b0                xEventGroupCreateStatic
 .text.xEventGroupCreate
                0x000000000800711e       0x34 ./Middlewares/FreeRTOS/event_groups.o
                0x000000000800711e                xEventGroupCreate
 *fill*         0x0000000008007152        0x2 
 .text.xEventGroupWaitBits
                0x0000000008007154      0x19c ./Middlewares/FreeRTOS/event_groups.o
                0x0000000008007154                xEventGroupWaitBits
 .text.xEventGroupClearBits
                0x00000000080072f0       0x70 ./Middlewares/FreeRTOS/event_groups.o
                0x00000000080072f0                xEventGroupClearBits
 .text.xEventGroupClearBitsFromISR
                0x0000000008007360       0x28 ./Middlewares/FreeRTOS/event_groups.o
                0x0000000008007360                xEventGroupClearBitsFromISR
 .text.xEventGroupGetBitsFromISR
                0x0000000008007388       0x48 ./Middlewares/FreeRTOS/event_groups.o
                0x0000000008007388                xEventGroupGetBitsFromISR
 .text.xEventGroupSetBits
                0x00000000080073d0      0x116 ./Middlewares/FreeRTOS/event_groups.o
                0x00000000080073d0                xEventGroupSetBits
 .text.vEventGroupSetBitsCallback
                0x00000000080074e6       0x1a ./Middlewares/FreeRTOS/event_groups.o
                0x00000000080074e6                vEventGroupSetBitsCallback
 .text.vEventGroupClearBitsCallback
                0x0000000008007500       0x1a ./Middlewares/FreeRTOS/event_groups.o
                0x0000000008007500                vEventGroupClearBitsCallback
 .text.prvTestWaitCondition
                0x000000000800751a       0x44 ./Middlewares/FreeRTOS/event_groups.o
 *fill*         0x000000000800755e        0x2 
 .text.xEventGroupSetBitsFromISR
                0x0000000008007560       0x28 ./Middlewares/FreeRTOS/event_groups.o
                0x0000000008007560                xEventGroupSetBitsFromISR
 .text.pvPortMalloc
                0x0000000008007588      0x198 ./Middlewares/FreeRTOS/heap_4.o
                0x0000000008007588                pvPortMalloc
 .text.vPortFree
                0x0000000008007720       0xc4 ./Middlewares/FreeRTOS/heap_4.o
                0x0000000008007720                vPortFree
 .text.prvHeapInit
                0x00000000080077e4       0xc4 ./Middlewares/FreeRTOS/heap_4.o
 .text.prvInsertBlockIntoFreeList
                0x00000000080078a8       0xb4 ./Middlewares/FreeRTOS/heap_4.o
 .text.vListInitialise
                0x000000000800795c       0x40 ./Middlewares/FreeRTOS/list.o
                0x000000000800795c                vListInitialise
 .text.vListInitialiseItem
                0x000000000800799c       0x1a ./Middlewares/FreeRTOS/list.o
                0x000000000800799c                vListInitialiseItem
 .text.vListInsertEnd
                0x00000000080079b6       0x48 ./Middlewares/FreeRTOS/list.o
                0x00000000080079b6                vListInsertEnd
 .text.vListInsert
                0x00000000080079fe       0x72 ./Middlewares/FreeRTOS/list.o
                0x00000000080079fe                vListInsert
 .text.uxListRemove
                0x0000000008007a70       0x54 ./Middlewares/FreeRTOS/list.o
                0x0000000008007a70                uxListRemove
 .text.pxPortInitialiseStack
                0x0000000008007ac4       0x68 ./Middlewares/FreeRTOS/port.o
                0x0000000008007ac4                pxPortInitialiseStack
 .text.prvTaskExitError
                0x0000000008007b2c       0x58 ./Middlewares/FreeRTOS/port.o
 *fill*         0x0000000008007b84        0xc 
 .text.SVC_Handler
                0x0000000008007b90       0x28 ./Middlewares/FreeRTOS/port.o
                0x0000000008007b90                SVC_Handler
 .text.prvPortStartFirstTask
                0x0000000008007bb8       0x28 ./Middlewares/FreeRTOS/port.o
 .text.xPortStartScheduler
                0x0000000008007be0      0x144 ./Middlewares/FreeRTOS/port.o
                0x0000000008007be0                xPortStartScheduler
 .text.vPortEnterCritical
                0x0000000008007d24       0x60 ./Middlewares/FreeRTOS/port.o
                0x0000000008007d24                vPortEnterCritical
 .text.vPortExitCritical
                0x0000000008007d84       0x54 ./Middlewares/FreeRTOS/port.o
                0x0000000008007d84                vPortExitCritical
 *fill*         0x0000000008007dd8        0x8 
 .text.PendSV_Handler
                0x0000000008007de0       0x68 ./Middlewares/FreeRTOS/port.o
                0x0000000008007de0                PendSV_Handler
 .text.xPortSysTickHandler
                0x0000000008007e48       0x44 ./Middlewares/FreeRTOS/port.o
                0x0000000008007e48                xPortSysTickHandler
 .text.vPortSetupTimerInterrupt
                0x0000000008007e8c       0x48 ./Middlewares/FreeRTOS/port.o
                0x0000000008007e8c                vPortSetupTimerInterrupt
 .text.vPortEnableVFP
                0x0000000008007ed4       0x14 ./Middlewares/FreeRTOS/port.o
 .text.vPortValidateInterruptPriority
                0x0000000008007ee8       0x80 ./Middlewares/FreeRTOS/port.o
                0x0000000008007ee8                vPortValidateInterruptPriority
 .text.xQueueGenericReset
                0x0000000008007f68       0xd0 ./Middlewares/FreeRTOS/queue.o
                0x0000000008007f68                xQueueGenericReset
 .text.xQueueGenericCreateStatic
                0x0000000008008038       0xf0 ./Middlewares/FreeRTOS/queue.o
                0x0000000008008038                xQueueGenericCreateStatic
 .text.xQueueGenericCreate
                0x0000000008008128       0x74 ./Middlewares/FreeRTOS/queue.o
                0x0000000008008128                xQueueGenericCreate
 .text.prvInitialiseNewQueue
                0x000000000800819c       0x46 ./Middlewares/FreeRTOS/queue.o
 *fill*         0x00000000080081e2        0x2 
 .text.xQueueGenericSend
                0x00000000080081e4      0x1fc ./Middlewares/FreeRTOS/queue.o
                0x00000000080081e4                xQueueGenericSend
 .text.xQueueGenericSendFromISR
                0x00000000080083e0      0x136 ./Middlewares/FreeRTOS/queue.o
                0x00000000080083e0                xQueueGenericSendFromISR
 *fill*         0x0000000008008516        0x2 
 .text.xQueueReceive
                0x0000000008008518      0x1c0 ./Middlewares/FreeRTOS/queue.o
                0x0000000008008518                xQueueReceive
 .text.xQueueReceiveFromISR
                0x00000000080086d8      0x100 ./Middlewares/FreeRTOS/queue.o
                0x00000000080086d8                xQueueReceiveFromISR
 .text.prvCopyDataToQueue
                0x00000000080087d8       0xd4 ./Middlewares/FreeRTOS/queue.o
 .text.prvCopyDataFromQueue
                0x00000000080088ac       0x4c ./Middlewares/FreeRTOS/queue.o
 .text.prvUnlockQueue
                0x00000000080088f8       0xa4 ./Middlewares/FreeRTOS/queue.o
 .text.prvIsQueueEmpty
                0x000000000800899c       0x2c ./Middlewares/FreeRTOS/queue.o
 .text.prvIsQueueFull
                0x00000000080089c8       0x30 ./Middlewares/FreeRTOS/queue.o
 .text.vQueueAddToRegistry
                0x00000000080089f8       0x54 ./Middlewares/FreeRTOS/queue.o
                0x00000000080089f8                vQueueAddToRegistry
 .text.vQueueWaitForMessageRestricted
                0x0000000008008a4c       0x68 ./Middlewares/FreeRTOS/queue.o
                0x0000000008008a4c                vQueueWaitForMessageRestricted
 .text.xTaskCreateStatic
                0x0000000008008ab4       0xba ./Middlewares/FreeRTOS/tasks.o
                0x0000000008008ab4                xTaskCreateStatic
 .text.xTaskCreate
                0x0000000008008b6e       0x8a ./Middlewares/FreeRTOS/tasks.o
                0x0000000008008b6e                xTaskCreate
 .text.prvInitialiseNewTask
                0x0000000008008bf8      0x11e ./Middlewares/FreeRTOS/tasks.o
 *fill*         0x0000000008008d16        0x2 
 .text.prvAddNewTaskToReadyList
                0x0000000008008d18       0xe0 ./Middlewares/FreeRTOS/tasks.o
 .text.vTaskDelay
                0x0000000008008df8       0x68 ./Middlewares/FreeRTOS/tasks.o
                0x0000000008008df8                vTaskDelay
 .text.vTaskStartScheduler
                0x0000000008008e60       0xcc ./Middlewares/FreeRTOS/tasks.o
                0x0000000008008e60                vTaskStartScheduler
 .text.vTaskSuspendAll
                0x0000000008008f2c       0x1c ./Middlewares/FreeRTOS/tasks.o
                0x0000000008008f2c                vTaskSuspendAll
 .text.xTaskResumeAll
                0x0000000008008f48      0x13c ./Middlewares/FreeRTOS/tasks.o
                0x0000000008008f48                xTaskResumeAll
 .text.xTaskGetTickCount
                0x0000000008009084       0x20 ./Middlewares/FreeRTOS/tasks.o
                0x0000000008009084                xTaskGetTickCount
 .text.xTaskIncrementTick
                0x00000000080090a4      0x174 ./Middlewares/FreeRTOS/tasks.o
                0x00000000080090a4                xTaskIncrementTick
 .text.vTaskSwitchContext
                0x0000000008009218       0xbc ./Middlewares/FreeRTOS/tasks.o
                0x0000000008009218                vTaskSwitchContext
 .text.vTaskPlaceOnEventList
                0x00000000080092d4       0x48 ./Middlewares/FreeRTOS/tasks.o
                0x00000000080092d4                vTaskPlaceOnEventList
 .text.vTaskPlaceOnUnorderedEventList
                0x000000000800931c       0x78 ./Middlewares/FreeRTOS/tasks.o
                0x000000000800931c                vTaskPlaceOnUnorderedEventList
 .text.vTaskPlaceOnEventListRestricted
                0x0000000008009394       0x58 ./Middlewares/FreeRTOS/tasks.o
                0x0000000008009394                vTaskPlaceOnEventListRestricted
 .text.xTaskRemoveFromEventList
                0x00000000080093ec       0xc8 ./Middlewares/FreeRTOS/tasks.o
                0x00000000080093ec                xTaskRemoveFromEventList
 .text.vTaskRemoveFromUnorderedEventList
                0x00000000080094b4       0xc4 ./Middlewares/FreeRTOS/tasks.o
                0x00000000080094b4                vTaskRemoveFromUnorderedEventList
 .text.vTaskInternalSetTimeOutState
                0x0000000008009578       0x2c ./Middlewares/FreeRTOS/tasks.o
                0x0000000008009578                vTaskInternalSetTimeOutState
 .text.xTaskCheckForTimeOut
                0x00000000080095a4       0xc4 ./Middlewares/FreeRTOS/tasks.o
                0x00000000080095a4                xTaskCheckForTimeOut
 .text.vTaskMissedYield
                0x0000000008009668       0x18 ./Middlewares/FreeRTOS/tasks.o
                0x0000000008009668                vTaskMissedYield
 .text.prvIdleTask
                0x0000000008009680       0x30 ./Middlewares/FreeRTOS/tasks.o
 .text.prvInitialiseTaskLists
                0x00000000080096b0       0x80 ./Middlewares/FreeRTOS/tasks.o
 .text.prvCheckTasksWaitingTermination
                0x0000000008009730       0x5c ./Middlewares/FreeRTOS/tasks.o
 .text.prvDeleteTCB
                0x000000000800978c       0x5e ./Middlewares/FreeRTOS/tasks.o
 *fill*         0x00000000080097ea        0x2 
 .text.prvResetNextTaskUnblockTime
                0x00000000080097ec       0x40 ./Middlewares/FreeRTOS/tasks.o
 .text.xTaskGetSchedulerState
                0x000000000800982c       0x3c ./Middlewares/FreeRTOS/tasks.o
                0x000000000800982c                xTaskGetSchedulerState
 .text.xTaskPriorityDisinherit
                0x0000000008009868       0xdc ./Middlewares/FreeRTOS/tasks.o
                0x0000000008009868                xTaskPriorityDisinherit
 .text.uxTaskResetEventItemValue
                0x0000000008009944       0x30 ./Middlewares/FreeRTOS/tasks.o
                0x0000000008009944                uxTaskResetEventItemValue
 .text.prvAddCurrentTaskToDelayedList
                0x0000000008009974       0xa8 ./Middlewares/FreeRTOS/tasks.o
 .text.xTimerCreateTimerTask
                0x0000000008009a1c       0x90 ./Middlewares/FreeRTOS/timers.o
                0x0000000008009a1c                xTimerCreateTimerTask
 .text.xTimerGenericCommand
                0x0000000008009aac       0x9c ./Middlewares/FreeRTOS/timers.o
                0x0000000008009aac                xTimerGenericCommand
 .text.prvProcessExpiredTimer
                0x0000000008009b48       0x98 ./Middlewares/FreeRTOS/timers.o
 .text.prvTimerTask
                0x0000000008009be0       0x24 ./Middlewares/FreeRTOS/timers.o
 .text.prvProcessTimerOrBlockTask
                0x0000000008009c04       0x9c ./Middlewares/FreeRTOS/timers.o
 .text.prvGetNextExpireTime
                0x0000000008009ca0       0x48 ./Middlewares/FreeRTOS/timers.o
 .text.prvSampleTimeNow
                0x0000000008009ce8       0x40 ./Middlewares/FreeRTOS/timers.o
 .text.prvInsertTimerInActiveList
                0x0000000008009d28       0x84 ./Middlewares/FreeRTOS/timers.o
 .text.prvProcessReceivedCommands
                0x0000000008009dac      0x1c4 ./Middlewares/FreeRTOS/timers.o
 .text.prvSwitchTimerLists
                0x0000000008009f70       0xc8 ./Middlewares/FreeRTOS/timers.o
 .text.prvCheckForValidListAndQueue
                0x000000000800a038       0x80 ./Middlewares/FreeRTOS/timers.o
 .text.xTimerPendFunctionCallFromISR
                0x000000000800a0b8       0x40 ./Middlewares/FreeRTOS/timers.o
                0x000000000800a0b8                xTimerPendFunctionCallFromISR
 .text.__errno  0x000000000800a0f8        0xc /home/ugenix/st/stm32cubeide_1.10.0/plugins/com.st.stm32cube.ide.mcu.externaltools.gnu-tools-for-stm32.10.3-2021.10.linux64_1.0.0.202111181127/tools/bin/../lib/gcc/arm-none-eabi/10.3.1/../../../../arm-none-eabi/lib/thumb/v7e-m+fp/hard/libc_nano.a(lib_a-errno.o)
                0x000000000800a0f8                __errno
 .text.__libc_init_array
                0x000000000800a104       0x48 /home/ugenix/st/stm32cubeide_1.10.0/plugins/com.st.stm32cube.ide.mcu.externaltools.gnu-tools-for-stm32.10.3-2021.10.linux64_1.0.0.202111181127/tools/bin/../lib/gcc/arm-none-eabi/10.3.1/../../../../arm-none-eabi/lib/thumb/v7e-m+fp/hard/libc_nano.a(lib_a-init.o)
                0x000000000800a104                __libc_init_array
 .text.memcpy   0x000000000800a14c       0x1c /home/ugenix/st/stm32cubeide_1.10.0/plugins/com.st.stm32cube.ide.mcu.externaltools.gnu-tools-for-stm32.10.3-2021.10.linux64_1.0.0.202111181127/tools/bin/../lib/gcc/arm-none-eabi/10.3.1/../../../../arm-none-eabi/lib/thumb/v7e-m+fp/hard/libc_nano.a(lib_a-memcpy-stub.o)
                0x000000000800a14c                memcpy
 .text.memset   0x000000000800a168       0x10 /home/ugenix/st/stm32cubeide_1.10.0/plugins/com.st.stm32cube.ide.mcu.externaltools.gnu-tools-for-stm32.10.3-2021.10.linux64_1.0.0.202111181127/tools/bin/../lib/gcc/arm-none-eabi/10.3.1/../../../../arm-none-eabi/lib/thumb/v7e-m+fp/hard/libc_nano.a(lib_a-memset.o)
                0x000000000800a168                memset
 .text.__cvt    0x000000000800a178       0xc4 /home/ugenix/st/stm32cubeide_1.10.0/plugins/com.st.stm32cube.ide.mcu.externaltools.gnu-tools-for-stm32.10.3-2021.10.linux64_1.0.0.202111181127/tools/bin/../lib/gcc/arm-none-eabi/10.3.1/../../../../arm-none-eabi/lib/thumb/v7e-m+fp/hard/libc_nano.a(lib_a-nano-vfprintf_float.o)
                0x000000000800a178                __cvt
 .text.__exponent
                0x000000000800a23c       0x7c /home/ugenix/st/stm32cubeide_1.10.0/plugins/com.st.stm32cube.ide.mcu.externaltools.gnu-tools-for-stm32.10.3-2021.10.linux64_1.0.0.202111181127/tools/bin/../lib/gcc/arm-none-eabi/10.3.1/../../../../arm-none-eabi/lib/thumb/v7e-m+fp/hard/libc_nano.a(lib_a-nano-vfprintf_float.o)
                0x000000000800a23c                __exponent
 .text._printf_float
                0x000000000800a2b8      0x46c /home/ugenix/st/stm32cubeide_1.10.0/plugins/com.st.stm32cube.ide.mcu.externaltools.gnu-tools-for-stm32.10.3-2021.10.linux64_1.0.0.202111181127/tools/bin/../lib/gcc/arm-none-eabi/10.3.1/../../../../arm-none-eabi/lib/thumb/v7e-m+fp/hard/libc_nano.a(lib_a-nano-vfprintf_float.o)
                0x000000000800a2b8                _printf_float
 .text._printf_common
                0x000000000800a724       0xda /home/ugenix/st/stm32cubeide_1.10.0/plugins/com.st.stm32cube.ide.mcu.externaltools.gnu-tools-for-stm32.10.3-2021.10.linux64_1.0.0.202111181127/tools/bin/../lib/gcc/arm-none-eabi/10.3.1/../../../../arm-none-eabi/lib/thumb/v7e-m+fp/hard/libc_nano.a(lib_a-nano-vfprintf_i.o)
                0x000000000800a724                _printf_common
 *fill*         0x000000000800a7fe        0x2 
 .text._printf_i
                0x000000000800a800      0x24c /home/ugenix/st/stm32cubeide_1.10.0/plugins/com.st.stm32cube.ide.mcu.externaltools.gnu-tools-for-stm32.10.3-2021.10.linux64_1.0.0.202111181127/tools/bin/../lib/gcc/arm-none-eabi/10.3.1/../../../../arm-none-eabi/lib/thumb/v7e-m+fp/hard/libc_nano.a(lib_a-nano-vfprintf_i.o)
                0x000000000800a800                _printf_i
 .text._scanf_float
                0x000000000800aa4c      0x420 /home/ugenix/st/stm32cubeide_1.10.0/plugins/com.st.stm32cube.ide.mcu.externaltools.gnu-tools-for-stm32.10.3-2021.10.linux64_1.0.0.202111181127/tools/bin/../lib/gcc/arm-none-eabi/10.3.1/../../../../arm-none-eabi/lib/thumb/v7e-m+fp/hard/libc_nano.a(lib_a-nano-vfscanf_float.o)
                0x000000000800aa4c                _scanf_float
 .text.nanf     0x000000000800ae6c        0xc /home/ugenix/st/stm32cubeide_1.10.0/plugins/com.st.stm32cube.ide.mcu.externaltools.gnu-tools-for-stm32.10.3-2021.10.linux64_1.0.0.202111181127/tools/bin/../lib/gcc/arm-none-eabi/10.3.1/../../../../arm-none-eabi/lib/thumb/v7e-m+fp/hard/libc_nano.a(lib_a-sf_nan.o)
                0x000000000800ae6c                nanf
 .text.sprintf  0x000000000800ae78       0x40 /home/ugenix/st/stm32cubeide_1.10.0/plugins/com.st.stm32cube.ide.mcu.externaltools.gnu-tools-for-stm32.10.3-2021.10.linux64_1.0.0.202111181127/tools/bin/../lib/gcc/arm-none-eabi/10.3.1/../../../../arm-none-eabi/lib/thumb/v7e-m+fp/hard/libc_nano.a(lib_a-sprintf.o)
                0x000000000800ae78                sprintf
                0x000000000800ae78                siprintf
 .text.sulp     0x000000000800aeb8       0x38 /home/ugenix/st/stm32cubeide_1.10.0/plugins/com.st.stm32cube.ide.mcu.externaltools.gnu-tools-for-stm32.10.3-2021.10.linux64_1.0.0.202111181127/tools/bin/../lib/gcc/arm-none-eabi/10.3.1/../../../../arm-none-eabi/lib/thumb/v7e-m+fp/hard/libc_nano.a(lib_a-strtod.o)
 .text._strtod_l
                0x000000000800aef0      0xc0c /home/ugenix/st/stm32cubeide_1.10.0/plugins/com.st.stm32cube.ide.mcu.externaltools.gnu-tools-for-stm32.10.3-2021.10.linux64_1.0.0.202111181127/tools/bin/../lib/gcc/arm-none-eabi/10.3.1/../../../../arm-none-eabi/lib/thumb/v7e-m+fp/hard/libc_nano.a(lib_a-strtod.o)
                0x000000000800aef0                _strtod_l
 .text._strtod_r
                0x000000000800bafc        0xc /home/ugenix/st/stm32cubeide_1.10.0/plugins/com.st.stm32cube.ide.mcu.externaltools.gnu-tools-for-stm32.10.3-2021.10.linux64_1.0.0.202111181127/tools/bin/../lib/gcc/arm-none-eabi/10.3.1/../../../../arm-none-eabi/lib/thumb/v7e-m+fp/hard/libc_nano.a(lib_a-strtod.o)
                0x000000000800bafc                _strtod_r
 .text._strtol_l.constprop.0
                0x000000000800bb08      0x104 /home/ugenix/st/stm32cubeide_1.10.0/plugins/com.st.stm32cube.ide.mcu.externaltools.gnu-tools-for-stm32.10.3-2021.10.linux64_1.0.0.202111181127/tools/bin/../lib/gcc/arm-none-eabi/10.3.1/../../../../arm-none-eabi/lib/thumb/v7e-m+fp/hard/libc_nano.a(lib_a-strtol.o)
 .text._strtol_r
                0x000000000800bc0c        0x4 /home/ugenix/st/stm32cubeide_1.10.0/plugins/com.st.stm32cube.ide.mcu.externaltools.gnu-tools-for-stm32.10.3-2021.10.linux64_1.0.0.202111181127/tools/bin/../lib/gcc/arm-none-eabi/10.3.1/../../../../arm-none-eabi/lib/thumb/v7e-m+fp/hard/libc_nano.a(lib_a-strtol.o)
                0x000000000800bc0c                _strtol_r
 .text.quorem   0x000000000800bc10      0x116 /home/ugenix/st/stm32cubeide_1.10.0/plugins/com.st.stm32cube.ide.mcu.externaltools.gnu-tools-for-stm32.10.3-2021.10.linux64_1.0.0.202111181127/tools/bin/../lib/gcc/arm-none-eabi/10.3.1/../../../../arm-none-eabi/lib/thumb/v7e-m+fp/hard/libc_nano.a(lib_a-dtoa.o)
 *fill*         0x000000000800bd26        0x2 
 .text._dtoa_r  0x000000000800bd28      0xbdc /home/ugenix/st/stm32cubeide_1.10.0/plugins/com.st.stm32cube.ide.mcu.externaltools.gnu-tools-for-stm32.10.3-2021.10.linux64_1.0.0.202111181127/tools/bin/../lib/gcc/arm-none-eabi/10.3.1/../../../../arm-none-eabi/lib/thumb/v7e-m+fp/hard/libc_nano.a(lib_a-dtoa.o)
                0x000000000800bd28                _dtoa_r
 .text.rshift   0x000000000800c904       0xa4 /home/ugenix/st/stm32cubeide_1.10.0/plugins/com.st.stm32cube.ide.mcu.externaltools.gnu-tools-for-stm32.10.3-2021.10.linux64_1.0.0.202111181127/tools/bin/../lib/gcc/arm-none-eabi/10.3.1/../../../../arm-none-eabi/lib/thumb/v7e-m+fp/hard/libc_nano.a(lib_a-gdtoa-gethex.o)
 .text.__hexdig_fun
                0x000000000800c9a8       0x2a /home/ugenix/st/stm32cubeide_1.10.0/plugins/com.st.stm32cube.ide.mcu.externaltools.gnu-tools-for-stm32.10.3-2021.10.linux64_1.0.0.202111181127/tools/bin/../lib/gcc/arm-none-eabi/10.3.1/../../../../arm-none-eabi/lib/thumb/v7e-m+fp/hard/libc_nano.a(lib_a-gdtoa-gethex.o)
                0x000000000800c9a8                __hexdig_fun
 *fill*         0x000000000800c9d2        0x2 
 .text.__gethex
                0x000000000800c9d4      0x48c /home/ugenix/st/stm32cubeide_1.10.0/plugins/com.st.stm32cube.ide.mcu.externaltools.gnu-tools-for-stm32.10.3-2021.10.linux64_1.0.0.202111181127/tools/bin/../lib/gcc/arm-none-eabi/10.3.1/../../../../arm-none-eabi/lib/thumb/v7e-m+fp/hard/libc_nano.a(lib_a-gdtoa-gethex.o)
                0x000000000800c9d4                __gethex
 .text.L_shift  0x000000000800ce60       0x24 /home/ugenix/st/stm32cubeide_1.10.0/plugins/com.st.stm32cube.ide.mcu.externaltools.gnu-tools-for-stm32.10.3-2021.10.linux64_1.0.0.202111181127/tools/bin/../lib/gcc/arm-none-eabi/10.3.1/../../../../arm-none-eabi/lib/thumb/v7e-m+fp/hard/libc_nano.a(lib_a-gdtoa-hexnan.o)
 .text.__match  0x000000000800ce84       0x28 /home/ugenix/st/stm32cubeide_1.10.0/plugins/com.st.stm32cube.ide.mcu.externaltools.gnu-tools-for-stm32.10.3-2021.10.linux64_1.0.0.202111181127/tools/bin/../lib/gcc/arm-none-eabi/10.3.1/../../../../arm-none-eabi/lib/thumb/v7e-m+fp/hard/libc_nano.a(lib_a-gdtoa-hexnan.o)
                0x000000000800ce84                __match
 .text.__hexnan
                0x000000000800ceac      0x138 /home/ugenix/st/stm32cubeide_1.10.0/plugins/com.st.stm32cube.ide.mcu.externaltools.gnu-tools-for-stm32.10.3-2021.10.linux64_1.0.0.202111181127/tools/bin/../lib/gcc/arm-none-eabi/10.3.1/../../../../arm-none-eabi/lib/thumb/v7e-m+fp/hard/libc_nano.a(lib_a-gdtoa-hexnan.o)
                0x000000000800ceac                __hexnan
 .text._localeconv_r
                0x000000000800cfe4        0x8 /home/ugenix/st/stm32cubeide_1.10.0/plugins/com.st.stm32cube.ide.mcu.externaltools.gnu-tools-for-stm32.10.3-2021.10.linux64_1.0.0.202111181127/tools/bin/../lib/gcc/arm-none-eabi/10.3.1/../../../../arm-none-eabi/lib/thumb/v7e-m+fp/hard/libc_nano.a(lib_a-localeconv.o)
                0x000000000800cfe4                _localeconv_r
 .text.malloc   0x000000000800cfec       0x10 /home/ugenix/st/stm32cubeide_1.10.0/plugins/com.st.stm32cube.ide.mcu.externaltools.gnu-tools-for-stm32.10.3-2021.10.linux64_1.0.0.202111181127/tools/bin/../lib/gcc/arm-none-eabi/10.3.1/../../../../arm-none-eabi/lib/thumb/v7e-m+fp/hard/libc_nano.a(lib_a-malloc.o)
                0x000000000800cfec                malloc
 .text.__ascii_mbtowc
                0x000000000800cffc       0x24 /home/ugenix/st/stm32cubeide_1.10.0/plugins/com.st.stm32cube.ide.mcu.externaltools.gnu-tools-for-stm32.10.3-2021.10.linux64_1.0.0.202111181127/tools/bin/../lib/gcc/arm-none-eabi/10.3.1/../../../../arm-none-eabi/lib/thumb/v7e-m+fp/hard/libc_nano.a(lib_a-mbtowc_r.o)
                0x000000000800cffc                __ascii_mbtowc
 .text._Balloc  0x000000000800d020       0x80 /home/ugenix/st/stm32cubeide_1.10.0/plugins/com.st.stm32cube.ide.mcu.externaltools.gnu-tools-for-stm32.10.3-2021.10.linux64_1.0.0.202111181127/tools/bin/../lib/gcc/arm-none-eabi/10.3.1/../../../../arm-none-eabi/lib/thumb/v7e-m+fp/hard/libc_nano.a(lib_a-mprec.o)
                0x000000000800d020                _Balloc
 .text._Bfree   0x000000000800d0a0       0x44 /home/ugenix/st/stm32cubeide_1.10.0/plugins/com.st.stm32cube.ide.mcu.externaltools.gnu-tools-for-stm32.10.3-2021.10.linux64_1.0.0.202111181127/tools/bin/../lib/gcc/arm-none-eabi/10.3.1/../../../../arm-none-eabi/lib/thumb/v7e-m+fp/hard/libc_nano.a(lib_a-mprec.o)
                0x000000000800d0a0                _Bfree
 .text.__multadd
                0x000000000800d0e4       0x8c /home/ugenix/st/stm32cubeide_1.10.0/plugins/com.st.stm32cube.ide.mcu.externaltools.gnu-tools-for-stm32.10.3-2021.10.linux64_1.0.0.202111181127/tools/bin/../lib/gcc/arm-none-eabi/10.3.1/../../../../arm-none-eabi/lib/thumb/v7e-m+fp/hard/libc_nano.a(lib_a-mprec.o)
                0x000000000800d0e4                __multadd
 .text.__s2b    0x000000000800d170       0x94 /home/ugenix/st/stm32cubeide_1.10.0/plugins/com.st.stm32cube.ide.mcu.externaltools.gnu-tools-for-stm32.10.3-2021.10.linux64_1.0.0.202111181127/tools/bin/../lib/gcc/arm-none-eabi/10.3.1/../../../../arm-none-eabi/lib/thumb/v7e-m+fp/hard/libc_nano.a(lib_a-mprec.o)
                0x000000000800d170                __s2b
 .text.__hi0bits
                0x000000000800d204       0x40 /home/ugenix/st/stm32cubeide_1.10.0/plugins/com.st.stm32cube.ide.mcu.externaltools.gnu-tools-for-stm32.10.3-2021.10.linux64_1.0.0.202111181127/tools/bin/../lib/gcc/arm-none-eabi/10.3.1/../../../../arm-none-eabi/lib/thumb/v7e-m+fp/hard/libc_nano.a(lib_a-mprec.o)
                0x000000000800d204                __hi0bits
 .text.__lo0bits
                0x000000000800d244       0x5e /home/ugenix/st/stm32cubeide_1.10.0/plugins/com.st.stm32cube.ide.mcu.externaltools.gnu-tools-for-stm32.10.3-2021.10.linux64_1.0.0.202111181127/tools/bin/../lib/gcc/arm-none-eabi/10.3.1/../../../../arm-none-eabi/lib/thumb/v7e-m+fp/hard/libc_nano.a(lib_a-mprec.o)
                0x000000000800d244                __lo0bits
 *fill*         0x000000000800d2a2        0x2 
 .text.__i2b    0x000000000800d2a4       0x2c /home/ugenix/st/stm32cubeide_1.10.0/plugins/com.st.stm32cube.ide.mcu.externaltools.gnu-tools-for-stm32.10.3-2021.10.linux64_1.0.0.202111181127/tools/bin/../lib/gcc/arm-none-eabi/10.3.1/../../../../arm-none-eabi/lib/thumb/v7e-m+fp/hard/libc_nano.a(lib_a-mprec.o)
                0x000000000800d2a4                __i2b
 .text.__multiply
                0x000000000800d2d0      0x154 /home/ugenix/st/stm32cubeide_1.10.0/plugins/com.st.stm32cube.ide.mcu.externaltools.gnu-tools-for-stm32.10.3-2021.10.linux64_1.0.0.202111181127/tools/bin/../lib/gcc/arm-none-eabi/10.3.1/../../../../arm-none-eabi/lib/thumb/v7e-m+fp/hard/libc_nano.a(lib_a-mprec.o)
                0x000000000800d2d0                __multiply
 .text.__pow5mult
                0x000000000800d424       0xb4 /home/ugenix/st/stm32cubeide_1.10.0/plugins/com.st.stm32cube.ide.mcu.externaltools.gnu-tools-for-stm32.10.3-2021.10.linux64_1.0.0.202111181127/tools/bin/../lib/gcc/arm-none-eabi/10.3.1/../../../../arm-none-eabi/lib/thumb/v7e-m+fp/hard/libc_nano.a(lib_a-mprec.o)
                0x000000000800d424                __pow5mult
 .text.__lshift
                0x000000000800d4d8       0xe0 /home/ugenix/st/stm32cubeide_1.10.0/plugins/com.st.stm32cube.ide.mcu.externaltools.gnu-tools-for-stm32.10.3-2021.10.linux64_1.0.0.202111181127/tools/bin/../lib/gcc/arm-none-eabi/10.3.1/../../../../arm-none-eabi/lib/thumb/v7e-m+fp/hard/libc_nano.a(lib_a-mprec.o)
                0x000000000800d4d8                __lshift
 .text.__mcmp   0x000000000800d5b8       0x38 /home/ugenix/st/stm32cubeide_1.10.0/plugins/com.st.stm32cube.ide.mcu.externaltools.gnu-tools-for-stm32.10.3-2021.10.linux64_1.0.0.202111181127/tools/bin/../lib/gcc/arm-none-eabi/10.3.1/../../../../arm-none-eabi/lib/thumb/v7e-m+fp/hard/libc_nano.a(lib_a-mprec.o)
                0x000000000800d5b8                __mcmp
 .text.__mdiff  0x000000000800d5f0      0x114 /home/ugenix/st/stm32cubeide_1.10.0/plugins/com.st.stm32cube.ide.mcu.externaltools.gnu-tools-for-stm32.10.3-2021.10.linux64_1.0.0.202111181127/tools/bin/../lib/gcc/arm-none-eabi/10.3.1/../../../../arm-none-eabi/lib/thumb/v7e-m+fp/hard/libc_nano.a(lib_a-mprec.o)
                0x000000000800d5f0                __mdiff
 .text.__ulp    0x000000000800d704       0x58 /home/ugenix/st/stm32cubeide_1.10.0/plugins/com.st.stm32cube.ide.mcu.externaltools.gnu-tools-for-stm32.10.3-2021.10.linux64_1.0.0.202111181127/tools/bin/../lib/gcc/arm-none-eabi/10.3.1/../../../../arm-none-eabi/lib/thumb/v7e-m+fp/hard/libc_nano.a(lib_a-mprec.o)
                0x000000000800d704                __ulp
 .text.__b2d    0x000000000800d75c       0xa0 /home/ugenix/st/stm32cubeide_1.10.0/plugins/com.st.stm32cube.ide.mcu.externaltools.gnu-tools-for-stm32.10.3-2021.10.linux64_1.0.0.202111181127/tools/bin/../lib/gcc/arm-none-eabi/10.3.1/../../../../arm-none-eabi/lib/thumb/v7e-m+fp/hard/libc_nano.a(lib_a-mprec.o)
                0x000000000800d75c                __b2d
 .text.__d2b    0x000000000800d7fc       0xb8 /home/ugenix/st/stm32cubeide_1.10.0/plugins/com.st.stm32cube.ide.mcu.externaltools.gnu-tools-for-stm32.10.3-2021.10.linux64_1.0.0.202111181127/tools/bin/../lib/gcc/arm-none-eabi/10.3.1/../../../../arm-none-eabi/lib/thumb/v7e-m+fp/hard/libc_nano.a(lib_a-mprec.o)
                0x000000000800d7fc                __d2b
 .text.__ratio  0x000000000800d8b4       0x66 /home/ugenix/st/stm32cubeide_1.10.0/plugins/com.st.stm32cube.ide.mcu.externaltools.gnu-tools-for-stm32.10.3-2021.10.linux64_1.0.0.202111181127/tools/bin/../lib/gcc/arm-none-eabi/10.3.1/../../../../arm-none-eabi/lib/thumb/v7e-m+fp/hard/libc_nano.a(lib_a-mprec.o)
                0x000000000800d8b4                __ratio
 .text.__copybits
                0x000000000800d91a       0x46 /home/ugenix/st/stm32cubeide_1.10.0/plugins/com.st.stm32cube.ide.mcu.externaltools.gnu-tools-for-stm32.10.3-2021.10.linux64_1.0.0.202111181127/tools/bin/../lib/gcc/arm-none-eabi/10.3.1/../../../../arm-none-eabi/lib/thumb/v7e-m+fp/hard/libc_nano.a(lib_a-mprec.o)
                0x000000000800d91a                __copybits
 .text.__any_on
                0x000000000800d960       0x42 /home/ugenix/st/stm32cubeide_1.10.0/plugins/com.st.stm32cube.ide.mcu.externaltools.gnu-tools-for-stm32.10.3-2021.10.linux64_1.0.0.202111181127/tools/bin/../lib/gcc/arm-none-eabi/10.3.1/../../../../arm-none-eabi/lib/thumb/v7e-m+fp/hard/libc_nano.a(lib_a-mprec.o)
                0x000000000800d960                __any_on
 .text._calloc_r
                0x000000000800d9a2       0x2c /home/ugenix/st/stm32cubeide_1.10.0/plugins/com.st.stm32cube.ide.mcu.externaltools.gnu-tools-for-stm32.10.3-2021.10.linux64_1.0.0.202111181127/tools/bin/../lib/gcc/arm-none-eabi/10.3.1/../../../../arm-none-eabi/lib/thumb/v7e-m+fp/hard/libc_nano.a(lib_a-nano-callocr.o)
                0x000000000800d9a2                _calloc_r
 *fill*         0x000000000800d9ce        0x2 
 .text._free_r  0x000000000800d9d0       0x98 /home/ugenix/st/stm32cubeide_1.10.0/plugins/com.st.stm32cube.ide.mcu.externaltools.gnu-tools-for-stm32.10.3-2021.10.linux64_1.0.0.202111181127/tools/bin/../lib/gcc/arm-none-eabi/10.3.1/../../../../arm-none-eabi/lib/thumb/v7e-m+fp/hard/libc_nano.a(lib_a-nano-freer.o)
                0x000000000800d9d0                _free_r
 .text.sbrk_aligned
                0x000000000800da68       0x40 /home/ugenix/st/stm32cubeide_1.10.0/plugins/com.st.stm32cube.ide.mcu.externaltools.gnu-tools-for-stm32.10.3-2021.10.linux64_1.0.0.202111181127/tools/bin/../lib/gcc/arm-none-eabi/10.3.1/../../../../arm-none-eabi/lib/thumb/v7e-m+fp/hard/libc_nano.a(lib_a-nano-mallocr.o)
 .text._malloc_r
                0x000000000800daa8       0xe8 /home/ugenix/st/stm32cubeide_1.10.0/plugins/com.st.stm32cube.ide.mcu.externaltools.gnu-tools-for-stm32.10.3-2021.10.linux64_1.0.0.202111181127/tools/bin/../lib/gcc/arm-none-eabi/10.3.1/../../../../arm-none-eabi/lib/thumb/v7e-m+fp/hard/libc_nano.a(lib_a-nano-mallocr.o)
                0x000000000800daa8                _malloc_r
 .text.__ssputs_r
                0x000000000800db90       0xb6 /home/ugenix/st/stm32cubeide_1.10.0/plugins/com.st.stm32cube.ide.mcu.externaltools.gnu-tools-for-stm32.10.3-2021.10.linux64_1.0.0.202111181127/tools/bin/../lib/gcc/arm-none-eabi/10.3.1/../../../../arm-none-eabi/lib/thumb/v7e-m+fp/hard/libc_nano.a(lib_a-nano-svfprintf.o)
                0x000000000800db90                __ssputs_r
 *fill*         0x000000000800dc46        0x2 
 .text._svfprintf_r
                0x000000000800dc48      0x200 /home/ugenix/st/stm32cubeide_1.10.0/plugins/com.st.stm32cube.ide.mcu.externaltools.gnu-tools-for-stm32.10.3-2021.10.linux64_1.0.0.202111181127/tools/bin/../lib/gcc/arm-none-eabi/10.3.1/../../../../arm-none-eabi/lib/thumb/v7e-m+fp/hard/libc_nano.a(lib_a-nano-svfprintf.o)
                0x000000000800dc48                _svfprintf_r
                0x000000000800dc48                _svfiprintf_r
 .text.nan      0x000000000800de48       0x10 /home/ugenix/st/stm32cubeide_1.10.0/plugins/com.st.stm32cube.ide.mcu.externaltools.gnu-tools-for-stm32.10.3-2021.10.linux64_1.0.0.202111181127/tools/bin/../lib/gcc/arm-none-eabi/10.3.1/../../../../arm-none-eabi/lib/thumb/v7e-m+fp/hard/libc_nano.a(lib_a-s_nan.o)
                0x000000000800de48                nan
 .text._sbrk_r  0x000000000800de58       0x20 /home/ugenix/st/stm32cubeide_1.10.0/plugins/com.st.stm32cube.ide.mcu.externaltools.gnu-tools-for-stm32.10.3-2021.10.linux64_1.0.0.202111181127/tools/bin/../lib/gcc/arm-none-eabi/10.3.1/../../../../arm-none-eabi/lib/thumb/v7e-m+fp/hard/libc_nano.a(lib_a-sbrkr.o)
                0x000000000800de58                _sbrk_r
 .text.strncmp  0x000000000800de78       0x28 /home/ugenix/st/stm32cubeide_1.10.0/plugins/com.st.stm32cube.ide.mcu.externaltools.gnu-tools-for-stm32.10.3-2021.10.linux64_1.0.0.202111181127/tools/bin/../lib/gcc/arm-none-eabi/10.3.1/../../../../arm-none-eabi/lib/thumb/v7e-m+fp/hard/libc_nano.a(lib_a-strncmp.o)
                0x000000000800de78                strncmp
 .text.__ascii_wctomb
                0x000000000800dea0       0x1a /home/ugenix/st/stm32cubeide_1.10.0/plugins/com.st.stm32cube.ide.mcu.externaltools.gnu-tools-for-stm32.10.3-2021.10.linux64_1.0.0.202111181127/tools/bin/../lib/gcc/arm-none-eabi/10.3.1/../../../../arm-none-eabi/lib/thumb/v7e-m+fp/hard/libc_nano.a(lib_a-wctomb_r.o)
                0x000000000800dea0                __ascii_wctomb
 *fill*         0x000000000800deba        0x2 
 .text.__assert_func
                0x000000000800debc       0x3c /home/ugenix/st/stm32cubeide_1.10.0/plugins/com.st.stm32cube.ide.mcu.externaltools.gnu-tools-for-stm32.10.3-2021.10.linux64_1.0.0.202111181127/tools/bin/../lib/gcc/arm-none-eabi/10.3.1/../../../../arm-none-eabi/lib/thumb/v7e-m+fp/hard/libc_nano.a(lib_a-assert.o)
                0x000000000800debc                __assert_func
 .text.fprintf  0x000000000800def8       0x24 /home/ugenix/st/stm32cubeide_1.10.0/plugins/com.st.stm32cube.ide.mcu.externaltools.gnu-tools-for-stm32.10.3-2021.10.linux64_1.0.0.202111181127/tools/bin/../lib/gcc/arm-none-eabi/10.3.1/../../../../arm-none-eabi/lib/thumb/v7e-m+fp/hard/libc_nano.a(lib_a-fprintf.o)
                0x000000000800def8                fprintf
                0x000000000800def8                fiprintf
 .text.memmove  0x000000000800df1c       0x34 /home/ugenix/st/stm32cubeide_1.10.0/plugins/com.st.stm32cube.ide.mcu.externaltools.gnu-tools-for-stm32.10.3-2021.10.linux64_1.0.0.202111181127/tools/bin/../lib/gcc/arm-none-eabi/10.3.1/../../../../arm-none-eabi/lib/thumb/v7e-m+fp/hard/libc_nano.a(lib_a-memmove.o)
                0x000000000800df1c                memmove
 .text.__malloc_lock
                0x000000000800df50        0xc /home/ugenix/st/stm32cubeide_1.10.0/plugins/com.st.stm32cube.ide.mcu.externaltools.gnu-tools-for-stm32.10.3-2021.10.linux64_1.0.0.202111181127/tools/bin/../lib/gcc/arm-none-eabi/10.3.1/../../../../arm-none-eabi/lib/thumb/v7e-m+fp/hard/libc_nano.a(lib_a-mlock.o)
                0x000000000800df50                __malloc_lock
 .text.__malloc_unlock
                0x000000000800df5c        0xc /home/ugenix/st/stm32cubeide_1.10.0/plugins/com.st.stm32cube.ide.mcu.externaltools.gnu-tools-for-stm32.10.3-2021.10.linux64_1.0.0.202111181127/tools/bin/../lib/gcc/arm-none-eabi/10.3.1/../../../../arm-none-eabi/lib/thumb/v7e-m+fp/hard/libc_nano.a(lib_a-mlock.o)
                0x000000000800df5c                __malloc_unlock
 .text._realloc_r
                0x000000000800df68       0x5e /home/ugenix/st/stm32cubeide_1.10.0/plugins/com.st.stm32cube.ide.mcu.externaltools.gnu-tools-for-stm32.10.3-2021.10.linux64_1.0.0.202111181127/tools/bin/../lib/gcc/arm-none-eabi/10.3.1/../../../../arm-none-eabi/lib/thumb/v7e-m+fp/hard/libc_nano.a(lib_a-nano-reallocr.o)
                0x000000000800df68                _realloc_r
 .text.__sfputc_r
                0x000000000800dfc6       0x2e /home/ugenix/st/stm32cubeide_1.10.0/plugins/com.st.stm32cube.ide.mcu.externaltools.gnu-tools-for-stm32.10.3-2021.10.linux64_1.0.0.202111181127/tools/bin/../lib/gcc/arm-none-eabi/10.3.1/../../../../arm-none-eabi/lib/thumb/v7e-m+fp/hard/libc_nano.a(lib_a-nano-vfprintf.o)
 .text.__sfputs_r
                0x000000000800dff4       0x24 /home/ugenix/st/stm32cubeide_1.10.0/plugins/com.st.stm32cube.ide.mcu.externaltools.gnu-tools-for-stm32.10.3-2021.10.linux64_1.0.0.202111181127/tools/bin/../lib/gcc/arm-none-eabi/10.3.1/../../../../arm-none-eabi/lib/thumb/v7e-m+fp/hard/libc_nano.a(lib_a-nano-vfprintf.o)
                0x000000000800dff4                __sfputs_r
 .text._vfprintf_r
                0x000000000800e018      0x260 /home/ugenix/st/stm32cubeide_1.10.0/plugins/com.st.stm32cube.ide.mcu.externaltools.gnu-tools-for-stm32.10.3-2021.10.linux64_1.0.0.202111181127/tools/bin/../lib/gcc/arm-none-eabi/10.3.1/../../../../arm-none-eabi/lib/thumb/v7e-m+fp/hard/libc_nano.a(lib_a-nano-vfprintf.o)
                0x000000000800e018                _vfiprintf_r
                0x000000000800e018                _vfprintf_r
 .text.__swbuf_r
                0x000000000800e278       0xa4 /home/ugenix/st/stm32cubeide_1.10.0/plugins/com.st.stm32cube.ide.mcu.externaltools.gnu-tools-for-stm32.10.3-2021.10.linux64_1.0.0.202111181127/tools/bin/../lib/gcc/arm-none-eabi/10.3.1/../../../../arm-none-eabi/lib/thumb/v7e-m+fp/hard/libc_nano.a(lib_a-wbuf.o)
                0x000000000800e278                __swbuf_r
 .text.__swsetup_r
                0x000000000800e31c       0xdc /home/ugenix/st/stm32cubeide_1.10.0/plugins/com.st.stm32cube.ide.mcu.externaltools.gnu-tools-for-stm32.10.3-2021.10.linux64_1.0.0.202111181127/tools/bin/../lib/gcc/arm-none-eabi/10.3.1/../../../../arm-none-eabi/lib/thumb/v7e-m+fp/hard/libc_nano.a(lib_a-wsetup.o)
                0x000000000800e31c                __swsetup_r
 .text.abort    0x000000000800e3f8        0xe /home/ugenix/st/stm32cubeide_1.10.0/plugins/com.st.stm32cube.ide.mcu.externaltools.gnu-tools-for-stm32.10.3-2021.10.linux64_1.0.0.202111181127/tools/bin/../lib/gcc/arm-none-eabi/10.3.1/../../../../arm-none-eabi/lib/thumb/v7e-m+fp/hard/libc_nano.a(lib_a-abort.o)
                0x000000000800e3f8                abort
 *fill*         0x000000000800e406        0x2 
 .text.__sflush_r
                0x000000000800e408      0x10c /home/ugenix/st/stm32cubeide_1.10.0/plugins/com.st.stm32cube.ide.mcu.externaltools.gnu-tools-for-stm32.10.3-2021.10.linux64_1.0.0.202111181127/tools/bin/../lib/gcc/arm-none-eabi/10.3.1/../../../../arm-none-eabi/lib/thumb/v7e-m+fp/hard/libc_nano.a(lib_a-fflush.o)
                0x000000000800e408                __sflush_r
 .text._fflush_r
                0x000000000800e514       0x78 /home/ugenix/st/stm32cubeide_1.10.0/plugins/com.st.stm32cube.ide.mcu.externaltools.gnu-tools-for-stm32.10.3-2021.10.linux64_1.0.0.202111181127/tools/bin/../lib/gcc/arm-none-eabi/10.3.1/../../../../arm-none-eabi/lib/thumb/v7e-m+fp/hard/libc_nano.a(lib_a-fflush.o)
                0x000000000800e514                _fflush_r
 .text.std      0x000000000800e58c       0x48 /home/ugenix/st/stm32cubeide_1.10.0/plugins/com.st.stm32cube.ide.mcu.externaltools.gnu-tools-for-stm32.10.3-2021.10.linux64_1.0.0.202111181127/tools/bin/../lib/gcc/arm-none-eabi/10.3.1/../../../../arm-none-eabi/lib/thumb/v7e-m+fp/hard/libc_nano.a(lib_a-findfp.o)
 .text._cleanup_r
                0x000000000800e5d4        0xc /home/ugenix/st/stm32cubeide_1.10.0/plugins/com.st.stm32cube.ide.mcu.externaltools.gnu-tools-for-stm32.10.3-2021.10.linux64_1.0.0.202111181127/tools/bin/../lib/gcc/arm-none-eabi/10.3.1/../../../../arm-none-eabi/lib/thumb/v7e-m+fp/hard/libc_nano.a(lib_a-findfp.o)
                0x000000000800e5d4                _cleanup_r
 .text.__sfmoreglue
                0x000000000800e5e0       0x2c /home/ugenix/st/stm32cubeide_1.10.0/plugins/com.st.stm32cube.ide.mcu.externaltools.gnu-tools-for-stm32.10.3-2021.10.linux64_1.0.0.202111181127/tools/bin/../lib/gcc/arm-none-eabi/10.3.1/../../../../arm-none-eabi/lib/thumb/v7e-m+fp/hard/libc_nano.a(lib_a-findfp.o)
                0x000000000800e5e0                __sfmoreglue
 .text.__sfp_lock_acquire
                0x000000000800e60c        0xc /home/ugenix/st/stm32cubeide_1.10.0/plugins/com.st.stm32cube.ide.mcu.externaltools.gnu-tools-for-stm32.10.3-2021.10.linux64_1.0.0.202111181127/tools/bin/../lib/gcc/arm-none-eabi/10.3.1/../../../../arm-none-eabi/lib/thumb/v7e-m+fp/hard/libc_nano.a(lib_a-findfp.o)
                0x000000000800e60c                __sfp_lock_acquire
 .text.__sfp_lock_release
                0x000000000800e618        0xc /home/ugenix/st/stm32cubeide_1.10.0/plugins/com.st.stm32cube.ide.mcu.externaltools.gnu-tools-for-stm32.10.3-2021.10.linux64_1.0.0.202111181127/tools/bin/../lib/gcc/arm-none-eabi/10.3.1/../../../../arm-none-eabi/lib/thumb/v7e-m+fp/hard/libc_nano.a(lib_a-findfp.o)
                0x000000000800e618                __sfp_lock_release
 .text.__sinit_lock_acquire
                0x000000000800e624        0xc /home/ugenix/st/stm32cubeide_1.10.0/plugins/com.st.stm32cube.ide.mcu.externaltools.gnu-tools-for-stm32.10.3-2021.10.linux64_1.0.0.202111181127/tools/bin/../lib/gcc/arm-none-eabi/10.3.1/../../../../arm-none-eabi/lib/thumb/v7e-m+fp/hard/libc_nano.a(lib_a-findfp.o)
                0x000000000800e624                __sinit_lock_acquire
 .text.__sinit_lock_release
                0x000000000800e630        0xc /home/ugenix/st/stm32cubeide_1.10.0/plugins/com.st.stm32cube.ide.mcu.externaltools.gnu-tools-for-stm32.10.3-2021.10.linux64_1.0.0.202111181127/tools/bin/../lib/gcc/arm-none-eabi/10.3.1/../../../../arm-none-eabi/lib/thumb/v7e-m+fp/hard/libc_nano.a(lib_a-findfp.o)
                0x000000000800e630                __sinit_lock_release
 .text.__sinit  0x000000000800e63c       0x70 /home/ugenix/st/stm32cubeide_1.10.0/plugins/com.st.stm32cube.ide.mcu.externaltools.gnu-tools-for-stm32.10.3-2021.10.linux64_1.0.0.202111181127/tools/bin/../lib/gcc/arm-none-eabi/10.3.1/../../../../arm-none-eabi/lib/thumb/v7e-m+fp/hard/libc_nano.a(lib_a-findfp.o)
                0x000000000800e63c                __sinit
 .text.__sfp    0x000000000800e6ac       0x8c /home/ugenix/st/stm32cubeide_1.10.0/plugins/com.st.stm32cube.ide.mcu.externaltools.gnu-tools-for-stm32.10.3-2021.10.linux64_1.0.0.202111181127/tools/bin/../lib/gcc/arm-none-eabi/10.3.1/../../../../arm-none-eabi/lib/thumb/v7e-m+fp/hard/libc_nano.a(lib_a-findfp.o)
                0x000000000800e6ac                __sfp
 .text._fwalk_reent
                0x000000000800e738       0x3e /home/ugenix/st/stm32cubeide_1.10.0/plugins/com.st.stm32cube.ide.mcu.externaltools.gnu-tools-for-stm32.10.3-2021.10.linux64_1.0.0.202111181127/tools/bin/../lib/gcc/arm-none-eabi/10.3.1/../../../../arm-none-eabi/lib/thumb/v7e-m+fp/hard/libc_nano.a(lib_a-fwalk.o)
                0x000000000800e738                _fwalk_reent
 .text.__retarget_lock_init_recursive
                0x000000000800e776        0x2 /home/ugenix/st/stm32cubeide_1.10.0/plugins/com.st.stm32cube.ide.mcu.externaltools.gnu-tools-for-stm32.10.3-2021.10.linux64_1.0.0.202111181127/tools/bin/../lib/gcc/arm-none-eabi/10.3.1/../../../../arm-none-eabi/lib/thumb/v7e-m+fp/hard/libc_nano.a(lib_a-lock.o)
                0x000000000800e776                __retarget_lock_init_recursive
 .text.__retarget_lock_acquire_recursive
                0x000000000800e778        0x2 /home/ugenix/st/stm32cubeide_1.10.0/plugins/com.st.stm32cube.ide.mcu.externaltools.gnu-tools-for-stm32.10.3-2021.10.linux64_1.0.0.202111181127/tools/bin/../lib/gcc/arm-none-eabi/10.3.1/../../../../arm-none-eabi/lib/thumb/v7e-m+fp/hard/libc_nano.a(lib_a-lock.o)
                0x000000000800e778                __retarget_lock_acquire_recursive
 .text.__retarget_lock_release_recursive
                0x000000000800e77a        0x2 /home/ugenix/st/stm32cubeide_1.10.0/plugins/com.st.stm32cube.ide.mcu.externaltools.gnu-tools-for-stm32.10.3-2021.10.linux64_1.0.0.202111181127/tools/bin/../lib/gcc/arm-none-eabi/10.3.1/../../../../arm-none-eabi/lib/thumb/v7e-m+fp/hard/libc_nano.a(lib_a-lock.o)
                0x000000000800e77a                __retarget_lock_release_recursive
 .text.__swhatbuf_r
                0x000000000800e77c       0x4a /home/ugenix/st/stm32cubeide_1.10.0/plugins/com.st.stm32cube.ide.mcu.externaltools.gnu-tools-for-stm32.10.3-2021.10.linux64_1.0.0.202111181127/tools/bin/../lib/gcc/arm-none-eabi/10.3.1/../../../../arm-none-eabi/lib/thumb/v7e-m+fp/hard/libc_nano.a(lib_a-makebuf.o)
                0x000000000800e77c                __swhatbuf_r
 *fill*         0x000000000800e7c6        0x2 
 .text.__smakebuf_r
                0x000000000800e7c8       0x80 /home/ugenix/st/stm32cubeide_1.10.0/plugins/com.st.stm32cube.ide.mcu.externaltools.gnu-tools-for-stm32.10.3-2021.10.linux64_1.0.0.202111181127/tools/bin/../lib/gcc/arm-none-eabi/10.3.1/../../../../arm-none-eabi/lib/thumb/v7e-m+fp/hard/libc_nano.a(lib_a-makebuf.o)
                0x000000000800e7c8                __smakebuf_r
 .text._malloc_usable_size_r
                0x000000000800e848       0x10 /home/ugenix/st/stm32cubeide_1.10.0/plugins/com.st.stm32cube.ide.mcu.externaltools.gnu-tools-for-stm32.10.3-2021.10.linux64_1.0.0.202111181127/tools/bin/../lib/gcc/arm-none-eabi/10.3.1/../../../../arm-none-eabi/lib/thumb/v7e-m+fp/hard/libc_nano.a(lib_a-nano-msizer.o)
                0x000000000800e848                _malloc_usable_size_r
 .text._raise_r
                0x000000000800e858       0x50 /home/ugenix/st/stm32cubeide_1.10.0/plugins/com.st.stm32cube.ide.mcu.externaltools.gnu-tools-for-stm32.10.3-2021.10.linux64_1.0.0.202111181127/tools/bin/../lib/gcc/arm-none-eabi/10.3.1/../../../../arm-none-eabi/lib/thumb/v7e-m+fp/hard/libc_nano.a(lib_a-signal.o)
                0x000000000800e858                _raise_r
 .text.raise    0x000000000800e8a8       0x10 /home/ugenix/st/stm32cubeide_1.10.0/plugins/com.st.stm32cube.ide.mcu.externaltools.gnu-tools-for-stm32.10.3-2021.10.linux64_1.0.0.202111181127/tools/bin/../lib/gcc/arm-none-eabi/10.3.1/../../../../arm-none-eabi/lib/thumb/v7e-m+fp/hard/libc_nano.a(lib_a-signal.o)
                0x000000000800e8a8                raise
 .text._kill_r  0x000000000800e8b8       0x24 /home/ugenix/st/stm32cubeide_1.10.0/plugins/com.st.stm32cube.ide.mcu.externaltools.gnu-tools-for-stm32.10.3-2021.10.linux64_1.0.0.202111181127/tools/bin/../lib/gcc/arm-none-eabi/10.3.1/../../../../arm-none-eabi/lib/thumb/v7e-m+fp/hard/libc_nano.a(lib_a-signalr.o)
                0x000000000800e8b8                _kill_r
 .text._getpid_r
                0x000000000800e8dc        0x4 /home/ugenix/st/stm32cubeide_1.10.0/plugins/com.st.stm32cube.ide.mcu.externaltools.gnu-tools-for-stm32.10.3-2021.10.linux64_1.0.0.202111181127/tools/bin/../lib/gcc/arm-none-eabi/10.3.1/../../../../arm-none-eabi/lib/thumb/v7e-m+fp/hard/libc_nano.a(lib_a-signalr.o)
                0x000000000800e8dc                _getpid_r
 .text.__sread  0x000000000800e8e0       0x22 /home/ugenix/st/stm32cubeide_1.10.0/plugins/com.st.stm32cube.ide.mcu.externaltools.gnu-tools-for-stm32.10.3-2021.10.linux64_1.0.0.202111181127/tools/bin/../lib/gcc/arm-none-eabi/10.3.1/../../../../arm-none-eabi/lib/thumb/v7e-m+fp/hard/libc_nano.a(lib_a-stdio.o)
                0x000000000800e8e0                __sread
 .text.__swrite
                0x000000000800e902       0x38 /home/ugenix/st/stm32cubeide_1.10.0/plugins/com.st.stm32cube.ide.mcu.externaltools.gnu-tools-for-stm32.10.3-2021.10.linux64_1.0.0.202111181127/tools/bin/../lib/gcc/arm-none-eabi/10.3.1/../../../../arm-none-eabi/lib/thumb/v7e-m+fp/hard/libc_nano.a(lib_a-stdio.o)
                0x000000000800e902                __swrite
 .text.__sseek  0x000000000800e93a       0x24 /home/ugenix/st/stm32cubeide_1.10.0/plugins/com.st.stm32cube.ide.mcu.externaltools.gnu-tools-for-stm32.10.3-2021.10.linux64_1.0.0.202111181127/tools/bin/../lib/gcc/arm-none-eabi/10.3.1/../../../../arm-none-eabi/lib/thumb/v7e-m+fp/hard/libc_nano.a(lib_a-stdio.o)
                0x000000000800e93a                __sseek
 .text.__sclose
                0x000000000800e95e        0x8 /home/ugenix/st/stm32cubeide_1.10.0/plugins/com.st.stm32cube.ide.mcu.externaltools.gnu-tools-for-stm32.10.3-2021.10.linux64_1.0.0.202111181127/tools/bin/../lib/gcc/arm-none-eabi/10.3.1/../../../../arm-none-eabi/lib/thumb/v7e-m+fp/hard/libc_nano.a(lib_a-stdio.o)
                0x000000000800e95e                __sclose
 *fill*         0x000000000800e966        0x2 
 .text._write_r
                0x000000000800e968       0x24 /home/ugenix/st/stm32cubeide_1.10.0/plugins/com.st.stm32cube.ide.mcu.externaltools.gnu-tools-for-stm32.10.3-2021.10.linux64_1.0.0.202111181127/tools/bin/../lib/gcc/arm-none-eabi/10.3.1/../../../../arm-none-eabi/lib/thumb/v7e-m+fp/hard/libc_nano.a(lib_a-writer.o)
                0x000000000800e968                _write_r
 .text._close_r
                0x000000000800e98c       0x20 /home/ugenix/st/stm32cubeide_1.10.0/plugins/com.st.stm32cube.ide.mcu.externaltools.gnu-tools-for-stm32.10.3-2021.10.linux64_1.0.0.202111181127/tools/bin/../lib/gcc/arm-none-eabi/10.3.1/../../../../arm-none-eabi/lib/thumb/v7e-m+fp/hard/libc_nano.a(lib_a-closer.o)
                0x000000000800e98c                _close_r
 .text._fstat_r
                0x000000000800e9ac       0x24 /home/ugenix/st/stm32cubeide_1.10.0/plugins/com.st.stm32cube.ide.mcu.externaltools.gnu-tools-for-stm32.10.3-2021.10.linux64_1.0.0.202111181127/tools/bin/../lib/gcc/arm-none-eabi/10.3.1/../../../../arm-none-eabi/lib/thumb/v7e-m+fp/hard/libc_nano.a(lib_a-fstatr.o)
                0x000000000800e9ac                _fstat_r
 .text._isatty_r
                0x000000000800e9d0       0x20 /home/ugenix/st/stm32cubeide_1.10.0/plugins/com.st.stm32cube.ide.mcu.externaltools.gnu-tools-for-stm32.10.3-2021.10.linux64_1.0.0.202111181127/tools/bin/../lib/gcc/arm-none-eabi/10.3.1/../../../../arm-none-eabi/lib/thumb/v7e-m+fp/hard/libc_nano.a(lib_a-isattyr.o)
                0x000000000800e9d0                _isatty_r
 .text._lseek_r
                0x000000000800e9f0       0x24 /home/ugenix/st/stm32cubeide_1.10.0/plugins/com.st.stm32cube.ide.mcu.externaltools.gnu-tools-for-stm32.10.3-2021.10.linux64_1.0.0.202111181127/tools/bin/../lib/gcc/arm-none-eabi/10.3.1/../../../../arm-none-eabi/lib/thumb/v7e-m+fp/hard/libc_nano.a(lib_a-lseekr.o)
                0x000000000800e9f0                _lseek_r