../Core/Src/main.c:120:6:set_RGB	16	static
../Core/Src/main.c:127:6:leer_pulsador	24	static
../Core/Src/main.c:195:5:main	8	static
../Core/Src/main.c:337:6:SystemClock_Config	88	static
../Core/Src/main.c:384:13:MX_ADC1_Init	24	static
../Core/Src/main.c:436:13:MX_I2C1_Init	8	static
../Core/Src/main.c:470:13:MX_USART2_UART_Init	8	static
../Core/Src/main.c:503:13:MX_GPIO_Init	48	static
../Core/Src/main.c:596:6:StartDefaultTask	16	static
../Core/Src/main.c:614:6:MostrarDatosLCD	80	static
../Core/Src/main.c:647:6:LecturaBotones	16	static
../Core/Src/main.c:666:6:Lectura	24	static
../Core/Src/main.c:693:6:Error_Handler	4	static,ignoring_inline_asm
