../Core/Src/main.c:148:6:set_RGB	16	static
../Core/Src/main.c:160:5:main	8	static
../Core/Src/main.c:280:6:SystemClock_Config	88	static
../Core/Src/main.c:327:13:MX_ADC1_Init	24	static
../Core/Src/main.c:379:13:MX_I2C1_Init	8	static
../Core/Src/main.c:413:13:MX_I2C3_Init	8	static
../Core/Src/main.c:447:13:MX_USART2_UART_Init	8	static
../Core/Src/main.c:480:13:MX_GPIO_Init	48	static
../Core/Src/main.c:542:6:lcd_config	4	static
../Core/Src/main.c:559:6:lcd_rgb_init	16	static
../Core/Src/main.c:573:6:ds1307_init	8	static
../Core/Src/main.c:581:6:ssd1306_IniText	16	static
../Core/Src/main.c:604:6:HAL_UART_RxCpltCallback	24	static
../Core/Src/main.c:652:6:HAL_UART_TxCpltCallback	16	static
../Core/Src/main.c:657:6:HAL_GPIO_EXTI_Callback	16	static,ignoring_inline_asm
../Core/Src/main.c:723:6:StartDefaultTask	16	static
../Core/Src/main.c:745:6:MostrarDatosLCD	80	static
../Core/Src/main.c:778:6:Lectura	24	static
../Core/Src/main.c:808:6:SetRGB	16	static
../Core/Src/main.c:853:6:StartTask06	16	static
../Core/Src/main.c:873:6:Error_Handler	4	static,ignoring_inline_asm
